../Core/lvgl/src/core/../misc/lv_anim.h:119:20:lv_anim_set_var	16	static
../Core/lvgl/src/core/../misc/lv_anim.h:131:20:lv_anim_set_exec_cb	16	static
../Core/lvgl/src/core/../misc/lv_anim.h:141:20:lv_anim_set_time	16	static
../Core/lvgl/src/core/../misc/lv_anim.h:151:20:lv_anim_set_delay	16	static
../Core/lvgl/src/core/../misc/lv_anim.h:162:20:lv_anim_set_values	24	static
../Core/lvgl/src/core/../misc/lv_anim.h:199:20:lv_anim_set_start_cb	16	static
../Core/lvgl/src/core/../misc/lv_anim.h:220:20:lv_anim_set_ready_cb	16	static
../Core/lvgl/src/core/lv_disp.h:162:26:lv_scr_act	8	static
../Core/lvgl/src/core/lv_disp.c:49:12:lv_disp_get_scr_act	16	static
../Core/lvgl/src/core/lv_disp.c:66:12:lv_disp_get_scr_prev	16	static
../Core/lvgl/src/core/lv_disp.c:81:6:lv_disp_load_scr	24	static
../Core/lvgl/src/core/lv_disp.c:100:12:lv_disp_get_layer_top	16	static
../Core/lvgl/src/core/lv_disp.c:117:12:lv_disp_get_layer_sys	16	static
../Core/lvgl/src/core/lv_disp.c:132:6:lv_disp_set_theme	16	static
../Core/lvgl/src/core/lv_disp.c:149:14:lv_disp_get_theme	16	static
../Core/lvgl/src/core/lv_disp.c:160:6:lv_disp_set_bg_color	40	static
../Core/lvgl/src/core/lv_disp.c:181:6:lv_disp_set_bg_image	40	static
../Core/lvgl/src/core/lv_disp.c:201:6:lv_disp_set_bg_opa	40	static
../Core/lvgl/src/core/lv_disp.c:224:6:lv_scr_load_anim	168	static
../Core/lvgl/src/core/lv_disp.c:341:10:lv_disp_get_inactive_time	32	static
../Core/lvgl/src/core/lv_disp.c:361:6:lv_disp_trig_activity	16	static
../Core/lvgl/src/core/lv_disp.c:376:6:lv_disp_clean_dcache	16	static
../Core/lvgl/src/core/lv_disp.c:394:14:_lv_disp_get_refr_timer	16	static
../Core/lvgl/src/core/lv_disp.c:409:13:scr_load_anim_start	24	static
../Core/lvgl/src/core/lv_disp.c:417:13:opa_scale_anim	16	static
../Core/lvgl/src/core/lv_disp.c:422:13:set_x_anim	16	static
../Core/lvgl/src/core/lv_disp.c:427:13:set_y_anim	16	static
../Core/lvgl/src/core/lv_disp.c:432:13:scr_anim_ready	24	static
