../Core/lvgl/src/core/lv_group.c:45:6:_lv_group_init	8	static
../Core/lvgl/src/core/lv_group.c:50:14:lv_group_create	16	static
../Core/lvgl/src/core/lv_group.c:71:6:lv_group_del	32	static
../Core/lvgl/src/core/lv_group.c:90:6:lv_group_set_default	16	static
../Core/lvgl/src/core/lv_group.c:95:14:lv_group_get_default	4	static
../Core/lvgl/src/core/lv_group.c:100:6:lv_group_add_obj	32	static
../Core/lvgl/src/core/lv_group.c:142:6:lv_group_swap_obj	32	static
../Core/lvgl/src/core/lv_group.c:161:6:lv_group_remove_obj	32	static
../Core/lvgl/src/core/lv_group.c:202:6:lv_group_remove_all_objs	32	static
../Core/lvgl/src/core/lv_group.c:220:6:lv_group_focus_obj	40	static
../Core/lvgl/src/core/lv_group.c:253:6:lv_group_focus_next	16	static
../Core/lvgl/src/core/lv_group.c:258:6:lv_group_focus_prev	16	static
../Core/lvgl/src/core/lv_group.c:262:6:lv_group_focus_freeze	16	static
../Core/lvgl/src/core/lv_group.c:268:10:lv_group_send_data	24	static
../Core/lvgl/src/core/lv_group.c:275:6:lv_group_set_focus_cb	16	static
../Core/lvgl/src/core/lv_group.c:280:6:lv_group_set_editing	40	static
../Core/lvgl/src/core/lv_group.c:298:6:lv_group_set_refocus_policy	16	static
../Core/lvgl/src/core/lv_group.c:303:6:lv_group_set_wrap	16	static
../Core/lvgl/src/core/lv_group.c:308:12:lv_group_get_focused	16	static
../Core/lvgl/src/core/lv_group.c:316:21:lv_group_get_focus_cb	16	static
../Core/lvgl/src/core/lv_group.c:322:6:lv_group_get_editing	16	static
../Core/lvgl/src/core/lv_group.c:328:6:lv_group_get_wrap	16	static
../Core/lvgl/src/core/lv_group.c:333:10:lv_group_get_obj_count	16	static
../Core/lvgl/src/core/lv_group.c:341:13:lv_group_refocus	24	static
../Core/lvgl/src/core/lv_group.c:355:13:focus_next_core	56	static
../Core/lvgl/src/core/lv_group.c:435:21:get_indev	32	static
