../Core/lvgl/src/core/../draw/../misc/../font/../misc/lv_area.h:133:26:lv_area_get_width	16	static
../Core/lvgl/src/core/../draw/../misc/../font/../misc/lv_area.h:143:26:lv_area_get_height	16	static
../Core/lvgl/src/core/lv_obj_style_gen.h:55:26:lv_obj_get_style_transform_width	24	static
../Core/lvgl/src/core/lv_obj_style_gen.h:61:26:lv_obj_get_style_transform_height	24	static
../Core/lvgl/src/core/lv_obj_style_gen.h:127:26:lv_obj_get_style_radius	24	static
../Core/lvgl/src/core/lv_obj_style_gen.h:139:24:lv_obj_get_style_opa	24	static
../Core/lvgl/src/core/lv_obj_style_gen.h:176:31:lv_obj_get_style_blend_mode	24	static
../Core/lvgl/src/core/lv_obj_style_gen.h:200:26:lv_obj_get_style_bg_color_filtered	24	static
../Core/lvgl/src/core/lv_obj_style_gen.h:206:24:lv_obj_get_style_bg_opa	24	static
../Core/lvgl/src/core/lv_obj_style_gen.h:218:26:lv_obj_get_style_bg_grad_color_filtered	24	static
../Core/lvgl/src/core/lv_obj_style_gen.h:224:29:lv_obj_get_style_bg_grad_dir	24	static
../Core/lvgl/src/core/lv_obj_style_gen.h:230:26:lv_obj_get_style_bg_main_stop	24	static
../Core/lvgl/src/core/lv_obj_style_gen.h:236:26:lv_obj_get_style_bg_grad_stop	24	static
../Core/lvgl/src/core/lv_obj_style_gen.h:242:28:lv_obj_get_style_bg_img_src	24	static
../Core/lvgl/src/core/lv_obj_style_gen.h:248:24:lv_obj_get_style_bg_img_opa	24	static
../Core/lvgl/src/core/lv_obj_style_gen.h:260:26:lv_obj_get_style_bg_img_recolor_filtered	24	static
../Core/lvgl/src/core/lv_obj_style_gen.h:266:24:lv_obj_get_style_bg_img_recolor_opa	24	static
../Core/lvgl/src/core/lv_obj_style_gen.h:272:20:lv_obj_get_style_bg_img_tiled	24	static
../Core/lvgl/src/core/lv_obj_style_gen.h:284:26:lv_obj_get_style_border_color_filtered	24	static
../Core/lvgl/src/core/lv_obj_style_gen.h:290:24:lv_obj_get_style_border_opa	24	static
../Core/lvgl/src/core/lv_obj_style_gen.h:296:26:lv_obj_get_style_border_width	24	static
../Core/lvgl/src/core/lv_obj_style_gen.h:302:32:lv_obj_get_style_border_side	24	static
../Core/lvgl/src/core/lv_obj_style_gen.h:320:26:lv_obj_get_style_text_color_filtered	24	static
../Core/lvgl/src/core/lv_obj_style_gen.h:326:24:lv_obj_get_style_text_opa	24	static
../Core/lvgl/src/core/lv_obj_style_gen.h:332:33:lv_obj_get_style_text_font	24	static
../Core/lvgl/src/core/lv_obj_style_gen.h:338:26:lv_obj_get_style_text_letter_space	24	static
../Core/lvgl/src/core/lv_obj_style_gen.h:344:26:lv_obj_get_style_text_line_space	24	static
../Core/lvgl/src/core/lv_obj_style_gen.h:350:31:lv_obj_get_style_text_decor	24	static
../Core/lvgl/src/core/lv_obj_style_gen.h:356:31:lv_obj_get_style_text_align	24	static
../Core/lvgl/src/core/lv_obj_style_gen.h:362:24:lv_obj_get_style_img_opa	24	static
../Core/lvgl/src/core/lv_obj_style_gen.h:374:26:lv_obj_get_style_img_recolor_filtered	24	static
../Core/lvgl/src/core/lv_obj_style_gen.h:380:24:lv_obj_get_style_img_recolor_opa	24	static
../Core/lvgl/src/core/lv_obj_style_gen.h:386:26:lv_obj_get_style_outline_width	24	static
../Core/lvgl/src/core/lv_obj_style_gen.h:398:26:lv_obj_get_style_outline_color_filtered	24	static
../Core/lvgl/src/core/lv_obj_style_gen.h:404:24:lv_obj_get_style_outline_opa	24	static
../Core/lvgl/src/core/lv_obj_style_gen.h:410:26:lv_obj_get_style_outline_pad	24	static
../Core/lvgl/src/core/lv_obj_style_gen.h:416:26:lv_obj_get_style_shadow_width	24	static
../Core/lvgl/src/core/lv_obj_style_gen.h:422:26:lv_obj_get_style_shadow_ofs_x	24	static
../Core/lvgl/src/core/lv_obj_style_gen.h:428:26:lv_obj_get_style_shadow_ofs_y	24	static
../Core/lvgl/src/core/lv_obj_style_gen.h:434:26:lv_obj_get_style_shadow_spread	24	static
../Core/lvgl/src/core/lv_obj_style_gen.h:446:26:lv_obj_get_style_shadow_color_filtered	24	static
../Core/lvgl/src/core/lv_obj_style_gen.h:452:24:lv_obj_get_style_shadow_opa	24	static
../Core/lvgl/src/core/lv_obj_style_gen.h:458:26:lv_obj_get_style_line_width	24	static
../Core/lvgl/src/core/lv_obj_style_gen.h:464:26:lv_obj_get_style_line_dash_width	24	static
../Core/lvgl/src/core/lv_obj_style_gen.h:470:26:lv_obj_get_style_line_dash_gap	24	static
../Core/lvgl/src/core/lv_obj_style_gen.h:476:20:lv_obj_get_style_line_rounded	24	static
../Core/lvgl/src/core/lv_obj_style_gen.h:488:26:lv_obj_get_style_line_color_filtered	24	static
../Core/lvgl/src/core/lv_obj_style_gen.h:494:24:lv_obj_get_style_line_opa	24	static
../Core/lvgl/src/core/lv_obj_style_gen.h:500:26:lv_obj_get_style_arc_width	24	static
../Core/lvgl/src/core/lv_obj_style_gen.h:506:20:lv_obj_get_style_arc_rounded	24	static
../Core/lvgl/src/core/lv_obj_style_gen.h:518:26:lv_obj_get_style_arc_color_filtered	24	static
../Core/lvgl/src/core/lv_obj_style_gen.h:524:24:lv_obj_get_style_arc_opa	24	static
../Core/lvgl/src/core/lv_obj_style_gen.h:530:28:lv_obj_get_style_arc_img_src	24	static
../Core/lvgl/src/core/lv_obj_draw.c:39:6:lv_obj_init_draw_rect_dsc	40	static
../Core/lvgl/src/core/lv_obj_draw.c:185:6:lv_obj_init_draw_label_dsc	40	static
../Core/lvgl/src/core/lv_obj_draw.c:213:6:lv_obj_init_draw_img_dsc	40	static
../Core/lvgl/src/core/lv_obj_draw.c:238:6:lv_obj_init_draw_line_dsc	40	static
../Core/lvgl/src/core/lv_obj_draw.c:267:6:lv_obj_init_draw_arc_dsc	40	static
../Core/lvgl/src/core/lv_obj_draw.c:291:12:lv_obj_calculate_ext_draw_size	40	static
../Core/lvgl/src/core/lv_obj_draw.c:325:6:lv_obj_draw_dsc_init	16	static
../Core/lvgl/src/core/lv_obj_draw.c:331:6:lv_obj_draw_part_check_type	24	static
../Core/lvgl/src/core/lv_obj_draw.c:337:6:lv_obj_refresh_ext_draw_size	24	static
../Core/lvgl/src/core/lv_obj_draw.c:361:12:_lv_obj_get_ext_draw_size	16	static
