../Core/lvgl/src/core/../misc/../font/../misc/lv_area.h:120:20:lv_area_copy	16	static
../Core/lvgl/src/core/../misc/lv_style.h:353:24:lv_style_get_prop_inlined	48	static
../Core/lvgl/src/core/lv_obj_style.h:92:20:lv_obj_remove_style_all	16	static
../Core/lvgl/src/core/lv_obj_style_gen.h:1:26:lv_obj_get_style_width	24	static
../Core/lvgl/src/core/lv_obj_style_gen.h:19:26:lv_obj_get_style_height	24	static
../Core/lvgl/src/core/lv_obj_style_gen.h:49:26:lv_obj_get_style_align	24	static
../Core/lvgl/src/core/lv_obj_style_gen.h:55:26:lv_obj_get_style_transform_width	24	static
../Core/lvgl/src/core/lv_obj_style_gen.h:61:26:lv_obj_get_style_transform_height	24	static
../Core/lvgl/src/core/lv_obj_style_gen.h:91:26:lv_obj_get_style_pad_top	24	static
../Core/lvgl/src/core/lv_obj_style_gen.h:103:26:lv_obj_get_style_pad_left	24	static
../Core/lvgl/src/core/lv_obj_style_gen.h:127:26:lv_obj_get_style_radius	24	static
../Core/lvgl/src/core/lv_obj_style_gen.h:133:20:lv_obj_get_style_clip_corner	24	static
../Core/lvgl/src/core/lv_obj_style_gen.h:139:24:lv_obj_get_style_opa	24	static
../Core/lvgl/src/core/lv_obj_style_gen.h:176:31:lv_obj_get_style_blend_mode	24	static
../Core/lvgl/src/core/lv_obj_style_gen.h:182:24:lv_obj_get_style_layout	24	static
../Core/lvgl/src/core/lv_obj_style_gen.h:194:26:lv_obj_get_style_bg_color	24	static
../Core/lvgl/src/core/lv_obj_style_gen.h:206:24:lv_obj_get_style_bg_opa	24	static
../Core/lvgl/src/core/lv_obj_style_gen.h:278:26:lv_obj_get_style_border_color	24	static
../Core/lvgl/src/core/lv_obj_style_gen.h:290:24:lv_obj_get_style_border_opa	24	static
../Core/lvgl/src/core/lv_obj_style_gen.h:296:26:lv_obj_get_style_border_width	24	static
../Core/lvgl/src/core/lv_obj_style_gen.h:308:20:lv_obj_get_style_border_post	24	static
../Core/lvgl/src/core/lv_obj_style_gen.h:416:26:lv_obj_get_style_shadow_width	24	static
../Core/lvgl/src/core/lv_obj_style_gen.h:434:26:lv_obj_get_style_shadow_spread	24	static
../Core/lvgl/src/core/lv_obj_style_gen.h:440:26:lv_obj_get_style_shadow_color	24	static
../Core/lvgl/src/core/lv_obj_style_gen.h:452:24:lv_obj_get_style_shadow_opa	24	static
../Core/lvgl/src/core/lv_obj.c:91:6:lv_is_initialized	4	static
../Core/lvgl/src/core/lv_obj.c:96:6:lv_init	32	static
../Core/lvgl/src/core/lv_obj.c:189:6:lv_deinit	8	static
../Core/lvgl/src/core/lv_obj.c:208:12:lv_obj_create	24	static
../Core/lvgl/src/core/lv_obj.c:224:6:lv_obj_add_flag	40	static
../Core/lvgl/src/core/lv_obj.c:250:6:lv_obj_clear_flag	40	static
../Core/lvgl/src/core/lv_obj.c:276:6:lv_obj_add_state	24	static
../Core/lvgl/src/core/lv_obj.c:286:6:lv_obj_clear_state	24	static
../Core/lvgl/src/core/lv_obj.c:300:6:lv_obj_has_flag	16	static
../Core/lvgl/src/core/lv_obj.c:307:6:lv_obj_has_flag_any	16	static
../Core/lvgl/src/core/lv_obj.c:314:12:lv_obj_get_state	16	static
../Core/lvgl/src/core/lv_obj.c:321:6:lv_obj_has_state	16	static
../Core/lvgl/src/core/lv_obj.c:328:8:lv_obj_get_group	16	static
../Core/lvgl/src/core/lv_obj.c:340:6:lv_obj_allocate_spec_attr	16	static
../Core/lvgl/src/core/lv_obj.c:358:6:lv_obj_check_type	16	static
../Core/lvgl/src/core/lv_obj.c:364:6:lv_obj_has_class	24	static
../Core/lvgl/src/core/lv_obj.c:375:24:lv_obj_get_class	16	static
../Core/lvgl/src/core/lv_obj.c:380:6:lv_obj_is_valid	32	static
../Core/lvgl/src/core/lv_obj.c:401:13:lv_obj_constructor	32	static
../Core/lvgl/src/core/lv_obj.c:431:13:lv_obj_destructor	24	static
../Core/lvgl/src/core/lv_obj.c:464:13:lv_obj_draw	208	static
../Core/lvgl/src/core/lv_obj.c:604:13:draw_scrollbar	160	static
../Core/lvgl/src/core/lv_obj.c:644:17:scrollbar_init_draw_dsc	32	static
../Core/lvgl/src/core/lv_obj.c:696:13:lv_obj_event	120	static
../Core/lvgl/src/core/lv_obj.c:852:13:lv_obj_set_state	88	static
../Core/lvgl/src/core/lv_obj.c:925:13:obj_valid_child	32	static
