../Core/lvgl/src/extra/widgets/calendar/lv_calendar.c:328:16:get_month_length	0	static
../Core/lvgl/src/extra/widgets/calendar/lv_calendar.c:285:13:draw_part_begin_event_cb	16	static
../Core/lvgl/src/extra/widgets/calendar/lv_calendar.c:361:16:get_day_of_week.constprop	0	static
../Core/lvgl/src/extra/widgets/calendar/lv_calendar.c:375:13:highlight_update	24	static
../Core/lvgl/src/extra/widgets/calendar/lv_calendar.c:61:12:lv_calendar_create	8	static
../Core/lvgl/src/extra/widgets/calendar/lv_calendar.c:73:6:lv_calendar_set_day_names	0	static
../Core/lvgl/src/extra/widgets/calendar/lv_calendar.c:84:6:lv_calendar_set_today_date	4	static
../Core/lvgl/src/extra/widgets/calendar/lv_calendar.c:96:6:lv_calendar_set_highlighted_dates	0	static
../Core/lvgl/src/extra/widgets/calendar/lv_calendar.c:109:6:lv_calendar_set_showed_date	40	static
../Core/lvgl/src/extra/widgets/calendar/lv_calendar.c:239:13:lv_calendar_constructor	24	static
../Core/lvgl/src/extra/widgets/calendar/lv_calendar.c:168:28:lv_calendar_get_today_date	0	static
../Core/lvgl/src/extra/widgets/calendar/lv_calendar.c:181:28:lv_calendar_get_showed_date	0	static
../Core/lvgl/src/extra/widgets/calendar/lv_calendar.c:194:22:lv_calendar_get_highlighted_dates	0	static
../Core/lvgl/src/extra/widgets/calendar/lv_calendar.c:202:10:lv_calendar_get_highlighted_dates_num	0	static
../Core/lvgl/src/extra/widgets/calendar/lv_calendar.c:210:10:lv_calendar_get_pressed_date	16	static
