../Core/lvgl/src/draw/../misc/lv_area.h:133:26:lv_area_get_width	16	static
../Core/lvgl/src/draw/../misc/lv_color.h:613:26:lv_color_make	16	static
../Core/lvgl/src/draw/../misc/lv_color.h:689:26:lv_color_black	8	static
../Core/lvgl/src/draw/lv_draw_line.c:49:28:lv_draw_line_dsc_init	24	static
../Core/lvgl/src/draw/lv_draw_line.c:64:28:lv_draw_line	104	static
../Core/lvgl/src/draw/lv_draw_line.c:120:35:draw_line_hor	120	static
../Core/lvgl/src/draw/lv_draw_line.c:222:35:draw_line_ver	112	static
../Core/lvgl/src/draw/lv_draw_line.c:317:35:draw_line_skew	336	static
