../Core/lvgl/src/extra/widgets/imgbtn/lv_imgbtn.c:163:13:lv_imgbtn_constructor	8	static
../Core/lvgl/src/extra/widgets/imgbtn/lv_imgbtn.c:319:26:suggest_state	0	static
../Core/lvgl/src/extra/widgets/imgbtn/lv_imgbtn.c:56:12:lv_imgbtn_create	8	static
../Core/lvgl/src/extra/widgets/imgbtn/lv_imgbtn.c:121:14:lv_imgbtn_get_src_left	0	static
../Core/lvgl/src/extra/widgets/imgbtn/lv_imgbtn.c:136:14:lv_imgbtn_get_src_middle	0	static
../Core/lvgl/src/extra/widgets/imgbtn/lv_imgbtn.c:150:14:lv_imgbtn_get_src_right	0	static
../Core/lvgl/src/extra/widgets/imgbtn/lv_imgbtn.c:350:19:get_state	8	static
../Core/lvgl/src/extra/widgets/imgbtn/lv_imgbtn.c:288:13:refr_img	16	static
../Core/lvgl/src/extra/widgets/imgbtn/lv_imgbtn.c:79:6:lv_imgbtn_set_src	0	static
../Core/lvgl/src/extra/widgets/imgbtn/lv_imgbtn.c:93:6:lv_imgbtn_set_state	16	static
../Core/lvgl/src/extra/widgets/imgbtn/lv_imgbtn.c:176:13:lv_imgbtn_event	104	static
