../Core/menu/Scr/lvgl_menu.c:838:13:timer_50	0	static
../Core/menu/Scr/lvgl_menu.c:834:13:timer_500	0	static
../Core/menu/Scr/lvgl_menu.c:34:18:create_label	24	static
../Core/menu/Scr/lvgl_menu.c:187:13:set_angle	0	static
../Core/menu/Scr/lvgl_menu.c:190:13:set_zoom	0	static
../Core/menu/Scr/lvgl_menu.c:666:6:set_flag.part.0	0	static
../Core/menu/Scr/lvgl_menu.c:261:18:create_anim_image_cloud_zoom.constprop	96	static
../Core/menu/Scr/lvgl_menu.c:227:18:create_anim_image_rain_zoom.constprop	96	static
../Core/menu/Scr/lvgl_menu.c:193:18:create_anim_image_snow_zoom.constprop	96	static
../Core/menu/Scr/lvgl_menu.c:172:18:create_button_symbol.constprop	24	static
../Core/menu/Scr/lvgl_menu.c:16:13:create_text.constprop	24	static
../Core/menu/Scr/lvgl_menu.c:13:6:print_value	16	static
../Core/menu/Scr/lvgl_menu.c:108:6:print_wday	8	static
../Core/menu/Scr/lvgl_menu.c:138:6:print_time	16	static
../Core/menu/Scr/lvgl_menu.c:154:6:print_mday	16	static
../Core/menu/Scr/lvgl_menu.c:663:6:draw_menu_main	0	static
../Core/menu/Scr/lvgl_menu.c:666:6:set_flag	0	static
../Core/menu/Scr/lvgl_menu.c:676:6:draw_weather_sun_moon	16	static
../Core/menu/Scr/lvgl_menu.c:691:6:draw_weather_clouds	8	static
../Core/menu/Scr/lvgl_menu.c:701:6:draw_weather_wind	16	static
../Core/menu/Scr/lvgl_menu.c:709:6:draw_weather_rain	16	static
../Core/menu/Scr/lvgl_menu.c:719:6:draw_weather_snow	16	static
../Core/menu/Scr/lvgl_menu.c:729:6:draw_weather	8	static
../Core/menu/Scr/lvgl_menu.c:736:6:draw_symbol_battery	8	static
../Core/menu/Scr/lvgl_menu.c:768:6:draw_symbol_wifi	8	static
../Core/menu/Scr/lvgl_menu.c:792:6:draw_symbol_volume	8	static
../Core/menu/Scr/lvgl_menu.c:818:6:draw_symbol_distance	8	static
../Core/menu/Scr/lvgl_menu.c:842:6:update_block_top_left	8	static
../Core/menu/Scr/lvgl_menu.c:852:6:update_block_top_middle	16	static
../Core/menu/Scr/lvgl_menu.c:857:6:update_block_top_right	16	static
../Core/menu/Scr/lvgl_menu.c:867:6:update_block_bot_left	8	static
../Core/menu/Scr/lvgl_menu.c:876:6:update_block_bot_middle	16	static
../Core/menu/Scr/lvgl_menu.c:901:13:timer_1000	8	static
../Core/menu/Scr/lvgl_menu.c:893:6:update_block_bot_right	0	static
../Core/menu/Scr/lvgl_menu.c:922:6:init_lv_objects	128	static
