../Core/menu/Scr/lvgl_menu.c:851:13:timer_50	0	static
../Core/menu/Scr/lvgl_menu.c:847:13:timer_500	0	static
../Core/menu/Scr/lvgl_menu.c:47:18:create_label	24	static
../Core/menu/Scr/lvgl_menu.c:200:13:set_angle	0	static
../Core/menu/Scr/lvgl_menu.c:203:13:set_zoom	0	static
../Core/menu/Scr/lvgl_menu.c:679:6:set_flag.part.0	0	static
../Core/menu/Scr/lvgl_menu.c:185:18:create_button_symbol.constprop	24	static
../Core/menu/Scr/lvgl_menu.c:29:13:create_text.constprop	24	static
../Core/menu/Scr/lvgl_menu.c:23:7:map_val	0	static
../Core/menu/Scr/lvgl_menu.c:26:6:print_value	16	static
../Core/menu/Scr/lvgl_menu.c:121:6:print_wday	8	static
../Core/menu/Scr/lvgl_menu.c:151:6:print_time	16	static
../Core/menu/Scr/lvgl_menu.c:167:6:print_mday	16	static
../Core/menu/Scr/lvgl_menu.c:676:6:draw_menu_main	0	static
../Core/menu/Scr/lvgl_menu.c:679:6:set_flag	0	static
../Core/menu/Scr/lvgl_menu.c:689:6:draw_weather_sun_moon	8	static
../Core/menu/Scr/lvgl_menu.c:704:6:draw_weather_clouds	8	static
../Core/menu/Scr/lvgl_menu.c:714:6:draw_weather_wind	8	static
../Core/menu/Scr/lvgl_menu.c:722:6:draw_weather_rain	8	static
../Core/menu/Scr/lvgl_menu.c:732:6:draw_weather_snow	8	static
../Core/menu/Scr/lvgl_menu.c:742:6:draw_weather	8	static
../Core/menu/Scr/lvgl_menu.c:749:6:draw_symbol_battery	8	static
../Core/menu/Scr/lvgl_menu.c:781:6:draw_symbol_wifi	8	static
../Core/menu/Scr/lvgl_menu.c:805:6:draw_symbol_volume	8	static
../Core/menu/Scr/lvgl_menu.c:831:6:draw_symbol_distance	8	static
../Core/menu/Scr/lvgl_menu.c:855:6:update_block_top_left	8	static
../Core/menu/Scr/lvgl_menu.c:865:6:update_block_top_middle	16	static
../Core/menu/Scr/lvgl_menu.c:870:6:update_block_top_right	16	static
../Core/menu/Scr/lvgl_menu.c:880:6:update_block_bot_left	8	static
../Core/menu/Scr/lvgl_menu.c:889:6:update_block_bot_middle	16	static
../Core/menu/Scr/lvgl_menu.c:914:13:timer_1000	8	static
../Core/menu/Scr/lvgl_menu.c:906:6:update_block_bot_right	0	static
../Core/menu/Scr/lvgl_menu.c:935:6:init_lv_objects	128	static
