../Core/Inc/../lvgl/src/misc/lv_anim.h:119:20:lv_anim_set_var	16	static
../Core/Inc/../lvgl/src/misc/lv_anim.h:131:20:lv_anim_set_exec_cb	16	static
../Core/Inc/../lvgl/src/misc/lv_anim.h:141:20:lv_anim_set_time	16	static
../Core/Inc/../lvgl/src/misc/lv_anim.h:162:20:lv_anim_set_values	24	static
../Core/Inc/../lvgl/src/misc/lv_anim.h:229:20:lv_anim_set_playback_time	16	static
../Core/Inc/../lvgl/src/misc/lv_anim.h:249:20:lv_anim_set_repeat_count	16	static
../Core/Inc/../lvgl/src/core/lv_obj_style.h:92:20:lv_obj_remove_style_all	16	static
../Core/Inc/../lvgl/src/core/lv_disp.h:185:20:lv_scr_load	16	static
../Core/menu/Scr/lvgl_menu.c:21:7:map_val	32	static
../Core/menu/Scr/lvgl_menu.c:24:6:print_value	24	static
../Core/menu/Scr/lvgl_menu.c:27:13:create_text	32	static
../Core/menu/Scr/lvgl_menu.c:45:18:create_label	32	static
../Core/menu/Scr/lvgl_menu.c:52:18:create_meter	56	static
../Core/menu/Scr/lvgl_menu.c:105:18:create_chart	32	static
../Core/menu/Scr/lvgl_menu.c:119:6:print_wday	16	static
../Core/menu/Scr/lvgl_menu.c:144:6:print_time	16	static
../Core/menu/Scr/lvgl_menu.c:156:6:print_mday	16	static
../Core/menu/Scr/lvgl_menu.c:170:18:create_button_symbol	32	static
../Core/menu/Scr/lvgl_menu.c:178:18:create_background	32	static
../Core/menu/Scr/lvgl_menu.c:185:13:set_angle	16	static
../Core/menu/Scr/lvgl_menu.c:188:13:set_zoom	16	static
../Core/menu/Scr/lvgl_menu.c:191:18:create_anim_image_snow_zoom	104	static
../Core/menu/Scr/lvgl_menu.c:225:18:create_anim_image_rain_zoom	104	static
../Core/menu/Scr/lvgl_menu.c:259:18:create_anim_image_cloud_zoom	104	static
../Core/menu/Scr/lvgl_menu.c:293:18:create_anim_image_wind_zoom	104	static
../Core/menu/Scr/lvgl_menu.c:327:18:create_anim_image_sun	104	static
../Core/menu/Scr/lvgl_menu.c:347:18:create_image_moon	32	static
../Core/menu/Scr/lvgl_menu.c:359:13:create_block_top_left	80	static
../Core/menu/Scr/lvgl_menu.c:426:13:create_block_top_middle	56	static
../Core/menu/Scr/lvgl_menu.c:444:13:create_block_top_right	56	static
../Core/menu/Scr/lvgl_menu.c:481:13:create_block_bot_left	80	static
../Core/menu/Scr/lvgl_menu.c:547:13:create_block_bot_middle	80	static
../Core/menu/Scr/lvgl_menu.c:603:13:create_block_bot_right	32	static
../Core/menu/Scr/lvgl_menu.c:647:13:create_menu	8	static
../Core/menu/Scr/lvgl_menu.c:661:6:draw_menu_main	8	static
../Core/menu/Scr/lvgl_menu.c:664:6:set_flag	16	static
../Core/menu/Scr/lvgl_menu.c:674:6:draw_weather_sun_moon	8	static
../Core/menu/Scr/lvgl_menu.c:683:6:draw_weather_clouds	16	static
../Core/menu/Scr/lvgl_menu.c:693:6:draw_weather_wind	16	static
../Core/menu/Scr/lvgl_menu.c:701:6:draw_weather_rain	16	static
../Core/menu/Scr/lvgl_menu.c:711:6:draw_weather_snow	16	static
../Core/menu/Scr/lvgl_menu.c:721:6:draw_weather	8	static
../Core/menu/Scr/lvgl_menu.c:728:6:draw_symbol_battery	8	static
../Core/menu/Scr/lvgl_menu.c:760:6:draw_symbol_wifi	8	static
../Core/menu/Scr/lvgl_menu.c:784:6:draw_symbol_volume	8	static
../Core/menu/Scr/lvgl_menu.c:810:6:draw_symbol_distance	8	static
../Core/menu/Scr/lvgl_menu.c:826:13:timer_300	16	static
../Core/menu/Scr/lvgl_menu.c:830:13:timer_50	16	static
../Core/menu/Scr/lvgl_menu.c:834:6:update_block_top_left	8	static
../Core/menu/Scr/lvgl_menu.c:844:6:update_block_top_middle	16	static
../Core/menu/Scr/lvgl_menu.c:849:6:update_block_top_right	16	static
../Core/menu/Scr/lvgl_menu.c:859:6:update_block_bot_left	8	static
../Core/menu/Scr/lvgl_menu.c:868:6:update_block_bot_middle	24	static
../Core/menu/Scr/lvgl_menu.c:885:6:update_block_bot_right	8	static
../Core/menu/Scr/lvgl_menu.c:893:13:timer_2000	16	static
../Core/menu/Scr/lvgl_menu.c:903:13:init_fonts	8	static
../Core/menu/Scr/lvgl_menu.c:914:6:init_lv_objects	8	static
