../Core/lvgl/src/extra/widgets/led/../../../../src/hal/../draw/../misc/lv_color.h:397:24:lv_color_to32	24	static
../Core/lvgl/src/extra/widgets/led/../../../../src/hal/../draw/../misc/lv_color.h:461:48:lv_color_mix	24	static
../Core/lvgl/src/extra/widgets/led/../../../../src/hal/../draw/../misc/lv_color.h:605:23:lv_color_brightness	24	static
../Core/lvgl/src/extra/widgets/led/../../../../src/hal/../draw/../misc/lv_color.h:613:26:lv_color_make	16	static
../Core/lvgl/src/extra/widgets/led/../../../../src/hal/../draw/../misc/lv_color.h:689:26:lv_color_black	8	static
../Core/lvgl/src/extra/widgets/led/lv_led.c:54:12:lv_led_create	24	static
../Core/lvgl/src/extra/widgets/led/lv_led.c:71:6:lv_led_set_color	24	static
../Core/lvgl/src/extra/widgets/led/lv_led.c:85:6:lv_led_set_brightness	24	static
../Core/lvgl/src/extra/widgets/led/lv_led.c:102:6:lv_led_on	16	static
../Core/lvgl/src/extra/widgets/led/lv_led.c:111:6:lv_led_off	16	static
../Core/lvgl/src/extra/widgets/led/lv_led.c:120:6:lv_led_toggle	24	static
../Core/lvgl/src/extra/widgets/led/lv_led.c:138:9:lv_led_get_brightness	24	static
../Core/lvgl/src/extra/widgets/led/lv_led.c:150:13:lv_led_constructor	32	static
../Core/lvgl/src/extra/widgets/led/lv_led.c:158:13:lv_led_event	160	static
