../Core/lvgl/src/extra/widgets/tileview/lv_tileview.c:122:13:lv_tileview_constructor	8	static
../Core/lvgl/src/extra/widgets/tileview/lv_tileview.c:151:13:tileview_event_cb	40	static
../Core/lvgl/src/extra/widgets/tileview/lv_tileview.c:133:13:lv_tileview_tile_constructor	32	static
../Core/lvgl/src/extra/widgets/tileview/lv_tileview.c:53:12:lv_tileview_create	8	static
../Core/lvgl/src/extra/widgets/tileview/lv_tileview.c:65:12:lv_tileview_add_tile	8	static
../Core/lvgl/src/extra/widgets/tileview/lv_tileview.c:77:6:lv_obj_set_tile	24	static
../Core/lvgl/src/extra/widgets/tileview/lv_tileview.c:90:6:lv_obj_set_tile_id	32	static
../Core/lvgl/src/extra/widgets/tileview/lv_tileview.c:112:12:lv_tileview_get_tile_act	0	static
