../Core/lvgl/src/extra/widgets/chart/../../../../src/core/lv_obj_style_gen.h:103:26:lv_obj_get_style_pad_left	8	static
../Core/lvgl/src/extra/widgets/chart/../../../../src/core/lv_obj_style_gen.h:1:26:lv_obj_get_style_width	8	static
../Core/lvgl/src/extra/widgets/chart/../../../../src/core/lv_obj_style_gen.h:121:26:lv_obj_get_style_pad_column	8	static
../Core/lvgl/src/extra/widgets/chart/../../../../src/core/lv_obj_style_gen.h:91:26:lv_obj_get_style_pad_top	8	static
../Core/lvgl/src/extra/widgets/chart/lv_chart.c:670:13:lv_chart_destructor	16	static
../Core/lvgl/src/extra/widgets/chart/lv_chart.c:639:13:lv_chart_constructor	8	static
../Core/lvgl/src/extra/widgets/chart/lv_chart.c:1701:13:new_points_alloc	24	static
../Core/lvgl/src/extra/widgets/chart/../../../../src/core/lv_obj_style_gen.h:296:26:lv_obj_get_style_border_width.constprop	8	static
../Core/lvgl/src/extra/widgets/chart/lv_chart.c:1638:13:invalidate_point	40	static
../Core/lvgl/src/extra/widgets/chart/lv_chart.c:66:12:lv_chart_create	8	static
../Core/lvgl/src/extra/widgets/chart/lv_chart.c:74:6:lv_chart_set_type	24	static
../Core/lvgl/src/extra/widgets/chart/lv_chart.c:103:6:lv_chart_set_point_count	24	static
../Core/lvgl/src/extra/widgets/chart/lv_chart.c:127:6:lv_chart_set_range	4	static
../Core/lvgl/src/extra/widgets/chart/lv_chart.c:159:6:lv_chart_set_update_mode	4	static
../Core/lvgl/src/extra/widgets/chart/lv_chart.c:170:6:lv_chart_set_div_line_count	0	static
../Core/lvgl/src/extra/widgets/chart/lv_chart.c:184:6:lv_chart_set_zoom_x	8	static
../Core/lvgl/src/extra/widgets/chart/lv_chart.c:198:6:lv_chart_set_zoom_y	8	static
../Core/lvgl/src/extra/widgets/chart/lv_chart.c:212:10:lv_chart_get_zoom_x	0	static
../Core/lvgl/src/extra/widgets/chart/lv_chart.c:220:10:lv_chart_get_zoom_y	0	static
../Core/lvgl/src/extra/widgets/chart/lv_chart.c:245:17:lv_chart_get_type	0	static
../Core/lvgl/src/extra/widgets/chart/lv_chart.c:253:10:lv_chart_get_point_count	0	static
../Core/lvgl/src/extra/widgets/chart/lv_chart.c:261:10:lv_chart_get_x_start_point	0	static
../Core/lvgl/src/extra/widgets/chart/lv_chart.c:269:6:lv_chart_get_point_pos_by_id	64	static
../Core/lvgl/src/extra/widgets/chart/lv_chart.c:324:6:lv_chart_refresh	0	static
../Core/lvgl/src/extra/widgets/chart/lv_chart.c:335:21:lv_chart_add_series	24	static
../Core/lvgl/src/extra/widgets/chart/lv_chart.c:378:6:lv_chart_remove_series	16	static
../Core/lvgl/src/extra/widgets/chart/lv_chart.c:392:6:lv_chart_hide_series	0	static
../Core/lvgl/src/extra/widgets/chart/lv_chart.c:402:6:lv_chart_set_series_color	0	static
../Core/lvgl/src/extra/widgets/chart/lv_chart.c:411:6:lv_chart_set_x_start_point	0	static
../Core/lvgl/src/extra/widgets/chart/lv_chart.c:421:21:lv_chart_get_series_next	0	static
../Core/lvgl/src/extra/widgets/chart/lv_chart.c:441:22:lv_chart_add_cursor	16	static
../Core/lvgl/src/extra/widgets/chart/lv_chart.c:467:6:lv_chart_set_cursor_pos	0	static
../Core/lvgl/src/extra/widgets/chart/lv_chart.c:486:6:lv_chart_set_cursor_point	16	static
../Core/lvgl/src/extra/widgets/chart/lv_chart.c:504:12:lv_chart_get_cursor_point	8	static
../Core/lvgl/src/extra/widgets/chart/lv_chart.c:517:6:lv_chart_set_all_value	8	static
../Core/lvgl/src/extra/widgets/chart/lv_chart.c:531:6:lv_chart_set_next_value	16	static
../Core/lvgl/src/extra/widgets/chart/lv_chart.c:543:6:lv_chart_set_next_value2	16	static
../Core/lvgl/src/extra/widgets/chart/lv_chart.c:564:6:lv_chart_set_value_by_id	0	static
../Core/lvgl/src/extra/widgets/chart/lv_chart.c:574:6:lv_chart_set_value_by_id2	8	static
../Core/lvgl/src/extra/widgets/chart/lv_chart.c:591:6:lv_chart_set_ext_y_array	16	static
../Core/lvgl/src/extra/widgets/chart/lv_chart.c:602:6:lv_chart_set_ext_x_array	16	static
../Core/lvgl/src/extra/widgets/chart/lv_chart.c:613:14:lv_chart_get_y_array	0	static
../Core/lvgl/src/extra/widgets/chart/lv_chart.c:621:14:lv_chart_get_x_array	0	static
../Core/lvgl/src/extra/widgets/chart/lv_chart.c:629:10:lv_chart_get_pressed_point	0	static
../Core/lvgl/src/extra/widgets/chart/lv_chart.c:1747:23:get_tick_gsc	0	static
../Core/lvgl/src/extra/widgets/chart/lv_chart.c:1345:13:draw_y_ticks	240	static
../Core/lvgl/src/extra/widgets/chart/lv_chart.c:1474:13:draw_x_ticks	232	static
../Core/lvgl/src/extra/widgets/chart/lv_chart.c:690:13:lv_chart_event	360	static
../Core/lvgl/src/extra/widgets/chart/lv_chart.c:228:6:lv_chart_set_axis_tick	32	static
