../Core/lvgl/src/hal/../draw/../misc/lv_color.h:397:24:lv_color_to32	24	static
../Core/lvgl/src/hal/../draw/../misc/lv_color.h:461:48:lv_color_mix	24	static
../Core/lvgl/src/hal/../draw/../misc/lv_color.h:546:42:lv_color_mix_with_alpha	24	static
../Core/lvgl/src/hal/../draw/../misc/lv_color.h:605:23:lv_color_brightness	24	static
../Core/lvgl/src/hal/../draw/../misc/lv_color.h:613:26:lv_color_make	16	static
../Core/lvgl/src/hal/../draw/../misc/lv_color.h:618:26:lv_color_hex	16	static
../Core/lvgl/src/hal/../draw/../misc/lv_color.h:685:26:lv_color_white	8	static
../Core/lvgl/src/hal/../draw/../misc/lv_color.h:689:26:lv_color_black	8	static
../Core/lvgl/src/hal/../core/lv_obj_style.h:92:20:lv_obj_remove_style_all	16	static
../Core/lvgl/src/hal/lv_hal_disp.c:74:6:lv_disp_drv_init	24	static
../Core/lvgl/src/hal/lv_hal_disp.c:105:6:lv_disp_draw_buf_init	24	static
../Core/lvgl/src/hal/lv_hal_disp.c:121:13:lv_disp_drv_register	40	static
../Core/lvgl/src/hal/lv_hal_disp.c:191:6:lv_disp_drv_update	32	static
../Core/lvgl/src/hal/lv_hal_disp.c:232:6:lv_disp_remove	24	static
../Core/lvgl/src/hal/lv_hal_disp.c:272:6:lv_disp_set_default	16	static
../Core/lvgl/src/hal/lv_hal_disp.c:281:13:lv_disp_get_default	4	static
../Core/lvgl/src/hal/lv_hal_disp.c:291:12:lv_disp_get_hor_res	16	static
../Core/lvgl/src/hal/lv_hal_disp.c:314:12:lv_disp_get_ver_res	16	static
../Core/lvgl/src/hal/lv_hal_disp.c:337:12:lv_disp_get_physical_hor_res	16	static
../Core/lvgl/src/hal/lv_hal_disp.c:360:12:lv_disp_get_physical_ver_res	16	static
../Core/lvgl/src/hal/lv_hal_disp.c:383:6:lv_disp_get_antialiasing	16	static
../Core/lvgl/src/hal/lv_hal_disp.c:396:12:lv_disp_get_dpi	16	static
../Core/lvgl/src/hal/lv_hal_disp.c:407:31:lv_disp_flush_ready	16	static
../Core/lvgl/src/hal/lv_hal_disp.c:426:31:lv_disp_flush_is_last	16	static
../Core/lvgl/src/hal/lv_hal_disp.c:436:13:lv_disp_get_next	16	static
../Core/lvgl/src/hal/lv_hal_disp.c:449:22:lv_disp_get_draw_buf	16	static
../Core/lvgl/src/hal/lv_hal_disp.c:459:6:lv_disp_set_rotation	16	static
../Core/lvgl/src/hal/lv_hal_disp.c:473:15:lv_disp_get_rotation	16	static
../Core/lvgl/src/hal/lv_hal_disp.c:480:6:lv_disp_drv_use_generic_set_px_cb	16	static
../Core/lvgl/src/hal/lv_hal_disp.c:507:31:invalidate_layout_cb	16	static
../Core/lvgl/src/hal/lv_hal_disp.c:514:13:set_px_cb_alpha1	48	static
../Core/lvgl/src/hal/lv_hal_disp.c:528:13:set_px_cb_alpha2	48	static
../Core/lvgl/src/hal/lv_hal_disp.c:542:13:set_px_cb_alpha4	48	static
../Core/lvgl/src/hal/lv_hal_disp.c:556:13:set_px_cb_alpha8	48	static
../Core/lvgl/src/hal/lv_hal_disp.c:570:13:set_px_alpha_generic	32	static
../Core/lvgl/src/hal/lv_hal_disp.c:584:13:set_px_true_color_alpha	56	static
