../Core/lvgl/src/core/lv_obj_style_gen.h:296:26:lv_obj_get_style_border_width.constprop	8	static
../Core/lvgl/src/core/lv_obj_style_gen.h:188:29:lv_obj_get_style_base_dir.constprop	8	static
../Core/lvgl/src/core/lv_obj_style_gen.h:109:26:lv_obj_get_style_pad_right.constprop	8	static
../Core/lvgl/src/core/lv_obj_style_gen.h:103:26:lv_obj_get_style_pad_left.constprop	8	static
../Core/lvgl/src/core/lv_obj_style_gen.h:97:26:lv_obj_get_style_pad_bottom.constprop	8	static
../Core/lvgl/src/core/lv_obj_style_gen.h:91:26:lv_obj_get_style_pad_top.constprop	8	static
../Core/lvgl/src/core/lv_obj_pos.c:226:6:lv_obj_set_width	24	static
../Core/lvgl/src/core/lv_obj_pos.c:239:6:lv_obj_set_height	24	static
../Core/lvgl/src/core/lv_obj_pos.c:218:6:lv_obj_set_size	16	static
../Core/lvgl/src/core/lv_obj_pos.c:252:6:lv_obj_set_content_width	24	static
../Core/lvgl/src/core/lv_obj_pos.c:261:6:lv_obj_set_content_height	24	static
../Core/lvgl/src/core/lv_obj_pos.c:279:6:lv_obj_is_layout_positioned	16	static
../Core/lvgl/src/core/lv_obj_pos.c:51:6:lv_obj_set_x	24	static
../Core/lvgl/src/core/lv_obj_pos.c:68:6:lv_obj_set_y	24	static
../Core/lvgl/src/core/lv_obj_pos.c:43:6:lv_obj_set_pos	16	static
../Core/lvgl/src/core/lv_obj_pos.c:291:6:lv_obj_mark_layout_as_dirty	8	static
../Core/lvgl/src/core/lv_obj_pos.c:270:6:lv_obj_set_layout	8	static
../Core/lvgl/src/core/lv_obj_pos.c:326:10:lv_layout_register	24	static
../Core/lvgl/src/core/lv_obj_pos.c:337:6:lv_obj_set_align	0	static
../Core/lvgl/src/core/lv_obj_pos.c:342:6:lv_obj_align	16	static
../Core/lvgl/src/core/lv_obj_pos.c:490:6:lv_obj_get_coords	0	static
../Core/lvgl/src/core/lv_obj_pos.c:497:12:lv_obj_get_x	16	static
../Core/lvgl/src/core/lv_obj_pos.c:515:12:lv_obj_get_x2	8	static
../Core/lvgl/src/core/lv_obj_pos.c:522:12:lv_obj_get_y	16	static
../Core/lvgl/src/core/lv_obj_pos.c:540:12:lv_obj_get_y2	8	static
../Core/lvgl/src/core/lv_obj_pos.c:547:12:lv_obj_get_width	0	static
../Core/lvgl/src/core/lv_obj_pos.c:554:12:lv_obj_get_height	0	static
../Core/lvgl/src/core/lv_obj_pos.c:561:12:lv_obj_get_content_width	16	static
../Core/lvgl/src/core/lv_obj_pos.c:572:12:lv_obj_get_content_height	16	static
../Core/lvgl/src/core/lv_obj_pos.c:583:6:lv_obj_get_content_coords	16	static
../Core/lvgl/src/core/lv_obj_pos.c:597:12:lv_obj_get_self_width	16	static
../Core/lvgl/src/core/lv_obj_pos.c:604:12:lv_obj_get_self_height	16	static
../Core/lvgl/src/core/lv_obj_pos.c:611:6:lv_obj_refresh_self_size	16	static
../Core/lvgl/src/core/lv_obj_pos.c:773:6:lv_obj_move_children_by	48	static
../Core/lvgl/src/core/lv_obj_pos.c:818:6:lv_obj_area_is_visible	32	static
../Core/lvgl/src/core/lv_obj_pos.c:790:6:lv_obj_invalidate_area	16	static
../Core/lvgl/src/core/lv_obj_pos.c:801:6:lv_obj_invalidate	24	static
../Core/lvgl/src/core/lv_obj_pos.c:700:6:lv_obj_move_to	48	static
../Core/lvgl/src/core/lv_obj_pos.c:621:6:lv_obj_refr_pos	72	static
../Core/lvgl/src/core/lv_obj_pos.c:860:6:lv_obj_is_visible	24	static
../Core/lvgl/src/core/lv_obj_pos.c:876:6:lv_obj_set_ext_click_area	16	static
../Core/lvgl/src/core/lv_obj_pos.c:884:6:lv_obj_get_click_area	16	static
../Core/lvgl/src/core/lv_obj_pos.c:895:6:lv_obj_hit_test	32	static
../Core/lvgl/src/core/lv_obj_pos.c:913:12:lv_clamp_width	8	static
../Core/lvgl/src/core/lv_obj_pos.c:85:6:lv_obj_refr_size	80	static
../Core/lvgl/src/core/lv_obj_pos.c:1047:13:layout_update_core	16	static
../Core/lvgl/src/core/lv_obj_pos.c:304:6:lv_obj_update_layout	16	static
../Core/lvgl/src/core/lv_obj_pos.c:348:6:lv_obj_align_to	56	static
../Core/lvgl/src/core/lv_obj_pos.c:920:12:lv_clamp_height	0	static
