../Core/lvgl/src/misc/lv_area.c:457:13:lv_point_within_circle.isra	12	static
../Core/lvgl/src/misc/lv_area.c:48:6:lv_area_set	0	static
../Core/lvgl/src/misc/lv_area.c:61:6:lv_area_set_width	0	static
../Core/lvgl/src/misc/lv_area.c:71:6:lv_area_set_height	0	static
../Core/lvgl/src/misc/lv_area.c:82:6:_lv_area_set_pos	16	static
../Core/lvgl/src/misc/lv_area.c:97:10:lv_area_get_size	0	static
../Core/lvgl/src/misc/lv_area.c:106:6:lv_area_increase	0	static
../Core/lvgl/src/misc/lv_area.c:114:6:lv_area_move	0	static
../Core/lvgl/src/misc/lv_area.c:129:6:_lv_area_intersect	16	static
../Core/lvgl/src/misc/lv_area.c:151:6:_lv_area_join	8	static
../Core/lvgl/src/misc/lv_area.c:166:6:_lv_area_is_point_on	64	static
../Core/lvgl/src/misc/lv_area.c:232:6:_lv_area_is_on	0	static
../Core/lvgl/src/misc/lv_area.c:249:6:_lv_area_is_in	32	static
../Core/lvgl/src/misc/lv_area.c:290:6:_lv_area_is_out	32	static
../Core/lvgl/src/misc/lv_area.c:328:6:lv_area_align	28	static
