../Core/lvgl/src/misc/lv_mem.c:536:13:lv_mem_walker	0	static
../Core/lvgl/src/misc/lv_mem.c:84:6:lv_mem_init	8	static
../Core/lvgl/src/misc/lv_mem.c:110:6:lv_mem_deinit	8	static
../Core/lvgl/src/misc/lv_mem.c:158:6:lv_mem_free	0	static
../Core/lvgl/src/misc/lv_mem.c:206:10:lv_mem_test	8	static
../Core/lvgl/src/misc/lv_mem.c:317:6:lv_mem_buf_release	8	static
../Core/lvgl/src/misc/lv_mem.c:334:6:lv_mem_buf_free_all	24	static
../Core/lvgl/src/misc/lv_mem.c:353:30:lv_memcpy	16	static
../Core/lvgl/src/misc/lv_mem.c:415:28:lv_memset	4	static
../Core/lvgl/src/misc/lv_mem.c:233:6:lv_mem_monitor	8	static
../Core/lvgl/src/misc/lv_mem.c:123:8:lv_mem_alloc	40	static
../Core/lvgl/src/misc/lv_mem.c:181:8:lv_mem_realloc	8	static
../Core/lvgl/src/misc/lv_mem.c:261:8:lv_mem_buf_get	24	static
../Core/lvgl/src/misc/lv_mem.c:458:28:lv_memset_00	0	static
../Core/lvgl/src/misc/lv_mem.c:496:28:lv_memset_ff	0	static
