../Core/lvgl/src/misc/lv_style.c:40:6:lv_style_init	8	static
../Core/lvgl/src/misc/lv_style.c:54:6:lv_style_reset	16	static
../Core/lvgl/src/misc/lv_style.c:71:17:lv_style_register_prop	0	static
../Core/lvgl/src/misc/lv_style.c:78:6:lv_style_remove_prop	24	static
../Core/lvgl/src/misc/lv_style.c:212:10:lv_style_get_prop	16	static
../Core/lvgl/src/misc/lv_style.c:217:6:lv_style_transition_dsc_init	24	static
../Core/lvgl/src/misc/lv_style.c:232:18:lv_style_prop_get_default	0	static
../Core/lvgl/src/misc/lv_style.c:285:6:lv_style_is_empty	0	static
../Core/lvgl/src/misc/lv_style.c:292:9:_lv_style_get_prop_group	0	static
../Core/lvgl/src/misc/lv_style.c:139:6:lv_style_set_prop	24	static
