Archive member included to satisfy reference by file (symbol)

C:/ST/STM32CubeIDE_1.13.1/STM32CubeIDE/plugins/com.st.stm32cube.ide.mcu.externaltools.gnu-tools-for-stm32.11.3.rel1.win32_1.1.0.202305231506/tools/bin/../lib/gcc/arm-none-eabi/11.3.1/../../../../arm-none-eabi/lib/thumb/v7e-m+fp/hard\libc_nano.a(libc_a-assert.o)
                              ./Core/lvgl/src/extra/libs/qrcode/qrcodegen.o (__assert_func)
C:/ST/STM32CubeIDE_1.13.1/STM32CubeIDE/plugins/com.st.stm32cube.ide.mcu.externaltools.gnu-tools-for-stm32.11.3.rel1.win32_1.1.0.202305231506/tools/bin/../lib/gcc/arm-none-eabi/11.3.1/../../../../arm-none-eabi/lib/thumb/v7e-m+fp/hard\libc_nano.a(libc_a-exit.o)
                              C:/ST/STM32CubeIDE_1.13.1/STM32CubeIDE/plugins/com.st.stm32cube.ide.mcu.externaltools.gnu-tools-for-stm32.11.3.rel1.win32_1.1.0.202305231506/tools/bin/../lib/gcc/arm-none-eabi/11.3.1/../../../../arm-none-eabi/lib/thumb/v7e-m+fp/hard/crt0.o (exit)
C:/ST/STM32CubeIDE_1.13.1/STM32CubeIDE/plugins/com.st.stm32cube.ide.mcu.externaltools.gnu-tools-for-stm32.11.3.rel1.win32_1.1.0.202305231506/tools/bin/../lib/gcc/arm-none-eabi/11.3.1/../../../../arm-none-eabi/lib/thumb/v7e-m+fp/hard\libc_nano.a(libc_a-findfp.o)
                              C:/ST/STM32CubeIDE_1.13.1/STM32CubeIDE/plugins/com.st.stm32cube.ide.mcu.externaltools.gnu-tools-for-stm32.11.3.rel1.win32_1.1.0.202305231506/tools/bin/../lib/gcc/arm-none-eabi/11.3.1/../../../../arm-none-eabi/lib/thumb/v7e-m+fp/hard\libc_nano.a(libc_a-exit.o) (__stdio_exit_handler)
C:/ST/STM32CubeIDE_1.13.1/STM32CubeIDE/plugins/com.st.stm32cube.ide.mcu.externaltools.gnu-tools-for-stm32.11.3.rel1.win32_1.1.0.202305231506/tools/bin/../lib/gcc/arm-none-eabi/11.3.1/../../../../arm-none-eabi/lib/thumb/v7e-m+fp/hard\libc_nano.a(libc_a-fprintf.o)
                              C:/ST/STM32CubeIDE_1.13.1/STM32CubeIDE/plugins/com.st.stm32cube.ide.mcu.externaltools.gnu-tools-for-stm32.11.3.rel1.win32_1.1.0.202305231506/tools/bin/../lib/gcc/arm-none-eabi/11.3.1/../../../../arm-none-eabi/lib/thumb/v7e-m+fp/hard\libc_nano.a(libc_a-assert.o) (fiprintf)
C:/ST/STM32CubeIDE_1.13.1/STM32CubeIDE/plugins/com.st.stm32cube.ide.mcu.externaltools.gnu-tools-for-stm32.11.3.rel1.win32_1.1.0.202305231506/tools/bin/../lib/gcc/arm-none-eabi/11.3.1/../../../../arm-none-eabi/lib/thumb/v7e-m+fp/hard\libc_nano.a(libc_a-fwalk.o)
                              C:/ST/STM32CubeIDE_1.13.1/STM32CubeIDE/plugins/com.st.stm32cube.ide.mcu.externaltools.gnu-tools-for-stm32.11.3.rel1.win32_1.1.0.202305231506/tools/bin/../lib/gcc/arm-none-eabi/11.3.1/../../../../arm-none-eabi/lib/thumb/v7e-m+fp/hard\libc_nano.a(libc_a-findfp.o) (_fwalk_sglue)
C:/ST/STM32CubeIDE_1.13.1/STM32CubeIDE/plugins/com.st.stm32cube.ide.mcu.externaltools.gnu-tools-for-stm32.11.3.rel1.win32_1.1.0.202305231506/tools/bin/../lib/gcc/arm-none-eabi/11.3.1/../../../../arm-none-eabi/lib/thumb/v7e-m+fp/hard\libc_nano.a(libc_a-sprintf.o)
                              ./Core/menu/Scr/lvgl_menu.o (sprintf)
C:/ST/STM32CubeIDE_1.13.1/STM32CubeIDE/plugins/com.st.stm32cube.ide.mcu.externaltools.gnu-tools-for-stm32.11.3.rel1.win32_1.1.0.202305231506/tools/bin/../lib/gcc/arm-none-eabi/11.3.1/../../../../arm-none-eabi/lib/thumb/v7e-m+fp/hard\libc_nano.a(libc_a-stdio.o)
                              C:/ST/STM32CubeIDE_1.13.1/STM32CubeIDE/plugins/com.st.stm32cube.ide.mcu.externaltools.gnu-tools-for-stm32.11.3.rel1.win32_1.1.0.202305231506/tools/bin/../lib/gcc/arm-none-eabi/11.3.1/../../../../arm-none-eabi/lib/thumb/v7e-m+fp/hard\libc_nano.a(libc_a-findfp.o) (__sread)
C:/ST/STM32CubeIDE_1.13.1/STM32CubeIDE/plugins/com.st.stm32cube.ide.mcu.externaltools.gnu-tools-for-stm32.11.3.rel1.win32_1.1.0.202305231506/tools/bin/../lib/gcc/arm-none-eabi/11.3.1/../../../../arm-none-eabi/lib/thumb/v7e-m+fp/hard\libc_nano.a(libc_a-memcmp.o)
                              ./Core/lvgl/src/font/lv_font_loader.o (memcmp)
C:/ST/STM32CubeIDE_1.13.1/STM32CubeIDE/plugins/com.st.stm32cube.ide.mcu.externaltools.gnu-tools-for-stm32.11.3.rel1.win32_1.1.0.202305231506/tools/bin/../lib/gcc/arm-none-eabi/11.3.1/../../../../arm-none-eabi/lib/thumb/v7e-m+fp/hard\libc_nano.a(libc_a-memmove.o)
                              ./Core/lvgl/src/core/lv_event.o (memmove)
C:/ST/STM32CubeIDE_1.13.1/STM32CubeIDE/plugins/com.st.stm32cube.ide.mcu.externaltools.gnu-tools-for-stm32.11.3.rel1.win32_1.1.0.202305231506/tools/bin/../lib/gcc/arm-none-eabi/11.3.1/../../../../arm-none-eabi/lib/thumb/v7e-m+fp/hard\libc_nano.a(libc_a-memset.o)
                              C:/ST/STM32CubeIDE_1.13.1/STM32CubeIDE/plugins/com.st.stm32cube.ide.mcu.externaltools.gnu-tools-for-stm32.11.3.rel1.win32_1.1.0.202305231506/tools/bin/../lib/gcc/arm-none-eabi/11.3.1/../../../../arm-none-eabi/lib/thumb/v7e-m+fp/hard/crt0.o (memset)
[...]
Memory Configuration

Name             Origin             Length             Attributes
RAM              0x0000000020000000 0x0000000000020000 xrw
FLASH            0x0000000008000000 0x0000000000080000 xr
*default*        0x0000000000000000 0xffffffffffffffff

Linker script and memory map

LOAD C:/ST/STM32CubeIDE_1.13.1/STM32CubeIDE/plugins/com.st.stm32cube.ide.mcu.externaltools.gnu-tools-for-stm32.11.3.rel1.win32_1.1.0.202305231506/tools/bin/../lib/gcc/arm-none-eabi/11.3.1/thumb/v7e-m+fp/hard/crti.o
LOAD C:/ST/STM32CubeIDE_1.13.1/STM32CubeIDE/plugins/com.st.stm32cube.ide.mcu.externaltools.gnu-tools-for-stm32.11.3.rel1.win32_1.1.0.202305231506/tools/bin/../lib/gcc/arm-none-eabi/11.3.1/thumb/v7e-m+fp/hard/crtbegin.o
LOAD C:/ST/STM32CubeIDE_1.13.1/STM32CubeIDE/plugins/com.st.stm32cube.ide.mcu.externaltools.gnu-tools-for-stm32.11.3.rel1.win32_1.1.0.202305231506/tools/bin/../lib/gcc/arm-none-eabi/11.3.1/../../../../arm-none-eabi/lib/thumb/v7e-m+fp/hard/crt0.o
LOAD ./Core/Src/main.o
LOAD ./Core/Src/stm32f4xx_hal_msp.o
LOAD ./Core/Src/stm32f4xx_it.o
LOAD ./Core/Src/syscalls.o
LOAD ./Core/Src/sysmem.o
LOAD ./Core/Src/system_stm32f4xx.o
LOAD ./Core/Startup/startup_stm32f446vetx.o
LOAD ./Core/lvgl/lv_port_indev.o
LOAD ./Core/lvgl/src/core/lv_disp.o
LOAD ./Core/lvgl/src/core/lv_event.o
LOAD ./Core/lvgl/src/core/lv_group.o
LOAD ./Core/lvgl/src/core/lv_indev.o
LOAD ./Core/lvgl/src/core/lv_indev_scroll.o
LOAD ./Core/lvgl/src/core/lv_obj.o
LOAD ./Core/lvgl/src/core/lv_obj_class.o
LOAD ./Core/lvgl/src/core/lv_obj_draw.o
LOAD ./Core/lvgl/src/core/lv_obj_pos.o
LOAD ./Core/lvgl/src/core/lv_obj_scroll.o
LOAD ./Core/lvgl/src/core/lv_obj_style.o
LOAD ./Core/lvgl/src/core/lv_obj_style_gen.o
LOAD ./Core/lvgl/src/core/lv_obj_tree.o
LOAD ./Core/lvgl/src/core/lv_refr.o
LOAD ./Core/lvgl/src/core/lv_theme.o
LOAD ./Core/lvgl/src/draw/lv_draw_arc.o
LOAD ./Core/lvgl/src/draw/lv_draw_blend.o
LOAD ./Core/lvgl/src/draw/lv_draw_img.o
LOAD ./Core/lvgl/src/draw/lv_draw_label.o
LOAD ./Core/lvgl/src/draw/lv_draw_line.o
LOAD ./Core/lvgl/src/draw/lv_draw_mask.o
LOAD ./Core/lvgl/src/draw/lv_draw_rect.o
LOAD ./Core/lvgl/src/draw/lv_draw_triangle.o
LOAD ./Core/lvgl/src/draw/lv_img_buf.o
LOAD ./Core/lvgl/src/draw/lv_img_cache.o
LOAD ./Core/lvgl/src/draw/lv_img_decoder.o
LOAD ./Core/lvgl/src/extra/layouts/flex/lv_flex.o
LOAD ./Core/lvgl/src/extra/layouts/grid/lv_grid.o
LOAD ./Core/lvgl/src/extra/libs/bmp/lv_bmp.o
LOAD ./Core/lvgl/src/extra/libs/freetype/lv_freetype.o
LOAD ./Core/lvgl/src/extra/libs/fsdrv/lv_fs_fatfs.o
LOAD ./Core/lvgl/src/extra/libs/fsdrv/lv_fs_posix.o
LOAD ./Core/lvgl/src/extra/libs/fsdrv/lv_fs_stdio.o
LOAD ./Core/lvgl/src/extra/libs/gif/gifdec.o
LOAD ./Core/lvgl/src/extra/libs/gif/lv_gif.o
LOAD ./Core/lvgl/src/extra/libs/png/lodepng.o
LOAD ./Core/lvgl/src/extra/libs/png/lv_png.o
LOAD ./Core/lvgl/src/extra/libs/qrcode/lv_qrcode.o
LOAD ./Core/lvgl/src/extra/libs/qrcode/qrcodegen.o
LOAD ./Core/lvgl/src/extra/libs/sjpg/lv_sjpg.o
LOAD ./Core/lvgl/src/extra/libs/sjpg/tjpgd.o
LOAD ./Core/lvgl/src/extra/lv_extra.o
LOAD ./Core/lvgl/src/extra/others/snapshot/lv_snapshot.o
LOAD ./Core/lvgl/src/extra/themes/basic/lv_theme_basic.o
LOAD ./Core/lvgl/src/extra/themes/default/lv_theme_default.o
LOAD ./Core/lvgl/src/extra/themes/mono/lv_theme_mono.o
LOAD ./Core/lvgl/src/extra/widgets/animimg/lv_animimg.o
LOAD ./Core/lvgl/src/extra/widgets/calendar/lv_calendar.o
LOAD ./Core/lvgl/src/extra/widgets/calendar/lv_calendar_header_arrow.o
LOAD ./Core/lvgl/src/extra/widgets/calendar/lv_calendar_header_dropdown.o
LOAD ./Core/lvgl/src/extra/widgets/chart/lv_chart.o
LOAD ./Core/lvgl/src/extra/widgets/colorwheel/lv_colorwheel.o
LOAD ./Core/lvgl/src/extra/widgets/imgbtn/lv_imgbtn.o
LOAD ./Core/lvgl/src/extra/widgets/keyboard/lv_keyboard.o
LOAD ./Core/lvgl/src/extra/widgets/led/lv_led.o
LOAD ./Core/lvgl/src/extra/widgets/list/lv_list.o
LOAD ./Core/lvgl/src/extra/widgets/meter/lv_meter.o
LOAD ./Core/lvgl/src/extra/widgets/msgbox/lv_msgbox.o
LOAD ./Core/lvgl/src/extra/widgets/span/lv_span.o
LOAD ./Core/lvgl/src/extra/widgets/spinbox/lv_spinbox.o
LOAD ./Core/lvgl/src/extra/widgets/spinner/lv_spinner.o
LOAD ./Core/lvgl/src/extra/widgets/tabview/lv_tabview.o
LOAD ./Core/lvgl/src/extra/widgets/tileview/lv_tileview.o
LOAD ./Core/lvgl/src/extra/widgets/win/lv_win.o
LOAD ./Core/lvgl/src/font/lv_font.o
LOAD ./Core/lvgl/src/font/lv_font_dejavu_16_persian_hebrew.o
LOAD ./Core/lvgl/src/font/lv_font_fmt_txt.o
LOAD ./Core/lvgl/src/font/lv_font_loader.o
LOAD ./Core/lvgl/src/font/lv_font_montserrat_10.o
LOAD ./Core/lvgl/src/font/lv_font_montserrat_12.o
LOAD ./Core/lvgl/src/font/lv_font_montserrat_12_subpx.o
LOAD ./Core/lvgl/src/font/lv_font_montserrat_14.o
LOAD ./Core/lvgl/src/font/lv_font_montserrat_16.o
LOAD ./Core/lvgl/src/font/lv_font_montserrat_18.o
LOAD ./Core/lvgl/src/font/lv_font_montserrat_20.o
LOAD ./Core/lvgl/src/font/lv_font_montserrat_22.o
LOAD ./Core/lvgl/src/font/lv_font_montserrat_24.o
LOAD ./Core/lvgl/src/font/lv_font_montserrat_26.o
LOAD ./Core/lvgl/src/font/lv_font_montserrat_28.o
LOAD ./Core/lvgl/src/font/lv_font_montserrat_28_compressed.o
LOAD ./Core/lvgl/src/font/lv_font_montserrat_30.o
LOAD ./Core/lvgl/src/font/lv_font_montserrat_32.o
LOAD ./Core/lvgl/src/font/lv_font_montserrat_34.o
LOAD ./Core/lvgl/src/font/lv_font_montserrat_36.o
LOAD ./Core/lvgl/src/font/lv_font_montserrat_38.o
LOAD ./Core/lvgl/src/font/lv_font_montserrat_40.o
LOAD ./Core/lvgl/src/font/lv_font_montserrat_42.o
LOAD ./Core/lvgl/src/font/lv_font_montserrat_44.o
LOAD ./Core/lvgl/src/font/lv_font_montserrat_46.o
LOAD ./Core/lvgl/src/font/lv_font_montserrat_48.o
LOAD ./Core/lvgl/src/font/lv_font_montserrat_8.o
LOAD ./Core/lvgl/src/font/lv_font_simsun_16_cjk.o
LOAD ./Core/lvgl/src/font/lv_font_unscii_16.o
LOAD ./Core/lvgl/src/font/lv_font_unscii_8.o
LOAD ./Core/lvgl/src/gpu/lv_gpu_nxp_pxp.o
LOAD ./Core/lvgl/src/gpu/lv_gpu_nxp_pxp_osa.o
LOAD ./Core/lvgl/src/gpu/lv_gpu_nxp_vglite.o
LOAD ./Core/lvgl/src/gpu/lv_gpu_sdl.o
LOAD ./Core/lvgl/src/gpu/lv_gpu_stm32_dma2d.o
LOAD ./Core/lvgl/src/gpu/sdl/lv_gpu_sdl_draw_arc.o
LOAD ./Core/lvgl/src/gpu/sdl/lv_gpu_sdl_draw_blend.o
LOAD ./Core/lvgl/src/gpu/sdl/lv_gpu_sdl_draw_img.o
LOAD ./Core/lvgl/src/gpu/sdl/lv_gpu_sdl_draw_label.o
LOAD ./Core/lvgl/src/gpu/sdl/lv_gpu_sdl_draw_line.o
LOAD ./Core/lvgl/src/gpu/sdl/lv_gpu_sdl_draw_rect.o
LOAD ./Core/lvgl/src/gpu/sdl/lv_gpu_sdl_lru.o
LOAD ./Core/lvgl/src/gpu/sdl/lv_gpu_sdl_mask.o
LOAD ./Core/lvgl/src/gpu/sdl/lv_gpu_sdl_stack_blur.o
LOAD ./Core/lvgl/src/gpu/sdl/lv_gpu_sdl_texture_cache.o
LOAD ./Core/lvgl/src/gpu/sdl/lv_gpu_sdl_utils.o
LOAD ./Core/lvgl/src/hal/lv_hal_disp.o
LOAD ./Core/lvgl/src/hal/lv_hal_indev.o
LOAD ./Core/lvgl/src/hal/lv_hal_tick.o
LOAD ./Core/lvgl/src/misc/lv_anim.o
LOAD ./Core/lvgl/src/misc/lv_anim_timeline.o
LOAD ./Core/lvgl/src/misc/lv_area.o
LOAD ./Core/lvgl/src/misc/lv_async.o
LOAD ./Core/lvgl/src/misc/lv_bidi.o
LOAD ./Core/lvgl/src/misc/lv_color.o
LOAD ./Core/lvgl/src/misc/lv_fs.o
LOAD ./Core/lvgl/src/misc/lv_gc.o
LOAD ./Core/lvgl/src/misc/lv_ll.o
LOAD ./Core/lvgl/src/misc/lv_log.o
LOAD ./Core/lvgl/src/misc/lv_math.o
LOAD ./Core/lvgl/src/misc/lv_mem.o
LOAD ./Core/lvgl/src/misc/lv_printf.o
LOAD ./Core/lvgl/src/misc/lv_style.o
LOAD ./Core/lvgl/src/misc/lv_style_gen.o
LOAD ./Core/lvgl/src/misc/lv_templ.o
LOAD ./Core/lvgl/src/misc/lv_timer.o
LOAD ./Core/lvgl/src/misc/lv_tlsf.o
LOAD ./Core/lvgl/src/misc/lv_txt.o
LOAD ./Core/lvgl/src/misc/lv_txt_ap.o
LOAD ./Core/lvgl/src/misc/lv_utils.o
LOAD ./Core/lvgl/src/widgets/lv_arc.o
LOAD ./Core/lvgl/src/widgets/lv_bar.o
LOAD ./Core/lvgl/src/widgets/lv_btn.o
LOAD ./Core/lvgl/src/widgets/lv_btnmatrix.o
LOAD ./Core/lvgl/src/widgets/lv_canvas.o
LOAD ./Core/lvgl/src/widgets/lv_checkbox.o
LOAD ./Core/lvgl/src/widgets/lv_dropdown.o
LOAD ./Core/lvgl/src/widgets/lv_img.o
LOAD ./Core/lvgl/src/widgets/lv_label.o
LOAD ./Core/lvgl/src/widgets/lv_line.o
LOAD ./Core/lvgl/src/widgets/lv_objx_templ.o
LOAD ./Core/lvgl/src/widgets/lv_roller.o
LOAD ./Core/lvgl/src/widgets/lv_slider.o
LOAD ./Core/lvgl/src/widgets/lv_switch.o
LOAD ./Core/lvgl/src/widgets/lv_table.o
LOAD ./Core/lvgl/src/widgets/lv_textarea.o
LOAD ./Core/menu/Scr/cloud.o
LOAD ./Core/menu/Scr/lvgl_menu.o
LOAD ./Core/menu/Scr/moon.o
LOAD ./Core/menu/Scr/rain.o
LOAD ./Core/menu/Scr/snow.o
LOAD ./Core/menu/Scr/sun.o
LOAD ./Core/menu/Scr/wind.o
LOAD ./Core/peripherals/Src/adc.o
LOAD ./Core/peripherals/Src/aht10.o
LOAD ./Core/peripherals/Src/brightness_control.o
LOAD ./Core/peripherals/Src/buzzer.o
LOAD ./Core/peripherals/Src/dfplayer_mini.o
LOAD ./Core/peripherals/Src/esp.o
LOAD ./Core/peripherals/Src/ili9486.o
LOAD ./Core/peripherals/Src/led.o
LOAD ./Core/peripherals/Src/lv53l0x.o
LOAD ./Core/peripherals/Src/median.o
LOAD ./Core/peripherals/Src/range.o
LOAD ./Core/peripherals/Src/sgp30.o
LOAD ./Drivers/STM32F4xx_HAL_Driver/Src/stm32f4xx_hal.o
LOAD ./Drivers/STM32F4xx_HAL_Driver/Src/stm32f4xx_hal_adc.o
LOAD ./Drivers/STM32F4xx_HAL_Driver/Src/stm32f4xx_hal_adc_ex.o
LOAD ./Drivers/STM32F4xx_HAL_Driver/Src/stm32f4xx_hal_cortex.o
LOAD ./Drivers/STM32F4xx_HAL_Driver/Src/stm32f4xx_hal_dma.o
LOAD ./Drivers/STM32F4xx_HAL_Driver/Src/stm32f4xx_hal_dma_ex.o
LOAD ./Drivers/STM32F4xx_HAL_Driver/Src/stm32f4xx_hal_exti.o
LOAD ./Drivers/STM32F4xx_HAL_Driver/Src/stm32f4xx_hal_flash.o
LOAD ./Drivers/STM32F4xx_HAL_Driver/Src/stm32f4xx_hal_flash_ex.o
LOAD ./Drivers/STM32F4xx_HAL_Driver/Src/stm32f4xx_hal_flash_ramfunc.o
LOAD ./Drivers/STM32F4xx_HAL_Driver/Src/stm32f4xx_hal_gpio.o
LOAD ./Drivers/STM32F4xx_HAL_Driver/Src/stm32f4xx_hal_i2c.o
LOAD ./Drivers/STM32F4xx_HAL_Driver/Src/stm32f4xx_hal_i2c_ex.o
LOAD ./Drivers/STM32F4xx_HAL_Driver/Src/stm32f4xx_hal_pwr.o
LOAD ./Drivers/STM32F4xx_HAL_Driver/Src/stm32f4xx_hal_pwr_ex.o
LOAD ./Drivers/STM32F4xx_HAL_Driver/Src/stm32f4xx_hal_rcc.o
LOAD ./Drivers/STM32F4xx_HAL_Driver/Src/stm32f4xx_hal_rcc_ex.o
LOAD ./Drivers/STM32F4xx_HAL_Driver/Src/stm32f4xx_hal_sram.o
LOAD ./Drivers/STM32F4xx_HAL_Driver/Src/stm32f4xx_hal_tim.o
LOAD ./Drivers/STM32F4xx_HAL_Driver/Src/stm32f4xx_hal_tim_ex.o
LOAD ./Drivers/STM32F4xx_HAL_Driver/Src/stm32f4xx_hal_uart.o
LOAD ./Drivers/STM32F4xx_HAL_Driver/Src/stm32f4xx_ll_adc.o
LOAD ./Drivers/STM32F4xx_HAL_Driver/Src/stm32f4xx_ll_fmc.o
START GROUP
LOAD C:/ST/STM32CubeIDE_1.13.1/STM32CubeIDE/plugins/com.st.stm32cube.ide.mcu.externaltools.gnu-tools-for-stm32.11.3.rel1.win32_1.1.0.202305231506/tools/bin/../lib/gcc/arm-none-eabi/11.3.1/../../../../arm-none-eabi/lib/thumb/v7e-m+fp/hard\libc_nano.a
LOAD C:/ST/STM32CubeIDE_1.13.1/STM32CubeIDE/plugins/com.st.stm32cube.ide.mcu.externaltools.gnu-tools-for-stm32.11.3.rel1.win32_1.1.0.202305231506/tools/bin/../lib/gcc/arm-none-eabi/11.3.1/../../../../arm-none-eabi/lib/thumb/v7e-m+fp/hard\libm.a
END GROUP
START GROUP
LOAD C:/ST/STM32CubeIDE_1.13.1/STM32CubeIDE/plugins/com.st.stm32cube.ide.mcu.externaltools.gnu-tools-for-stm32.11.3.rel1.win32_1.1.0.202305231506/tools/bin/../lib/gcc/arm-none-eabi/11.3.1/thumb/v7e-m+fp/hard\libgcc.a
LOAD C:/ST/STM32CubeIDE_1.13.1/STM32CubeIDE/plugins/com.st.stm32cube.ide.mcu.externaltools.gnu-tools-for-stm32.11.3.rel1.win32_1.1.0.202305231506/tools/bin/../lib/gcc/arm-none-eabi/11.3.1/../../../../arm-none-eabi/lib/thumb/v7e-m+fp/hard\libc_nano.a
END GROUP
START GROUP
LOAD C:/ST/STM32CubeIDE_1.13.1/STM32CubeIDE/plugins/com.st.stm32cube.ide.mcu.externaltools.gnu-tools-for-stm32.11.3.rel1.win32_1.1.0.202305231506/tools/bin/../lib/gcc/arm-none-eabi/11.3.1/thumb/v7e-m+fp/hard\libgcc.a
LOAD C:/ST/STM32CubeIDE_1.13.1/STM32CubeIDE/plugins/com.st.stm32cube.ide.mcu.externaltools.gnu-tools-for-stm32.11.3.rel1.win32_1.1.0.202305231506/tools/bin/../lib/gcc/arm-none-eabi/11.3.1/../../../../arm-none-eabi/lib/thumb/v7e-m+fp/hard\libc_nano.a
LOAD C:/ST/STM32CubeIDE_1.13.1/STM32CubeIDE/plugins/com.st.stm32cube.ide.mcu.externaltools.gnu-tools-for-stm32.11.3.rel1.win32_1.1.0.202305231506/tools/bin/../lib/gcc/arm-none-eabi/11.3.1/../../../../arm-none-eabi/lib/thumb/v7e-m+fp/hard\libnosys.a
END GROUP
START GROUP
LOAD C:/ST/STM32CubeIDE_1.13.1/STM32CubeIDE/plugins/com.st.stm32cube.ide.mcu.externaltools.gnu-tools-for-stm32.11.3.rel1.win32_1.1.0.202305231506/tools/bin/../lib/gcc/arm-none-eabi/11.3.1/thumb/v7e-m+fp/hard\libgcc.a
LOAD C:/ST/STM32CubeIDE_1.13.1/STM32CubeIDE/plugins/com.st.stm32cube.ide.mcu.externaltools.gnu-tools-for-stm32.11.3.rel1.win32_1.1.0.202305231506/tools/bin/../lib/gcc/arm-none-eabi/11.3.1/../../../../arm-none-eabi/lib/thumb/v7e-m+fp/hard\libc_nano.a
LOAD C:/ST/STM32CubeIDE_1.13.1/STM32CubeIDE/plugins/com.st.stm32cube.ide.mcu.externaltools.gnu-tools-for-stm32.11.3.rel1.win32_1.1.0.202305231506/tools/bin/../lib/gcc/arm-none-eabi/11.3.1/../../../../arm-none-eabi/lib/thumb/v7e-m+fp/hard\libnosys.a
END GROUP
LOAD C:/ST/STM32CubeIDE_1.13.1/STM32CubeIDE/plugins/com.st.stm32cube.ide.mcu.externaltools.gnu-tools-for-stm32.11.3.rel1.win32_1.1.0.202305231506/tools/bin/../lib/gcc/arm-none-eabi/11.3.1/thumb/v7e-m+fp/hard/crtend.o
LOAD C:/ST/STM32CubeIDE_1.13.1/STM32CubeIDE/plugins/com.st.stm32cube.ide.mcu.externaltools.gnu-tools-for-stm32.11.3.rel1.win32_1.1.0.202305231506/tools/bin/../lib/gcc/arm-none-eabi/11.3.1/thumb/v7e-m+fp/hard/crtn.o
                0x0000000020020000                _estack = (ORIGIN (RAM) + LENGTH (RAM))
                0x0000000000000200                _Min_Heap_Size = 0x200
                0x0000000000000400                _Min_Stack_Size = 0x400

.isr_vector     0x0000000008000000      0x1c4
                0x0000000008000000                . = ALIGN (0x4)
 *(.isr_vector)
 .isr_vector    0x0000000008000000      0x1c4 ./Core/Startup/startup_stm32f446vetx.o
                0x0000000008000000                g_pfnVectors
                0x00000000080001c4                . = ALIGN (0x4)

.text           0x00000000080001d0    0x2817c
                0x00000000080001d0                . = ALIGN (0x4)
 *(.text)
 .text          0x00000000080001d0       0x40 C:/ST/STM32CubeIDE_1.13.1/STM32CubeIDE/plugins/com.st.stm32cube.ide.mcu.externaltools.gnu-tools-for-stm32.11.3.rel1.win32_1.1.0.202305231506/tools/bin/../lib/gcc/arm-none-eabi/11.3.1/thumb/v7e-m+fp/hard/crtbegin.o
 .text          0x0000000008000210       0x14 C:/ST/STM32CubeIDE_1.13.1/STM32CubeIDE/plugins/com.st.stm32cube.ide.mcu.externaltools.gnu-tools-for-stm32.11.3.rel1.win32_1.1.0.202305231506/tools/bin/../lib/gcc/arm-none-eabi/11.3.1/../../../../arm-none-eabi/lib/thumb/v7e-m+fp/hard\libc_nano.a(libc_a-strcmp.o)
                0x0000000008000210                strcmp
 .text          0x0000000008000224       0x10 C:/ST/STM32CubeIDE_1.13.1/STM32CubeIDE/plugins/com.st.stm32cube.ide.mcu.externaltools.gnu-tools-for-stm32.11.3.rel1.win32_1.1.0.202305231506/tools/bin/../lib/gcc/arm-none-eabi/11.3.1/../../../../arm-none-eabi/lib/thumb/v7e-m+fp/hard\libc_nano.a(libc_a-strlen.o)
                0x0000000008000224                strlen
 *fill*         0x0000000008000234        0xc 
 .text          0x0000000008000240       0xa0 C:/ST/STM32CubeIDE_1.13.1/STM32CubeIDE/plugins/com.st.stm32cube.ide.mcu.externaltools.gnu-tools-for-stm32.11.3.rel1.win32_1.1.0.202305231506/tools/bin/../lib/gcc/arm-none-eabi/11.3.1/../../../../arm-none-eabi/lib/thumb/v7e-m+fp/hard\libc_nano.a(libc_a-memchr.o)
                0x0000000008000240                memchr
 .text          0x00000000080002e0      0x378 C:/ST/STM32CubeIDE_1.13.1/STM32CubeIDE/plugins/com.st.stm32cube.ide.mcu.externaltools.gnu-tools-for-stm32.11.3.rel1.win32_1.1.0.202305231506/tools/bin/../lib/gcc/arm-none-eabi/11.3.1/thumb/v7e-m+fp/hard\libgcc.a(_arm_addsubdf3.o)
                0x00000000080002e0                __aeabi_drsub
                0x00000000080002e8                __aeabi_dsub
                0x00000000080002e8                __subdf3
                0x00000000080002ec                __aeabi_dadd
                0x00000000080002ec                __adddf3
                0x0000000008000564                __floatunsidf
                0x0000000008000564                __aeabi_ui2d
                0x0000000008000584                __floatsidf
                0x0000000008000584                __aeabi_i2d
                0x00000000080005a8                __aeabi_f2d
                0x00000000080005a8                __extendsfdf2
                0x00000000080005ec                __floatundidf
                0x00000000080005ec                __aeabi_ul2d
                0x00000000080005fc                __floatdidf
                0x00000000080005fc                __aeabi_l2d
 .text          0x0000000008000658      0x424 C:/ST/STM32CubeIDE_1.13.1/STM32CubeIDE/plugins/com.st.stm32cube.ide.mcu.externaltools.gnu-tools-for-stm32.11.3.rel1.win32_1.1.0.202305231506/tools/bin/../lib/gcc/arm-none-eabi/11.3.1/thumb/v7e-m+fp/hard\libgcc.a(_arm_muldivdf3.o)
                0x0000000008000658                __aeabi_dmul
                0x0000000008000658                __muldf3
                0x00000000080008ac                __divdf3
                0x00000000080008ac                __aeabi_ddiv
 .text          0x0000000008000a7c      0x110 C:/ST/STM32CubeIDE_1.13.1/STM32CubeIDE/plugins/com.st.stm32cube.ide.mcu.externaltools.gnu-tools-for-stm32.11.3.rel1.win32_1.1.0.202305231506/tools/bin/../lib/gcc/arm-none-eabi/11.3.1/thumb/v7e-m+fp/hard\libgcc.a(_arm_cmpdf2.o)
                0x0000000008000a7c                __gtdf2
                0x0000000008000a7c                __gedf2
                0x0000000008000a84                __ltdf2
                0x0000000008000a84                __ledf2
                0x0000000008000a8c                __nedf2
                0x0000000008000a8c                __eqdf2
                0x0000000008000a8c                __cmpdf2
                0x0000000008000b08                __aeabi_cdrcmple
                0x0000000008000b18                __aeabi_cdcmpeq
                0x0000000008000b18                __aeabi_cdcmple
                0x0000000008000b28                __aeabi_dcmpeq
                0x0000000008000b3c                __aeabi_dcmplt
                0x0000000008000b50                __aeabi_dcmple
                0x0000000008000b64                __aeabi_dcmpge
                0x0000000008000b78                __aeabi_dcmpgt
 .text          0x0000000008000b8c       0x50 C:/ST/STM32CubeIDE_1.13.1/STM32CubeIDE/plugins/com.st.stm32cube.ide.mcu.externaltools.gnu-tools-for-stm32.11.3.rel1.win32_1.1.0.202305231506/tools/bin/../lib/gcc/arm-none-eabi/11.3.1/thumb/v7e-m+fp/hard\libgcc.a(_arm_fixdfsi.o)
                0x0000000008000b8c                __aeabi_d2iz
                0x0000000008000b8c                __fixdfsi
 .text          0x0000000008000bdc       0x40 C:/ST/STM32CubeIDE_1.13.1/STM32CubeIDE/plugins/com.st.stm32cube.ide.mcu.externaltools.gnu-tools-for-stm32.11.3.rel1.win32_1.1.0.202305231506/tools/bin/../lib/gcc/arm-none-eabi/11.3.1/thumb/v7e-m+fp/hard\libgcc.a(_arm_fixunsdfsi.o)
                0x0000000008000bdc                __aeabi_d2uiz
                0x0000000008000bdc                __fixunsdfsi
 .text          0x0000000008000c1c       0x30 C:/ST/STM32CubeIDE_1.13.1/STM32CubeIDE/plugins/com.st.stm32cube.ide.mcu.externaltools.gnu-tools-for-stm32.11.3.rel1.win32_1.1.0.202305231506/tools/bin/../lib/gcc/arm-none-eabi/11.3.1/thumb/v7e-m+fp/hard\libgcc.a(_aeabi_uldivmod.o)
                0x0000000008000c1c                __aeabi_uldivmod
 .text          0x0000000008000c4c      0x2c8 C:/ST/STM32CubeIDE_1.13.1/STM32CubeIDE/plugins/com.st.stm32cube.ide.mcu.externaltools.gnu-tools-for-stm32.11.3.rel1.win32_1.1.0.202305231506/tools/bin/../lib/gcc/arm-none-eabi/11.3.1/thumb/v7e-m+fp/hard\libgcc.a(_udivmoddi4.o)
                0x0000000008000c4c                __udivmoddi4
 .text          0x0000000008000f14        0x4 C:/ST/STM32CubeIDE_1.13.1/STM32CubeIDE/plugins/com.st.stm32cube.ide.mcu.externaltools.gnu-tools-for-stm32.11.3.rel1.win32_1.1.0.202305231506/tools/bin/../lib/gcc/arm-none-eabi/11.3.1/thumb/v7e-m+fp/hard\libgcc.a(_dvmd_tls.o)
                0x0000000008000f14                __aeabi_idiv0
                0x0000000008000f14                __aeabi_ldiv0
 *(.text*)
 .text.tft_flush
                0x0000000008000f18       0x44 ./Core/Src/main.o
 .text.SystemClock_Config
                0x0000000008000f5c       0xac ./Core/Src/main.o
                0x0000000008000f5c                SystemClock_Config
 .text.startup.main
                0x0000000008001008      0x534 ./Core/Src/main.o
                0x0000000008001008                main
 .text.Error_Handler
                0x000000000800153c        0x4 ./Core/Src/main.o
                0x000000000800153c                Error_Handler
 .text.HAL_MspInit
                0x0000000008001540       0x38 ./Core/Src/stm32f4xx_hal_msp.o
                0x0000000008001540                HAL_MspInit
 .text.HAL_ADC_MspInit
                0x0000000008001578       0xa4 ./Core/Src/stm32f4xx_hal_msp.o
                0x0000000008001578                HAL_ADC_MspInit
 .text.HAL_I2C_MspInit
                0x000000000800161c      0x174 ./Core/Src/stm32f4xx_hal_msp.o
                0x000000000800161c                HAL_I2C_MspInit
 .text.HAL_TIM_PWM_MspInit
                0x0000000008001790       0x54 ./Core/Src/stm32f4xx_hal_msp.o
                0x0000000008001790                HAL_TIM_PWM_MspInit
 .text.HAL_TIM_Base_MspInit
                0x00000000080017e4       0x30 ./Core/Src/stm32f4xx_hal_msp.o
                0x00000000080017e4                HAL_TIM_Base_MspInit
 .text.HAL_TIM_MspPostInit
                0x0000000008001814       0x80 ./Core/Src/stm32f4xx_hal_msp.o
                0x0000000008001814                HAL_TIM_MspPostInit
 .text.HAL_UART_MspInit
                0x0000000008001894      0x140 ./Core/Src/stm32f4xx_hal_msp.o
                0x0000000008001894                HAL_UART_MspInit
 .text.HAL_SRAM_MspInit
                0x00000000080019d4       0x6c ./Core/Src/stm32f4xx_hal_msp.o
                0x00000000080019d4                HAL_SRAM_MspInit
 .text.NMI_Handler
                0x0000000008001a40        0x2 ./Core/Src/stm32f4xx_it.o
                0x0000000008001a40                NMI_Handler
 .text.HardFault_Handler
                0x0000000008001a42        0x2 ./Core/Src/stm32f4xx_it.o
                0x0000000008001a42                HardFault_Handler
 .text.MemManage_Handler
                0x0000000008001a44        0x2 ./Core/Src/stm32f4xx_it.o
                0x0000000008001a44                MemManage_Handler
 .text.BusFault_Handler
                0x0000000008001a46        0x2 ./Core/Src/stm32f4xx_it.o
                0x0000000008001a46                BusFault_Handler
 .text.UsageFault_Handler
                0x0000000008001a48        0x2 ./Core/Src/stm32f4xx_it.o
                0x0000000008001a48                UsageFault_Handler
 .text.SVC_Handler
                0x0000000008001a4a        0x2 ./Core/Src/stm32f4xx_it.o
                0x0000000008001a4a                SVC_Handler
 .text.DebugMon_Handler
                0x0000000008001a4c        0x2 ./Core/Src/stm32f4xx_it.o
                0x0000000008001a4c                DebugMon_Handler
 .text.PendSV_Handler
                0x0000000008001a4e        0x2 ./Core/Src/stm32f4xx_it.o
                0x0000000008001a4e                PendSV_Handler
 .text.SysTick_Handler
                0x0000000008001a50       0x10 ./Core/Src/stm32f4xx_it.o
                0x0000000008001a50                SysTick_Handler
 .text.DMA1_Stream5_IRQHandler
                0x0000000008001a60        0xc ./Core/Src/stm32f4xx_it.o
                0x0000000008001a60                DMA1_Stream5_IRQHandler
 .text.USART3_IRQHandler
                0x0000000008001a6c        0xc ./Core/Src/stm32f4xx_it.o
                0x0000000008001a6c                USART3_IRQHandler
 .text.DMA2_Stream0_IRQHandler
                0x0000000008001a78        0xc ./Core/Src/stm32f4xx_it.o
                0x0000000008001a78                DMA2_Stream0_IRQHandler
 .text._sbrk    0x0000000008001a84       0x40 ./Core/Src/sysmem.o
                0x0000000008001a84                _sbrk
 .text.SystemInit
                0x0000000008001ac4       0x14 ./Core/Src/system_stm32f4xx.o
                0x0000000008001ac4                SystemInit
 .text.Reset_Handler
                0x0000000008001ad8       0x50 ./Core/Startup/startup_stm32f446vetx.o
                0x0000000008001ad8                Reset_Handler
 .text.Default_Handler
                0x0000000008001b28        0x2 ./Core/Startup/startup_stm32f446vetx.o
                0x0000000008001b28                RTC_Alarm_IRQHandler
                0x0000000008001b28                EXTI2_IRQHandler
                0x0000000008001b28                TIM8_CC_IRQHandler
                0x0000000008001b28                FMPI2C1_EV_IRQHandler
                0x0000000008001b28                SPI4_IRQHandler
                0x0000000008001b28                TIM1_CC_IRQHandler
                0x0000000008001b28                DMA2_Stream5_IRQHandler
                0x0000000008001b28                PVD_IRQHandler
                0x0000000008001b28                SDIO_IRQHandler
                0x0000000008001b28                TAMP_STAMP_IRQHandler
                0x0000000008001b28                CAN2_RX1_IRQHandler
                0x0000000008001b28                EXTI3_IRQHandler
                0x0000000008001b28                TIM8_TRG_COM_TIM14_IRQHandler
                0x0000000008001b28                TIM1_UP_TIM10_IRQHandler
                0x0000000008001b28                TIM8_UP_TIM13_IRQHandler
                0x0000000008001b28                I2C3_ER_IRQHandler
                0x0000000008001b28                EXTI0_IRQHandler
                0x0000000008001b28                I2C2_EV_IRQHandler
                0x0000000008001b28                DMA1_Stream2_IRQHandler
                0x0000000008001b28                CAN1_RX0_IRQHandler
                0x0000000008001b28                FPU_IRQHandler
                0x0000000008001b28                OTG_HS_WKUP_IRQHandler
                0x0000000008001b28                CAN2_SCE_IRQHandler
                0x0000000008001b28                DMA2_Stream2_IRQHandler
                0x0000000008001b28                SPI1_IRQHandler
                0x0000000008001b28                TIM6_DAC_IRQHandler
                0x0000000008001b28                TIM1_BRK_TIM9_IRQHandler
                0x0000000008001b28                DCMI_IRQHandler
                0x0000000008001b28                CAN2_RX0_IRQHandler
                0x0000000008001b28                DMA2_Stream3_IRQHandler
                0x0000000008001b28                SAI2_IRQHandler
                0x0000000008001b28                USART6_IRQHandler
                0x0000000008001b28                CAN1_RX1_IRQHandler
                0x0000000008001b28                UART5_IRQHandler
                0x0000000008001b28                TIM4_IRQHandler
                0x0000000008001b28                QUADSPI_IRQHandler
                0x0000000008001b28                I2C1_EV_IRQHandler
                0x0000000008001b28                DMA1_Stream6_IRQHandler
                0x0000000008001b28                DMA1_Stream1_IRQHandler
                0x0000000008001b28                UART4_IRQHandler
                0x0000000008001b28                TIM3_IRQHandler
                0x0000000008001b28                RCC_IRQHandler
                0x0000000008001b28                TIM8_BRK_TIM12_IRQHandler
                0x0000000008001b28                Default_Handler
                0x0000000008001b28                CEC_IRQHandler
                0x0000000008001b28                EXTI15_10_IRQHandler
                0x0000000008001b28                ADC_IRQHandler
                0x0000000008001b28                DMA1_Stream7_IRQHandler
                0x0000000008001b28                TIM7_IRQHandler
                0x0000000008001b28                CAN2_TX_IRQHandler
                0x0000000008001b28                TIM5_IRQHandler
                0x0000000008001b28                DMA2_Stream7_IRQHandler
                0x0000000008001b28                I2C3_EV_IRQHandler
                0x0000000008001b28                EXTI9_5_IRQHandler
                0x0000000008001b28                RTC_WKUP_IRQHandler
                0x0000000008001b28                SPDIF_RX_IRQHandler
                0x0000000008001b28                SPI2_IRQHandler
                0x0000000008001b28                OTG_HS_EP1_IN_IRQHandler
                0x0000000008001b28                DMA1_Stream0_IRQHandler
                0x0000000008001b28                CAN1_TX_IRQHandler
                0x0000000008001b28                FMPI2C1_ER_IRQHandler
                0x0000000008001b28                EXTI4_IRQHandler
                0x0000000008001b28                OTG_HS_EP1_OUT_IRQHandler
                0x0000000008001b28                WWDG_IRQHandler
                0x0000000008001b28                TIM2_IRQHandler
                0x0000000008001b28                OTG_FS_WKUP_IRQHandler
                0x0000000008001b28                TIM1_TRG_COM_TIM11_IRQHandler
                0x0000000008001b28                OTG_HS_IRQHandler
                0x0000000008001b28                EXTI1_IRQHandler
                0x0000000008001b28                USART2_IRQHandler
                0x0000000008001b28                I2C2_ER_IRQHandler
                0x0000000008001b28                DMA2_Stream1_IRQHandler
                0x0000000008001b28                CAN1_SCE_IRQHandler
                0x0000000008001b28                FLASH_IRQHandler
                0x0000000008001b28                DMA2_Stream4_IRQHandler
                0x0000000008001b28                USART1_IRQHandler
                0x0000000008001b28                OTG_FS_IRQHandler
                0x0000000008001b28                SPI3_IRQHandler
                0x0000000008001b28                DMA1_Stream4_IRQHandler
                0x0000000008001b28                I2C1_ER_IRQHandler
                0x0000000008001b28                FMC_IRQHandler
                0x0000000008001b28                DMA2_Stream6_IRQHandler
                0x0000000008001b28                SAI1_IRQHandler
                0x0000000008001b28                DMA1_Stream3_IRQHandler
 .text.lv_disp_get_scr_act
                0x0000000008001b2a        0xe ./Core/lvgl/src/core/lv_disp.o
                0x0000000008001b2a                lv_disp_get_scr_act
 .text.lv_disp_get_scr_prev
                0x0000000008001b38        0xe ./Core/lvgl/src/core/lv_disp.o
                0x0000000008001b38                lv_disp_get_scr_prev
 .text.lv_disp_load_scr
                0x0000000008001b46       0x32 ./Core/lvgl/src/core/lv_disp.o
                0x0000000008001b46                lv_disp_load_scr
 .text.lv_disp_get_layer_top
                0x0000000008001b78        0xe ./Core/lvgl/src/core/lv_disp.o
                0x0000000008001b78                lv_disp_get_layer_top
 .text.lv_disp_get_layer_sys
                0x0000000008001b86        0xe ./Core/lvgl/src/core/lv_disp.o
                0x0000000008001b86                lv_disp_get_layer_sys
 .text.lv_disp_get_theme
                0x0000000008001b94        0xc ./Core/lvgl/src/core/lv_disp.o
                0x0000000008001b94                lv_disp_get_theme
 .text.lv_obj_event_base
                0x0000000008001ba0       0x2a ./Core/lvgl/src/core/lv_event.o
                0x0000000008001ba0                lv_obj_event_base
 *fill*         0x0000000008001bca        0x2 
 .text.event_send_core
                0x0000000008001bcc       0xc8 ./Core/lvgl/src/core/lv_event.o
 .text.lv_event_send
                0x0000000008001c94       0x40 ./Core/lvgl/src/core/lv_event.o
                0x0000000008001c94                lv_event_send
 .text.lv_event_get_target
                0x0000000008001cd4        0x4 ./Core/lvgl/src/core/lv_event.o
                0x0000000008001cd4                lv_event_get_target
 .text.lv_event_get_code
                0x0000000008001cd8        0x4 ./Core/lvgl/src/core/lv_event.o
                0x0000000008001cd8                lv_event_get_code
 .text.lv_event_get_param
                0x0000000008001cdc        0x4 ./Core/lvgl/src/core/lv_event.o
                0x0000000008001cdc                lv_event_get_param
 .text.lv_event_get_user_data
                0x0000000008001ce0        0x4 ./Core/lvgl/src/core/lv_event.o
                0x0000000008001ce0                lv_event_get_user_data
 .text._lv_event_mark_deleted
                0x0000000008001ce4       0x24 ./Core/lvgl/src/core/lv_event.o
                0x0000000008001ce4                _lv_event_mark_deleted
 .text.lv_obj_add_event_cb
                0x0000000008001d08       0x54 ./Core/lvgl/src/core/lv_event.o
                0x0000000008001d08                lv_obj_add_event_cb
 .text.lv_event_get_indev
                0x0000000008001d5c        0xe ./Core/lvgl/src/core/lv_event.o
                0x0000000008001d5c                lv_event_get_indev
 .text.lv_event_set_ext_draw_size
                0x0000000008001d6a       0x16 ./Core/lvgl/src/core/lv_event.o
                0x0000000008001d6a                lv_event_set_ext_draw_size
 .text.get_indev
                0x0000000008001d80       0x4c ./Core/lvgl/src/core/lv_group.o
 .text.focus_next_core
                0x0000000008001dcc       0xe2 ./Core/lvgl/src/core/lv_group.o
 *fill*         0x0000000008001eae        0x2 
 .text._lv_group_init
                0x0000000008001eb0        0xc ./Core/lvgl/src/core/lv_group.o
                0x0000000008001eb0                _lv_group_init
 .text.lv_group_get_default
                0x0000000008001ebc        0xc ./Core/lvgl/src/core/lv_group.o
                0x0000000008001ebc                lv_group_get_default
 .text.lv_group_focus_next
                0x0000000008001ec8       0x10 ./Core/lvgl/src/core/lv_group.o
                0x0000000008001ec8                lv_group_focus_next
 .text.lv_group_focus_prev
                0x0000000008001ed8       0x10 ./Core/lvgl/src/core/lv_group.o
                0x0000000008001ed8                lv_group_focus_prev
 .text.lv_group_refocus
                0x0000000008001ee8       0x28 ./Core/lvgl/src/core/lv_group.o
 .text.lv_group_add_obj
                0x0000000008001f10       0x6a ./Core/lvgl/src/core/lv_group.o
                0x0000000008001f10                lv_group_add_obj
 .text.lv_group_remove_obj
                0x0000000008001f7a       0x90 ./Core/lvgl/src/core/lv_group.o
                0x0000000008001f7a                lv_group_remove_obj
 .text.lv_group_get_focused
                0x000000000800200a        0xa ./Core/lvgl/src/core/lv_group.o
                0x000000000800200a                lv_group_get_focused
 .text.lv_group_set_editing
                0x0000000008002014       0x42 ./Core/lvgl/src/core/lv_group.o
                0x0000000008002014                lv_group_set_editing
 .text.lv_group_get_editing
                0x0000000008002056        0xa ./Core/lvgl/src/core/lv_group.o
                0x0000000008002056                lv_group_get_editing
 .text.lv_indev_get_act
                0x0000000008002060        0xc ./Core/lvgl/src/core/lv_indev.o
                0x0000000008002060                lv_indev_get_act
 .text.lv_indev_get_type
                0x000000000800206c        0x8 ./Core/lvgl/src/core/lv_indev.o
                0x000000000800206c                lv_indev_get_type
 .text.lv_indev_reset
                0x0000000008002074       0x94 ./Core/lvgl/src/core/lv_indev.o
                0x0000000008002074                lv_indev_reset
 .text.lv_indev_reset_long_press
                0x0000000008002108       0x1a ./Core/lvgl/src/core/lv_indev.o
                0x0000000008002108                lv_indev_reset_long_press
 .text.lv_indev_get_point
                0x0000000008002122       0x2c ./Core/lvgl/src/core/lv_indev.o
                0x0000000008002122                lv_indev_get_point
 .text.lv_indev_get_scroll_dir
                0x000000000800214e       0x1c ./Core/lvgl/src/core/lv_indev.o
                0x000000000800214e                lv_indev_get_scroll_dir
 .text.lv_indev_get_scroll_obj
                0x000000000800216a       0x16 ./Core/lvgl/src/core/lv_indev.o
                0x000000000800216a                lv_indev_get_scroll_obj
 .text.lv_indev_get_vect
                0x0000000008002180       0x22 ./Core/lvgl/src/core/lv_indev.o
                0x0000000008002180                lv_indev_get_vect
 .text.lv_indev_wait_release
                0x00000000080021a2        0xc ./Core/lvgl/src/core/lv_indev.o
                0x00000000080021a2                lv_indev_wait_release
 *fill*         0x00000000080021ae        0x2 
 .text.lv_indev_get_obj_act
                0x00000000080021b0        0xc ./Core/lvgl/src/core/lv_indev.o
                0x00000000080021b0                lv_indev_get_obj_act
 .text.lv_indev_scroll_throw_predict
                0x00000000080021bc       0x36 ./Core/lvgl/src/core/lv_indev_scroll.o
                0x00000000080021bc                lv_indev_scroll_throw_predict
 .text.lv_obj_constructor
                0x00000000080021f2       0x74 ./Core/lvgl/src/core/lv_obj.o
 .text.lv_obj_set_state
                0x0000000008002266      0x1fa ./Core/lvgl/src/core/lv_obj.o
 .text.lv_obj_draw
                0x0000000008002460      0x464 ./Core/lvgl/src/core/lv_obj.o
 .text.lv_init  0x00000000080028c4       0x50 ./Core/lvgl/src/core/lv_obj.o
                0x00000000080028c4                lv_init
 .text.lv_obj_create
                0x0000000008002914       0x18 ./Core/lvgl/src/core/lv_obj.o
                0x0000000008002914                lv_obj_create
 .text.lv_obj_add_flag
                0x000000000800292c       0x64 ./Core/lvgl/src/core/lv_obj.o
                0x000000000800292c                lv_obj_add_flag
 .text.lv_obj_clear_flag
                0x0000000008002990       0x72 ./Core/lvgl/src/core/lv_obj.o
                0x0000000008002990                lv_obj_clear_flag
 .text.lv_obj_add_state
                0x0000000008002a02       0x12 ./Core/lvgl/src/core/lv_obj.o
                0x0000000008002a02                lv_obj_add_state
 .text.lv_obj_clear_state
                0x0000000008002a14       0x12 ./Core/lvgl/src/core/lv_obj.o
                0x0000000008002a14                lv_obj_clear_state
 .text.lv_obj_has_flag
                0x0000000008002a26        0xc ./Core/lvgl/src/core/lv_obj.o
                0x0000000008002a26                lv_obj_has_flag
 .text.lv_obj_has_flag_any
                0x0000000008002a32        0xc ./Core/lvgl/src/core/lv_obj.o
                0x0000000008002a32                lv_obj_has_flag_any
 .text.lv_obj_get_state
                0x0000000008002a3e        0x4 ./Core/lvgl/src/core/lv_obj.o
                0x0000000008002a3e                lv_obj_get_state
 .text.lv_obj_get_group
                0x0000000008002a42        0x8 ./Core/lvgl/src/core/lv_obj.o
                0x0000000008002a42                lv_obj_get_group
 .text.lv_obj_event
                0x0000000008002a4a      0x344 ./Core/lvgl/src/core/lv_obj.o
 *fill*         0x0000000008002d8e        0x2 
 .text.lv_obj_destructor
                0x0000000008002d90       0x68 ./Core/lvgl/src/core/lv_obj.o
 .text.lv_obj_allocate_spec_attr
                0x0000000008002df8       0x38 ./Core/lvgl/src/core/lv_obj.o
                0x0000000008002df8                lv_obj_allocate_spec_attr
 .text.lv_obj_check_type
                0x0000000008002e30        0xc ./Core/lvgl/src/core/lv_obj.o
                0x0000000008002e30                lv_obj_check_type
 .text.lv_obj_construct
                0x0000000008002e3c       0x22 ./Core/lvgl/src/core/lv_obj_class.o
 *fill*         0x0000000008002e5e        0x2 
 .text.lv_obj_class_create_obj
                0x0000000008002e60       0xd8 ./Core/lvgl/src/core/lv_obj_class.o
                0x0000000008002e60                lv_obj_class_create_obj
 .text._lv_obj_destruct
                0x0000000008002f38       0x1a ./Core/lvgl/src/core/lv_obj_class.o
                0x0000000008002f38                _lv_obj_destruct
 .text.lv_obj_is_editable
                0x0000000008002f52       0x14 ./Core/lvgl/src/core/lv_obj_class.o
                0x0000000008002f52                lv_obj_is_editable
 .text.lv_obj_is_group_def
                0x0000000008002f66       0x14 ./Core/lvgl/src/core/lv_obj_class.o
                0x0000000008002f66                lv_obj_is_group_def
 .text.lv_obj_class_init_obj
                0x0000000008002f7a       0x74 ./Core/lvgl/src/core/lv_obj_class.o
                0x0000000008002f7a                lv_obj_class_init_obj
 .text.lv_obj_get_style_opa
                0x0000000008002fee        0xe ./Core/lvgl/src/core/lv_obj_draw.o
 .text.lv_obj_get_style_blend_mode
                0x0000000008002ffc        0xc ./Core/lvgl/src/core/lv_obj_draw.o
 .text.lv_obj_init_draw_rect_dsc
                0x0000000008003008      0x27a ./Core/lvgl/src/core/lv_obj_draw.o
                0x0000000008003008                lv_obj_init_draw_rect_dsc
 .text.lv_obj_init_draw_label_dsc
                0x0000000008003282       0xa2 ./Core/lvgl/src/core/lv_obj_draw.o
                0x0000000008003282                lv_obj_init_draw_label_dsc
 .text.lv_obj_init_draw_img_dsc
                0x0000000008003324       0x92 ./Core/lvgl/src/core/lv_obj_draw.o
                0x0000000008003324                lv_obj_init_draw_img_dsc
 .text.lv_obj_init_draw_line_dsc
                0x00000000080033b6       0xa0 ./Core/lvgl/src/core/lv_obj_draw.o
                0x00000000080033b6                lv_obj_init_draw_line_dsc
 .text.lv_obj_init_draw_arc_dsc
                0x0000000008003456       0x8c ./Core/lvgl/src/core/lv_obj_draw.o
                0x0000000008003456                lv_obj_init_draw_arc_dsc
 .text.lv_obj_calculate_ext_draw_size
                0x00000000080034e2       0xe2 ./Core/lvgl/src/core/lv_obj_draw.o
                0x00000000080034e2                lv_obj_calculate_ext_draw_size
 .text.lv_obj_draw_dsc_init
                0x00000000080035c4       0x10 ./Core/lvgl/src/core/lv_obj_draw.o
                0x00000000080035c4                lv_obj_draw_dsc_init
 .text._lv_obj_get_ext_draw_size
                0x00000000080035d4        0xa ./Core/lvgl/src/core/lv_obj_draw.o
                0x00000000080035d4                _lv_obj_get_ext_draw_size
 .text.lv_obj_refresh_ext_draw_size
                0x00000000080035de       0x5a ./Core/lvgl/src/core/lv_obj_draw.o
                0x00000000080035de                lv_obj_refresh_ext_draw_size
 .text.lv_obj_get_style_border_width.constprop.0
                0x0000000008003638       0x10 ./Core/lvgl/src/core/lv_obj_pos.o
 .text.lv_obj_get_style_base_dir.constprop.0
                0x0000000008003648       0x10 ./Core/lvgl/src/core/lv_obj_pos.o
 .text.lv_obj_get_style_pad_right.constprop.0
                0x0000000008003658       0x10 ./Core/lvgl/src/core/lv_obj_pos.o
 .text.lv_obj_get_style_pad_left.constprop.0
                0x0000000008003668       0x10 ./Core/lvgl/src/core/lv_obj_pos.o
 .text.lv_obj_get_style_pad_bottom.constprop.0
                0x0000000008003678       0x10 ./Core/lvgl/src/core/lv_obj_pos.o
 .text.lv_obj_get_style_pad_top.constprop.0
                0x0000000008003688       0x10 ./Core/lvgl/src/core/lv_obj_pos.o
 .text.lv_obj_set_width
                0x0000000008003698       0x30 ./Core/lvgl/src/core/lv_obj_pos.o
                0x0000000008003698                lv_obj_set_width
 .text.lv_obj_set_height
                0x00000000080036c8       0x30 ./Core/lvgl/src/core/lv_obj_pos.o
                0x00000000080036c8                lv_obj_set_height
 .text.lv_obj_set_size
                0x00000000080036f8       0x16 ./Core/lvgl/src/core/lv_obj_pos.o
                0x00000000080036f8                lv_obj_set_size
 *fill*         0x000000000800370e        0x2 
 .text.lv_obj_is_layout_positioned
                0x0000000008003710       0x34 ./Core/lvgl/src/core/lv_obj_pos.o
                0x0000000008003710                lv_obj_is_layout_positioned
 .text.lv_obj_set_x
                0x0000000008003744       0x38 ./Core/lvgl/src/core/lv_obj_pos.o
                0x0000000008003744                lv_obj_set_x
 .text.lv_obj_set_y
                0x000000000800377c       0x38 ./Core/lvgl/src/core/lv_obj_pos.o
                0x000000000800377c                lv_obj_set_y
 .text.lv_obj_set_pos
                0x00000000080037b4       0x16 ./Core/lvgl/src/core/lv_obj_pos.o
                0x00000000080037b4                lv_obj_set_pos
 .text.lv_obj_mark_layout_as_dirty
                0x00000000080037ca       0x2c ./Core/lvgl/src/core/lv_obj_pos.o
                0x00000000080037ca                lv_obj_mark_layout_as_dirty
 *fill*         0x00000000080037f6        0x2 
 .text.lv_layout_register
                0x00000000080037f8       0x3c ./Core/lvgl/src/core/lv_obj_pos.o
                0x00000000080037f8                lv_layout_register
 .text.lv_obj_align
                0x0000000008003834       0x1c ./Core/lvgl/src/core/lv_obj_pos.o
                0x0000000008003834                lv_obj_align
 .text.lv_obj_get_coords
                0x0000000008003850       0x1a ./Core/lvgl/src/core/lv_obj_pos.o
                0x0000000008003850                lv_obj_get_coords
 .text.lv_obj_get_x
                0x000000000800386a       0x38 ./Core/lvgl/src/core/lv_obj_pos.o
                0x000000000800386a                lv_obj_get_x
 .text.lv_obj_get_y
                0x00000000080038a2       0x38 ./Core/lvgl/src/core/lv_obj_pos.o
                0x00000000080038a2                lv_obj_get_y
 .text.lv_obj_get_y2
                0x00000000080038da       0x16 ./Core/lvgl/src/core/lv_obj_pos.o
                0x00000000080038da                lv_obj_get_y2
 .text.lv_obj_get_width
                0x00000000080038f0        0xc ./Core/lvgl/src/core/lv_obj_pos.o
                0x00000000080038f0                lv_obj_get_width
 .text.lv_obj_get_height
                0x00000000080038fc        0xc ./Core/lvgl/src/core/lv_obj_pos.o
                0x00000000080038fc                lv_obj_get_height
 .text.lv_obj_get_content_width
                0x0000000008003908       0x2c ./Core/lvgl/src/core/lv_obj_pos.o
                0x0000000008003908                lv_obj_get_content_width
 .text.lv_obj_get_content_height
                0x0000000008003934       0x2c ./Core/lvgl/src/core/lv_obj_pos.o
                0x0000000008003934                lv_obj_get_content_height
 .text.lv_obj_get_content_coords
                0x0000000008003960       0x60 ./Core/lvgl/src/core/lv_obj_pos.o
                0x0000000008003960                lv_obj_get_content_coords
 .text.lv_obj_get_self_width
                0x00000000080039c0       0x1a ./Core/lvgl/src/core/lv_obj_pos.o
                0x00000000080039c0                lv_obj_get_self_width
 .text.lv_obj_get_self_height
                0x00000000080039da       0x1a ./Core/lvgl/src/core/lv_obj_pos.o
                0x00000000080039da                lv_obj_get_self_height
 .text.lv_obj_refresh_self_size
                0x00000000080039f4       0x38 ./Core/lvgl/src/core/lv_obj_pos.o
                0x00000000080039f4                lv_obj_refresh_self_size
 .text.lv_obj_move_children_by
                0x0000000008003a2c       0x6c ./Core/lvgl/src/core/lv_obj_pos.o
                0x0000000008003a2c                lv_obj_move_children_by
 .text.lv_obj_area_is_visible
                0x0000000008003a98       0xb2 ./Core/lvgl/src/core/lv_obj_pos.o
                0x0000000008003a98                lv_obj_area_is_visible
 .text.lv_obj_invalidate_area
                0x0000000008003b4a       0x34 ./Core/lvgl/src/core/lv_obj_pos.o
                0x0000000008003b4a                lv_obj_invalidate_area
 .text.lv_obj_invalidate
                0x0000000008003b7e       0x3c ./Core/lvgl/src/core/lv_obj_pos.o
                0x0000000008003b7e                lv_obj_invalidate
 .text.lv_obj_move_to
                0x0000000008003bba      0x132 ./Core/lvgl/src/core/lv_obj_pos.o
                0x0000000008003bba                lv_obj_move_to
 .text.lv_obj_refr_pos
                0x0000000008003cec      0x280 ./Core/lvgl/src/core/lv_obj_pos.o
                0x0000000008003cec                lv_obj_refr_pos
 .text.lv_obj_is_visible
                0x0000000008003f6c       0x3c ./Core/lvgl/src/core/lv_obj_pos.o
                0x0000000008003f6c                lv_obj_is_visible
 .text.lv_obj_set_ext_click_area
                0x0000000008003fa8       0x10 ./Core/lvgl/src/core/lv_obj_pos.o
                0x0000000008003fa8                lv_obj_set_ext_click_area
 .text.lv_obj_get_click_area
                0x0000000008003fb8       0x32 ./Core/lvgl/src/core/lv_obj_pos.o
                0x0000000008003fb8                lv_obj_get_click_area
 .text.lv_clamp_width
                0x0000000008003fea       0x64 ./Core/lvgl/src/core/lv_obj_pos.o
                0x0000000008003fea                lv_clamp_width
 *fill*         0x000000000800404e        0x2 
 .text.lv_obj_refr_size
                0x0000000008004050      0x4b4 ./Core/lvgl/src/core/lv_obj_pos.o
                0x0000000008004050                lv_obj_refr_size
 .text.layout_update_core
                0x0000000008004504       0x7c ./Core/lvgl/src/core/lv_obj_pos.o
 .text.lv_obj_update_layout
                0x0000000008004580       0x34 ./Core/lvgl/src/core/lv_obj_pos.o
                0x0000000008004580                lv_obj_update_layout
 .text.lv_obj_align_to
                0x00000000080045b4      0x3c8 ./Core/lvgl/src/core/lv_obj_pos.o
                0x00000000080045b4                lv_obj_align_to
 .text.lv_obj_get_style_base_dir
                0x000000000800497c        0xe ./Core/lvgl/src/core/lv_obj_scroll.o
 .text.scroll_by_raw
                0x000000000800498a       0x46 ./Core/lvgl/src/core/lv_obj_scroll.o
 .text.scroll_anim_ready_cb
                0x00000000080049d0        0xa ./Core/lvgl/src/core/lv_obj_scroll.o
 .text.lv_obj_set_scrollbar_mode
                0x00000000080049da       0x28 ./Core/lvgl/src/core/lv_obj_scroll.o
                0x00000000080049da                lv_obj_set_scrollbar_mode
 .text.lv_obj_set_scroll_dir
                0x0000000008004a02       0x1e ./Core/lvgl/src/core/lv_obj_scroll.o
                0x0000000008004a02                lv_obj_set_scroll_dir
 .text.lv_obj_set_scroll_snap_x
                0x0000000008004a20       0x16 ./Core/lvgl/src/core/lv_obj_scroll.o
                0x0000000008004a20                lv_obj_set_scroll_snap_x
 .text.lv_obj_set_scroll_snap_y
                0x0000000008004a36       0x16 ./Core/lvgl/src/core/lv_obj_scroll.o
                0x0000000008004a36                lv_obj_set_scroll_snap_y
 .text.lv_obj_get_scrollbar_mode
                0x0000000008004a4c       0x10 ./Core/lvgl/src/core/lv_obj_scroll.o
                0x0000000008004a4c                lv_obj_get_scrollbar_mode
 .text.lv_obj_get_scroll_dir
                0x0000000008004a5c       0x10 ./Core/lvgl/src/core/lv_obj_scroll.o
                0x0000000008004a5c                lv_obj_get_scroll_dir
 .text.lv_obj_get_scroll_snap_x
                0x0000000008004a6c        0xc ./Core/lvgl/src/core/lv_obj_scroll.o
                0x0000000008004a6c                lv_obj_get_scroll_snap_x
 .text.lv_obj_get_scroll_snap_y
                0x0000000008004a78        0xc ./Core/lvgl/src/core/lv_obj_scroll.o
                0x0000000008004a78                lv_obj_get_scroll_snap_y
 .text.lv_obj_get_scroll_x
                0x0000000008004a84        0xc ./Core/lvgl/src/core/lv_obj_scroll.o
                0x0000000008004a84                lv_obj_get_scroll_x
 .text.scroll_x_anim
                0x0000000008004a90       0x18 ./Core/lvgl/src/core/lv_obj_scroll.o
 .text.lv_obj_get_scroll_y
                0x0000000008004aa8        0xc ./Core/lvgl/src/core/lv_obj_scroll.o
                0x0000000008004aa8                lv_obj_get_scroll_y
 .text.scroll_y_anim
                0x0000000008004ab4       0x18 ./Core/lvgl/src/core/lv_obj_scroll.o
 .text.lv_obj_get_scroll_top
                0x0000000008004acc        0x4 ./Core/lvgl/src/core/lv_obj_scroll.o
                0x0000000008004acc                lv_obj_get_scroll_top
 .text.lv_obj_get_scroll_bottom
                0x0000000008004ad0       0xa4 ./Core/lvgl/src/core/lv_obj_scroll.o
                0x0000000008004ad0                lv_obj_get_scroll_bottom
 .text.lv_obj_get_scroll_left
                0x0000000008004b74       0xd0 ./Core/lvgl/src/core/lv_obj_scroll.o
                0x0000000008004b74                lv_obj_get_scroll_left
 .text.lv_obj_get_scroll_right
                0x0000000008004c44       0xb8 ./Core/lvgl/src/core/lv_obj_scroll.o
                0x0000000008004c44                lv_obj_get_scroll_right
 .text.lv_obj_get_scroll_end
                0x0000000008004cfc       0x44 ./Core/lvgl/src/core/lv_obj_scroll.o
                0x0000000008004cfc                lv_obj_get_scroll_end
 .text.lv_obj_scroll_by
                0x0000000008004d40      0x118 ./Core/lvgl/src/core/lv_obj_scroll.o
                0x0000000008004d40                lv_obj_scroll_by
 .text.scroll_area_into_view
                0x0000000008004e58      0x2c4 ./Core/lvgl/src/core/lv_obj_scroll.o
 .text.lv_obj_scroll_to_x
                0x000000000800511c       0x80 ./Core/lvgl/src/core/lv_obj_scroll.o
                0x000000000800511c                lv_obj_scroll_to_x
 .text.lv_obj_scroll_to_y
                0x000000000800519c       0x50 ./Core/lvgl/src/core/lv_obj_scroll.o
                0x000000000800519c                lv_obj_scroll_to_y
 .text.lv_obj_scroll_to
                0x00000000080051ec       0x1e ./Core/lvgl/src/core/lv_obj_scroll.o
                0x00000000080051ec                lv_obj_scroll_to
 .text.lv_obj_scroll_to_view_recursive
                0x000000000800520a       0x36 ./Core/lvgl/src/core/lv_obj_scroll.o
                0x000000000800520a                lv_obj_scroll_to_view_recursive
 .text.lv_obj_get_scrollbar_area
                0x0000000008005240      0x6b0 ./Core/lvgl/src/core/lv_obj_scroll.o
                0x0000000008005240                lv_obj_get_scrollbar_area
 .text.lv_obj_scrollbar_invalidate
                0x00000000080058f0       0x40 ./Core/lvgl/src/core/lv_obj_scroll.o
                0x00000000080058f0                lv_obj_scrollbar_invalidate
 .text.lv_obj_readjust_scroll
                0x0000000008005930       0x94 ./Core/lvgl/src/core/lv_obj_scroll.o
                0x0000000008005930                lv_obj_readjust_scroll
 .text.refresh_children_style
                0x00000000080059c4       0x3a ./Core/lvgl/src/core/lv_obj_style.o
 .text.get_trans_style
                0x00000000080059fe       0x8a ./Core/lvgl/src/core/lv_obj_style.o
 .text.trans_del.isra.0
                0x0000000008005a88       0xac ./Core/lvgl/src/core/lv_obj_style.o
 .text._lv_obj_style_init
                0x0000000008005b34        0xc ./Core/lvgl/src/core/lv_obj_style.o
                0x0000000008005b34                _lv_obj_style_init
 .text.lv_obj_enable_style_refresh
                0x0000000008005b40        0xc ./Core/lvgl/src/core/lv_obj_style.o
                0x0000000008005b40                lv_obj_enable_style_refresh
 .text.lv_obj_get_style_prop
                0x0000000008005b4c      0x186 ./Core/lvgl/src/core/lv_obj_style.o
                0x0000000008005b4c                lv_obj_get_style_prop
 .text.trans_anim_start_cb
                0x0000000008005cd2       0x42 ./Core/lvgl/src/core/lv_obj_style.o
 .text.lv_obj_refresh_style
                0x0000000008005d14       0xc4 ./Core/lvgl/src/core/lv_obj_style.o
                0x0000000008005d14                lv_obj_refresh_style
 .text.lv_obj_add_style
                0x0000000008005dd8       0xb6 ./Core/lvgl/src/core/lv_obj_style.o
                0x0000000008005dd8                lv_obj_add_style
 .text.report_style_change_core
                0x0000000008005e8e       0x52 ./Core/lvgl/src/core/lv_obj_style.o
 .text.lv_obj_report_style_change
                0x0000000008005ee0       0x38 ./Core/lvgl/src/core/lv_obj_style.o
                0x0000000008005ee0                lv_obj_report_style_change
 .text.trans_anim_cb
                0x0000000008005f18      0x194 ./Core/lvgl/src/core/lv_obj_style.o
 .text.lv_obj_remove_style
                0x00000000080060ac      0x102 ./Core/lvgl/src/core/lv_obj_style.o
                0x00000000080060ac                lv_obj_remove_style
 *fill*         0x00000000080061ae        0x2 
 .text.trans_anim_ready_cb
                0x00000000080061b0       0xa8 ./Core/lvgl/src/core/lv_obj_style.o
 .text.lv_obj_set_local_style_prop
                0x0000000008006258       0xdc ./Core/lvgl/src/core/lv_obj_style.o
                0x0000000008006258                lv_obj_set_local_style_prop
 .text.lv_obj_get_local_style_prop
                0x0000000008006334       0x36 ./Core/lvgl/src/core/lv_obj_style.o
                0x0000000008006334                lv_obj_get_local_style_prop
 .text.lv_obj_remove_local_style_prop
                0x000000000800636a       0x3c ./Core/lvgl/src/core/lv_obj_style.o
                0x000000000800636a                lv_obj_remove_local_style_prop
 *fill*         0x00000000080063a6        0x2 
 .text._lv_obj_style_create_transition
                0x00000000080063a8      0x144 ./Core/lvgl/src/core/lv_obj_style.o
                0x00000000080063a8                _lv_obj_style_create_transition
 .text._lv_obj_style_state_compare
                0x00000000080064ec      0x248 ./Core/lvgl/src/core/lv_obj_style.o
                0x00000000080064ec                _lv_obj_style_state_compare
 .text.lv_obj_style_get_selector_state
                0x0000000008006734        0x4 ./Core/lvgl/src/core/lv_obj_style.o
                0x0000000008006734                lv_obj_style_get_selector_state
 .text.lv_obj_style_get_selector_part
                0x0000000008006738        0x6 ./Core/lvgl/src/core/lv_obj_style.o
                0x0000000008006738                lv_obj_style_get_selector_part
 .text.lv_obj_calculate_style_text_align
                0x000000000800673e       0x26 ./Core/lvgl/src/core/lv_obj_style.o
                0x000000000800673e                lv_obj_calculate_style_text_align
 .text.lv_obj_set_style_width
                0x0000000008006764        0xc ./Core/lvgl/src/core/lv_obj_style_gen.o
                0x0000000008006764                lv_obj_set_style_width
 .text.lv_obj_set_style_min_width
                0x0000000008006770        0xc ./Core/lvgl/src/core/lv_obj_style_gen.o
                0x0000000008006770                lv_obj_set_style_min_width
 .text.lv_obj_set_style_height
                0x000000000800677c        0xc ./Core/lvgl/src/core/lv_obj_style_gen.o
                0x000000000800677c                lv_obj_set_style_height
 .text.lv_obj_set_style_x
                0x0000000008006788        0xc ./Core/lvgl/src/core/lv_obj_style_gen.o
                0x0000000008006788                lv_obj_set_style_x
 .text.lv_obj_set_style_y
                0x0000000008006794        0xc ./Core/lvgl/src/core/lv_obj_style_gen.o
                0x0000000008006794                lv_obj_set_style_y
 .text.lv_obj_set_style_align
                0x00000000080067a0        0xc ./Core/lvgl/src/core/lv_obj_style_gen.o
                0x00000000080067a0                lv_obj_set_style_align
 .text.lv_obj_set_style_pad_top
                0x00000000080067ac        0xc ./Core/lvgl/src/core/lv_obj_style_gen.o
                0x00000000080067ac                lv_obj_set_style_pad_top
 .text.lv_obj_set_style_pad_bottom
                0x00000000080067b8        0xc ./Core/lvgl/src/core/lv_obj_style_gen.o
                0x00000000080067b8                lv_obj_set_style_pad_bottom
 .text.lv_obj_set_style_pad_left
                0x00000000080067c4        0xc ./Core/lvgl/src/core/lv_obj_style_gen.o
                0x00000000080067c4                lv_obj_set_style_pad_left
 .text.lv_obj_set_style_pad_right
                0x00000000080067d0        0xc ./Core/lvgl/src/core/lv_obj_style_gen.o
                0x00000000080067d0                lv_obj_set_style_pad_right
 .text.lv_obj_set_style_pad_column
                0x00000000080067dc        0xc ./Core/lvgl/src/core/lv_obj_style_gen.o
                0x00000000080067dc                lv_obj_set_style_pad_column
 .text.lv_obj_set_style_radius
                0x00000000080067e8        0xa ./Core/lvgl/src/core/lv_obj_style_gen.o
                0x00000000080067e8                lv_obj_set_style_radius
 .text.lv_obj_set_style_layout
                0x00000000080067f2        0xc ./Core/lvgl/src/core/lv_obj_style_gen.o
                0x00000000080067f2                lv_obj_set_style_layout
 .text.lv_obj_set_style_base_dir
                0x00000000080067fe        0xc ./Core/lvgl/src/core/lv_obj_style_gen.o
                0x00000000080067fe                lv_obj_set_style_base_dir
 .text.lv_obj_set_style_bg_img_src
                0x000000000800680a        0xc ./Core/lvgl/src/core/lv_obj_style_gen.o
                0x000000000800680a                lv_obj_set_style_bg_img_src
 .text.lv_obj_set_style_text_align
                0x0000000008006816        0xc ./Core/lvgl/src/core/lv_obj_style_gen.o
                0x0000000008006816                lv_obj_set_style_text_align
 .text.lv_obj_get_screen
                0x0000000008006822        0xc ./Core/lvgl/src/core/lv_obj_tree.o
                0x0000000008006822                lv_obj_get_screen
 *fill*         0x000000000800682e        0x2 
 .text.lv_obj_get_disp
                0x0000000008006830       0x40 ./Core/lvgl/src/core/lv_obj_tree.o
                0x0000000008006830                lv_obj_get_disp
 .text.lv_obj_get_parent
                0x0000000008006870        0x6 ./Core/lvgl/src/core/lv_obj_tree.o
                0x0000000008006870                lv_obj_get_parent
 .text.lv_obj_get_child
                0x0000000008006876       0x1e ./Core/lvgl/src/core/lv_obj_tree.o
                0x0000000008006876                lv_obj_get_child
 .text.lv_obj_get_child_cnt
                0x0000000008006894        0x8 ./Core/lvgl/src/core/lv_obj_tree.o
                0x0000000008006894                lv_obj_get_child_cnt
 .text.lv_obj_get_index
                0x000000000800689c       0x38 ./Core/lvgl/src/core/lv_obj_tree.o
                0x000000000800689c                lv_obj_get_index
 .text.obj_del_core
                0x00000000080068d4       0xfa ./Core/lvgl/src/core/lv_obj_tree.o
 .text.lv_obj_del
                0x00000000080069ce       0x62 ./Core/lvgl/src/core/lv_obj_tree.o
                0x00000000080069ce                lv_obj_del
 .text.call_flush_cb
                0x0000000008006a30       0x30 ./Core/lvgl/src/core/lv_refr.o
 .text.lv_refr_get_top_obj
                0x0000000008006a60       0x6c ./Core/lvgl/src/core/lv_refr.o
 .text.lv_refr_obj
                0x0000000008006acc      0x114 ./Core/lvgl/src/core/lv_refr.o
 .text.lv_refr_obj_and_children
                0x0000000008006be0       0x8c ./Core/lvgl/src/core/lv_refr.o
 .text.draw_buf_flush
                0x0000000008006c6c      0x3ec ./Core/lvgl/src/core/lv_refr.o
 .text.lv_refr_area_part
                0x0000000008007058      0x130 ./Core/lvgl/src/core/lv_refr.o
 .text._lv_refr_init
                0x0000000008007188        0x2 ./Core/lvgl/src/core/lv_refr.o
                0x0000000008007188                _lv_refr_init
 .text._lv_inv_area
                0x000000000800718a       0xcc ./Core/lvgl/src/core/lv_refr.o
                0x000000000800718a                _lv_inv_area
 *fill*         0x0000000008007256        0x2 
 .text._lv_refr_get_disp_refreshing
                0x0000000008007258        0xc ./Core/lvgl/src/core/lv_refr.o
                0x0000000008007258                _lv_refr_get_disp_refreshing
 .text._lv_disp_refr_timer
                0x0000000008007264      0x3a0 ./Core/lvgl/src/core/lv_refr.o
                0x0000000008007264                _lv_disp_refr_timer
 .text.apply_theme
                0x0000000008007604       0x1e ./Core/lvgl/src/core/lv_theme.o
 .text.lv_theme_get_from_obj
                0x0000000008007622       0x16 ./Core/lvgl/src/core/lv_theme.o
                0x0000000008007622                lv_theme_get_from_obj
 .text.lv_theme_apply
                0x0000000008007638       0x28 ./Core/lvgl/src/core/lv_theme.o
                0x0000000008007638                lv_theme_apply
 .text.lv_theme_get_color_primary
                0x0000000008007660       0x16 ./Core/lvgl/src/core/lv_theme.o
                0x0000000008007660                lv_theme_get_color_primary
 .text.get_rounded_area
                0x0000000008007676       0x8c ./Core/lvgl/src/draw/lv_draw_arc.o
 .text.lv_draw_arc_dsc_init
                0x0000000008007702       0x16 ./Core/lvgl/src/draw/lv_draw_arc.o
                0x0000000008007702                lv_draw_arc_dsc_init
 .text.lv_draw_arc
                0x0000000008007718      0x8dc ./Core/lvgl/src/draw/lv_draw_arc.o
                0x0000000008007718                lv_draw_arc
 .text.lv_draw_arc_get_area
                0x0000000008007ff4      0x458 ./Core/lvgl/src/draw/lv_draw_arc.o
                0x0000000008007ff4                lv_draw_arc_get_area
 .text.lv_color_mix
                0x000000000800844c       0x6e ./Core/lvgl/src/draw/lv_draw_blend.o
 .text.color_blend_true_color_additive
                0x00000000080084ba       0x94 ./Core/lvgl/src/draw/lv_draw_blend.o
 .text.color_blend_true_color_subtractive
                0x000000000800854e       0x8c ./Core/lvgl/src/draw/lv_draw_blend.o
 *fill*         0x00000000080085da        0x2 
 .text._lv_blend_fill
                0x00000000080085dc      0x5c8 ./Core/lvgl/src/draw/lv_draw_blend.o
                0x00000000080085dc                _lv_blend_fill
 .text._lv_blend_map
                0x0000000008008ba4      0x548 ./Core/lvgl/src/draw/lv_draw_blend.o
                0x0000000008008ba4                _lv_blend_map
 .text.show_error
                0x00000000080090ec       0x3c ./Core/lvgl/src/draw/lv_draw_img.o
 .text.lv_draw_map
                0x0000000008009128      0x5e8 ./Core/lvgl/src/draw/lv_draw_img.o
 .text.lv_draw_img_dsc_init
                0x0000000008009710       0x22 ./Core/lvgl/src/draw/lv_draw_img.o
                0x0000000008009710                lv_draw_img_dsc_init
 *fill*         0x0000000008009732        0x2 
 .text.lv_img_cf_get_px_size
                0x0000000008009734       0x14 ./Core/lvgl/src/draw/lv_draw_img.o
                0x0000000008009734                lv_img_cf_get_px_size
 .text.lv_img_cf_is_chroma_keyed
                0x0000000008009748       0x14 ./Core/lvgl/src/draw/lv_draw_img.o
                0x0000000008009748                lv_img_cf_is_chroma_keyed
 .text.lv_img_cf_has_alpha
                0x000000000800975c       0x14 ./Core/lvgl/src/draw/lv_draw_img.o
                0x000000000800975c                lv_img_cf_has_alpha
 .text.lv_draw_img
                0x0000000008009770      0x1ec ./Core/lvgl/src/draw/lv_draw_img.o
                0x0000000008009770                lv_draw_img
 .text.lv_img_src_get_type
                0x000000000800995c       0x1a ./Core/lvgl/src/draw/lv_draw_img.o
                0x000000000800995c                lv_img_src_get_type
 .text.hex_char_to_num
                0x0000000008009976       0x24 ./Core/lvgl/src/draw/lv_draw_label.o
 *fill*         0x000000000800999a        0x2 
 .text.lv_draw_label_dsc_init
                0x000000000800999c       0x30 ./Core/lvgl/src/draw/lv_draw_label.o
                0x000000000800999c                lv_draw_label_dsc_init
 .text.lv_draw_letter
                0x00000000080099cc      0x37c ./Core/lvgl/src/draw/lv_draw_label.o
                0x00000000080099cc                lv_draw_letter
 .text.lv_draw_label
                0x0000000008009d48      0x550 ./Core/lvgl/src/draw/lv_draw_label.o
                0x0000000008009d48                lv_draw_label
 .text.lv_draw_line_dsc_init
                0x000000000800a298       0x18 ./Core/lvgl/src/draw/lv_draw_line.o
                0x000000000800a298                lv_draw_line_dsc_init
 .text.lv_draw_line
                0x000000000800a2b0      0x83c ./Core/lvgl/src/draw/lv_draw_line.o
                0x000000000800a2b0                lv_draw_line
 .text.mask_mix
                0x000000000800aaec       0x1c ./Core/lvgl/src/draw/lv_draw_mask.o
 .text.lv_draw_mask_line
                0x000000000800ab08      0x3ae ./Core/lvgl/src/draw/lv_draw_mask.o
 .text.lv_draw_mask_angle
                0x000000000800aeb6      0x252 ./Core/lvgl/src/draw/lv_draw_mask.o
 .text.lv_draw_mask_radius
                0x000000000800b108      0x246 ./Core/lvgl/src/draw/lv_draw_mask.o
 *fill*         0x000000000800b34e        0x2 
 .text.lv_draw_mask_add
                0x000000000800b350       0x2c ./Core/lvgl/src/draw/lv_draw_mask.o
                0x000000000800b350                lv_draw_mask_add
 .text.lv_draw_mask_apply
                0x000000000800b37c       0x40 ./Core/lvgl/src/draw/lv_draw_mask.o
                0x000000000800b37c                lv_draw_mask_apply
 .text.lv_draw_mask_remove_id
                0x000000000800b3bc       0x28 ./Core/lvgl/src/draw/lv_draw_mask.o
                0x000000000800b3bc                lv_draw_mask_remove_id
 .text.lv_draw_mask_remove_custom
                0x000000000800b3e4       0x2c ./Core/lvgl/src/draw/lv_draw_mask.o
                0x000000000800b3e4                lv_draw_mask_remove_custom
 .text.lv_draw_mask_free_param
                0x000000000800b410       0x2c ./Core/lvgl/src/draw/lv_draw_mask.o
                0x000000000800b410                lv_draw_mask_free_param
 .text._lv_draw_mask_cleanup
                0x000000000800b43c       0x28 ./Core/lvgl/src/draw/lv_draw_mask.o
                0x000000000800b43c                _lv_draw_mask_cleanup
 .text.lv_draw_mask_is_any
                0x000000000800b464       0x54 ./Core/lvgl/src/draw/lv_draw_mask.o
                0x000000000800b464                lv_draw_mask_is_any
 .text.lv_draw_mask_line_points_init
                0x000000000800b4b8      0x118 ./Core/lvgl/src/draw/lv_draw_mask.o
                0x000000000800b4b8                lv_draw_mask_line_points_init
 .text.lv_draw_mask_line_angle_init
                0x000000000800b5d0       0x4c ./Core/lvgl/src/draw/lv_draw_mask.o
                0x000000000800b5d0                lv_draw_mask_line_angle_init
 .text.lv_draw_mask_angle_init
                0x000000000800b61c       0x88 ./Core/lvgl/src/draw/lv_draw_mask.o
                0x000000000800b61c                lv_draw_mask_angle_init
 .text.lv_draw_mask_radius_init
                0x000000000800b6a4      0x448 ./Core/lvgl/src/draw/lv_draw_mask.o
                0x000000000800b6a4                lv_draw_mask_radius_init
 .text.grad_get
                0x000000000800baec       0xa8 ./Core/lvgl/src/draw/lv_draw_rect.o
 .text.shadow_blur_corner
                0x000000000800bb94      0x17a ./Core/lvgl/src/draw/lv_draw_rect.o
 *fill*         0x000000000800bd0e        0x2 
 .text.lv_draw_rect_dsc_init
                0x000000000800bd10       0x44 ./Core/lvgl/src/draw/lv_draw_rect.o
                0x000000000800bd10                lv_draw_rect_dsc_init
 .text.draw_border_generic
                0x000000000800bd54      0x648 ./Core/lvgl/src/draw/lv_draw_rect.o
                0x000000000800bd54                draw_border_generic
 .text.lv_draw_rect
                0x000000000800c39c     0x14b8 ./Core/lvgl/src/draw/lv_draw_rect.o
                0x000000000800c39c                lv_draw_rect
 .text.lv_color_mix
                0x000000000800d854       0x6e ./Core/lvgl/src/draw/lv_img_buf.o
 .text.lv_memcpy_small.isra.0
                0x000000000800d8c2       0x14 ./Core/lvgl/src/draw/lv_img_buf.o
 .text.lv_img_buf_get_px_color
                0x000000000800d8d6       0xe6 ./Core/lvgl/src/draw/lv_img_buf.o
                0x000000000800d8d6                lv_img_buf_get_px_color
 .text.lv_img_buf_get_px_alpha
                0x000000000800d9bc       0xec ./Core/lvgl/src/draw/lv_img_buf.o
                0x000000000800d9bc                lv_img_buf_get_px_alpha
 .text._lv_img_buf_transform_init
                0x000000000800daa8       0xfa ./Core/lvgl/src/draw/lv_img_buf.o
                0x000000000800daa8                _lv_img_buf_transform_init
 .text._lv_img_buf_get_transformed_area
                0x000000000800dba2      0x1ba ./Core/lvgl/src/draw/lv_img_buf.o
                0x000000000800dba2                _lv_img_buf_get_transformed_area
 .text._lv_img_buf_transform_anti_alias
                0x000000000800dd5c      0x2b8 ./Core/lvgl/src/draw/lv_img_buf.o
                0x000000000800dd5c                _lv_img_buf_transform_anti_alias
 .text._lv_img_buf_transform
                0x000000000800e014      0x13c ./Core/lvgl/src/draw/lv_img_buf.o
                0x000000000800e014                _lv_img_buf_transform
 .text._lv_img_cache_open
                0x000000000800e150       0x58 ./Core/lvgl/src/draw/lv_img_cache.o
                0x000000000800e150                _lv_img_cache_open
 .text.lv_img_decoder_built_in_info
                0x000000000800e1a8       0xac ./Core/lvgl/src/draw/lv_img_decoder.o
                0x000000000800e1a8                lv_img_decoder_built_in_info
 .text.lv_img_decoder_built_in_close
                0x000000000800e254       0x30 ./Core/lvgl/src/draw/lv_img_decoder.o
                0x000000000800e254                lv_img_decoder_built_in_close
 .text.lv_img_decoder_built_in_read_line
                0x000000000800e284      0x32c ./Core/lvgl/src/draw/lv_img_decoder.o
                0x000000000800e284                lv_img_decoder_built_in_read_line
 .text.lv_img_decoder_built_in_open
                0x000000000800e5b0      0x17c ./Core/lvgl/src/draw/lv_img_decoder.o
                0x000000000800e5b0                lv_img_decoder_built_in_open
 .text.lv_img_decoder_get_info
                0x000000000800e72c       0x5c ./Core/lvgl/src/draw/lv_img_decoder.o
                0x000000000800e72c                lv_img_decoder_get_info
 .text.lv_img_decoder_open
                0x000000000800e788       0xbc ./Core/lvgl/src/draw/lv_img_decoder.o
                0x000000000800e788                lv_img_decoder_open
 .text.lv_img_decoder_read_line
                0x000000000800e844       0x20 ./Core/lvgl/src/draw/lv_img_decoder.o
                0x000000000800e844                lv_img_decoder_read_line
 .text.lv_img_decoder_close
                0x000000000800e864       0x22 ./Core/lvgl/src/draw/lv_img_decoder.o
                0x000000000800e864                lv_img_decoder_close
 *fill*         0x000000000800e886        0x2 
 .text.lv_img_decoder_create
                0x000000000800e888       0x1c ./Core/lvgl/src/draw/lv_img_decoder.o
                0x000000000800e888                lv_img_decoder_create
 .text._lv_img_decoder_init
                0x000000000800e8a4       0x38 ./Core/lvgl/src/draw/lv_img_decoder.o
                0x000000000800e8a4                _lv_img_decoder_init
 .text.lv_area_get_width
                0x000000000800e8dc        0xc ./Core/lvgl/src/extra/layouts/flex/lv_flex.o
 .text.lv_area_get_height
                0x000000000800e8e8        0xc ./Core/lvgl/src/extra/layouts/flex/lv_flex.o
 .text.place_content
                0x000000000800e8f4       0x86 ./Core/lvgl/src/extra/layouts/flex/lv_flex.o
 .text.get_next_item
                0x000000000800e97a       0x2a ./Core/lvgl/src/extra/layouts/flex/lv_flex.o
 .text.find_track_end
                0x000000000800e9a4      0x260 ./Core/lvgl/src/extra/layouts/flex/lv_flex.o
 .text.flex_update
                0x000000000800ec04      0x6cc ./Core/lvgl/src/extra/layouts/flex/lv_flex.o
 .text.lv_flex_init
                0x000000000800f2d0       0x54 ./Core/lvgl/src/extra/layouts/flex/lv_flex.o
                0x000000000800f2d0                lv_flex_init
 .text.lv_obj_set_style_flex_flow
                0x000000000800f324       0x10 ./Core/lvgl/src/extra/layouts/flex/lv_flex.o
                0x000000000800f324                lv_obj_set_style_flex_flow
 .text.lv_obj_set_flex_flow
                0x000000000800f334       0x20 ./Core/lvgl/src/extra/layouts/flex/lv_flex.o
                0x000000000800f334                lv_obj_set_flex_flow
 .text.lv_obj_set_style_flex_main_place
                0x000000000800f354       0x10 ./Core/lvgl/src/extra/layouts/flex/lv_flex.o
                0x000000000800f354                lv_obj_set_style_flex_main_place
 .text.lv_obj_set_style_flex_cross_place
                0x000000000800f364       0x10 ./Core/lvgl/src/extra/layouts/flex/lv_flex.o
                0x000000000800f364                lv_obj_set_style_flex_cross_place
 .text.lv_obj_set_style_flex_track_place
                0x000000000800f374       0x10 ./Core/lvgl/src/extra/layouts/flex/lv_flex.o
                0x000000000800f374                lv_obj_set_style_flex_track_place
 .text.lv_obj_set_flex_align
                0x000000000800f384       0x38 ./Core/lvgl/src/extra/layouts/flex/lv_flex.o
                0x000000000800f384                lv_obj_set_flex_align
 .text.lv_obj_set_style_flex_grow
                0x000000000800f3bc       0x10 ./Core/lvgl/src/extra/layouts/flex/lv_flex.o
                0x000000000800f3bc                lv_obj_set_style_flex_grow
 .text.lv_obj_set_flex_grow
                0x000000000800f3cc       0x18 ./Core/lvgl/src/extra/layouts/flex/lv_flex.o
                0x000000000800f3cc                lv_obj_set_flex_grow
 .text.grid_align
                0x000000000800f3e4      0x128 ./Core/lvgl/src/extra/layouts/grid/lv_grid.o
 .text.grid_update
                0x000000000800f50c      0x808 ./Core/lvgl/src/extra/layouts/grid/lv_grid.o
 .text.lv_grid_init
                0x000000000800fd14       0xb8 ./Core/lvgl/src/extra/layouts/grid/lv_grid.o
                0x000000000800fd14                lv_grid_init
 .text.lv_extra_init
                0x000000000800fdcc        0xe ./Core/lvgl/src/extra/lv_extra.o
                0x000000000800fdcc                lv_extra_init
 .text.lv_color_mix
                0x000000000800fdda       0x6e ./Core/lvgl/src/extra/themes/default/lv_theme_default.o
 .text.lv_color_hex
                0x000000000800fe48       0x1e ./Core/lvgl/src/extra/themes/default/lv_theme_default.o
 .text.lv_color_white
                0x000000000800fe66        0x6 ./Core/lvgl/src/extra/themes/default/lv_theme_default.o
 .text.theme_apply
                0x000000000800fe6c      0xce8 ./Core/lvgl/src/extra/themes/default/lv_theme_default.o
 .text.grey_filter_cb
                0x0000000008010b54       0x34 ./Core/lvgl/src/extra/themes/default/lv_theme_default.o
 .text.dark_color_filter_cb
                0x0000000008010b88        0x8 ./Core/lvgl/src/extra/themes/default/lv_theme_default.o
 .text.lv_style_set_size
                0x0000000008010b90       0x16 ./Core/lvgl/src/extra/themes/default/lv_theme_default.o
 .text.lv_style_set_pad_all
                0x0000000008010ba6       0x26 ./Core/lvgl/src/extra/themes/default/lv_theme_default.o
 .text.style_init_reset
                0x0000000008010bcc       0x14 ./Core/lvgl/src/extra/themes/default/lv_theme_default.o
 .text.lv_disp_dpx.part.0
                0x0000000008010be0       0x2a ./Core/lvgl/src/extra/themes/default/lv_theme_default.o
 *fill*         0x0000000008010c0a        0x2 
 .text.lv_theme_default_init
                0x0000000008010c0c     0x1214 ./Core/lvgl/src/extra/themes/default/lv_theme_default.o
                0x0000000008010c0c                lv_theme_default_init
 .text.lv_theme_default_get
                0x0000000008011e20       0x18 ./Core/lvgl/src/extra/themes/default/lv_theme_default.o
                0x0000000008011e20                lv_theme_default_get
 .text.lv_theme_default_is_inited
                0x0000000008011e38        0xc ./Core/lvgl/src/extra/themes/default/lv_theme_default.o
                0x0000000008011e38                lv_theme_default_is_inited
 .text.get_month_length
                0x0000000008011e44       0x60 ./Core/lvgl/src/extra/widgets/calendar/lv_calendar.o
 .text.draw_part_begin_event_cb
                0x0000000008011ea4       0x9e ./Core/lvgl/src/extra/widgets/calendar/lv_calendar.o
 .text.get_day_of_week.constprop.0
                0x0000000008011f42       0x4a ./Core/lvgl/src/extra/widgets/calendar/lv_calendar.o
 .text.highlight_update
                0x0000000008011f8c       0x86 ./Core/lvgl/src/extra/widgets/calendar/lv_calendar.o
 *fill*         0x0000000008012012        0x2 
 .text.lv_calendar_set_showed_date
                0x0000000008012014      0x134 ./Core/lvgl/src/extra/widgets/calendar/lv_calendar.o
                0x0000000008012014                lv_calendar_set_showed_date
 .text.lv_calendar_constructor
                0x0000000008012148       0xb4 ./Core/lvgl/src/extra/widgets/calendar/lv_calendar.o
 .text.lv_calendar_get_showed_date
                0x00000000080121fc        0x4 ./Core/lvgl/src/extra/widgets/calendar/lv_calendar.o
                0x00000000080121fc                lv_calendar_get_showed_date
 .text.month_event_cb
                0x0000000008012200       0x80 ./Core/lvgl/src/extra/widgets/calendar/lv_calendar_header_arrow.o
 .text.my_constructor
                0x0000000008012280      0x18c ./Core/lvgl/src/extra/widgets/calendar/lv_calendar_header_arrow.o
 .text.month_event_cb
                0x000000000801240c       0x30 ./Core/lvgl/src/extra/widgets/calendar/lv_calendar_header_dropdown.o
 .text.year_event_cb
                0x000000000801243c       0x36 ./Core/lvgl/src/extra/widgets/calendar/lv_calendar_header_dropdown.o
 *fill*         0x0000000008012472        0x2 
 .text.my_constructor
                0x0000000008012474      0x144 ./Core/lvgl/src/extra/widgets/calendar/lv_calendar_header_dropdown.o
 .text.lv_obj_get_style_pad_left
                0x00000000080125b8        0xe ./Core/lvgl/src/extra/widgets/chart/lv_chart.o
 .text.lv_obj_get_style_width
                0x00000000080125c6        0xe ./Core/lvgl/src/extra/widgets/chart/lv_chart.o
 .text.lv_obj_get_style_pad_column
                0x00000000080125d4        0xe ./Core/lvgl/src/extra/widgets/chart/lv_chart.o
 .text.lv_obj_get_style_pad_top
                0x00000000080125e2        0xe ./Core/lvgl/src/extra/widgets/chart/lv_chart.o
 .text.lv_chart_destructor
                0x00000000080125f0       0x38 ./Core/lvgl/src/extra/widgets/chart/lv_chart.o
 .text.lv_chart_constructor
                0x0000000008012628       0x50 ./Core/lvgl/src/extra/widgets/chart/lv_chart.o
 .text.lv_obj_get_style_border_width.constprop.0
                0x0000000008012678       0x10 ./Core/lvgl/src/extra/widgets/chart/lv_chart.o
 .text.invalidate_point
                0x0000000008012688      0x16c ./Core/lvgl/src/extra/widgets/chart/lv_chart.o
 .text.lv_chart_create
                0x00000000080127f4       0x18 ./Core/lvgl/src/extra/widgets/chart/lv_chart.o
                0x00000000080127f4                lv_chart_create
 .text.lv_chart_set_range
                0x000000000801280c       0x4e ./Core/lvgl/src/extra/widgets/chart/lv_chart.o
                0x000000000801280c                lv_chart_set_range
 .text.lv_chart_set_div_line_count
                0x000000000801285a       0x1e ./Core/lvgl/src/extra/widgets/chart/lv_chart.o
                0x000000000801285a                lv_chart_set_div_line_count
 .text.lv_chart_get_point_pos_by_id
                0x0000000008012878      0x18e ./Core/lvgl/src/extra/widgets/chart/lv_chart.o
                0x0000000008012878                lv_chart_get_point_pos_by_id
 .text.lv_chart_add_series
                0x0000000008012a06       0x94 ./Core/lvgl/src/extra/widgets/chart/lv_chart.o
                0x0000000008012a06                lv_chart_add_series
 .text.lv_chart_set_next_value
                0x0000000008012a9a       0x36 ./Core/lvgl/src/extra/widgets/chart/lv_chart.o
                0x0000000008012a9a                lv_chart_set_next_value
 .text.get_tick_gsc
                0x0000000008012ad0       0x22 ./Core/lvgl/src/extra/widgets/chart/lv_chart.o
                0x0000000008012ad0                get_tick_gsc
 *fill*         0x0000000008012af2        0x2 
 .text.draw_y_ticks
                0x0000000008012af4      0x2e0 ./Core/lvgl/src/extra/widgets/chart/lv_chart.o
 .text.draw_x_ticks
                0x0000000008012dd4      0x35c ./Core/lvgl/src/extra/widgets/chart/lv_chart.o
 .text.lv_chart_event
                0x0000000008013130     0x10c4 ./Core/lvgl/src/extra/widgets/chart/lv_chart.o
 .text.fast_hsv2rgb.constprop.0
                0x00000000080141f4       0x70 ./Core/lvgl/src/extra/widgets/colorwheel/lv_colorwheel.o
 .text.get_knob_area
                0x0000000008014264       0x90 ./Core/lvgl/src/extra/widgets/colorwheel/lv_colorwheel.o
 .text.refr_knob_pos
                0x00000000080142f4       0x9e ./Core/lvgl/src/extra/widgets/colorwheel/lv_colorwheel.o
 *fill*         0x0000000008014392        0x2 
 .text.lv_colorwheel_constructor
                0x0000000008014394       0x50 ./Core/lvgl/src/extra/widgets/colorwheel/lv_colorwheel.o
 .text.lv_colorwheel_set_hsv
                0x00000000080143e4       0x66 ./Core/lvgl/src/extra/widgets/colorwheel/lv_colorwheel.o
                0x00000000080143e4                lv_colorwheel_set_hsv
 .text.lv_colorwheel_get_rgb
                0x000000000801444a        0xe ./Core/lvgl/src/extra/widgets/colorwheel/lv_colorwheel.o
                0x000000000801444a                lv_colorwheel_get_rgb
 .text.lv_colorwheel_event
                0x0000000008014458      0x798 ./Core/lvgl/src/extra/widgets/colorwheel/lv_colorwheel.o
 .text.lv_keyboard_def_event_cb
                0x0000000008014bf0      0x210 ./Core/lvgl/src/extra/widgets/keyboard/lv_keyboard.o
                0x0000000008014bf0                lv_keyboard_def_event_cb
 .text.lv_keyboard_update_ctrl_map
                0x0000000008014e00       0x6c ./Core/lvgl/src/extra/widgets/keyboard/lv_keyboard.o
 .text.lv_keyboard_update_map
                0x0000000008014e6c       0x20 ./Core/lvgl/src/extra/widgets/keyboard/lv_keyboard.o
 .text.lv_keyboard_constructor
                0x0000000008014e8c       0x4c ./Core/lvgl/src/extra/widgets/keyboard/lv_keyboard.o
 .text.lv_color_to32
                0x0000000008014ed8       0x44 ./Core/lvgl/src/extra/widgets/led/lv_led.o
 .text.lv_color_mix
                0x0000000008014f1c       0x6e ./Core/lvgl/src/extra/widgets/led/lv_led.o
 .text.lv_color_black
                0x0000000008014f8a        0x6 ./Core/lvgl/src/extra/widgets/led/lv_led.o
 .text.lv_led_event
                0x0000000008014f90      0x218 ./Core/lvgl/src/extra/widgets/led/lv_led.o
 .text.lv_led_constructor
                0x00000000080151a8       0x14 ./Core/lvgl/src/extra/widgets/led/lv_led.o
 .text.lv_meter_destructor
                0x00000000080151bc       0x18 ./Core/lvgl/src/extra/widgets/meter/lv_meter.o
 .text.lv_meter_constructor
                0x00000000080151d4       0x1a ./Core/lvgl/src/extra/widgets/meter/lv_meter.o
 .text.inv_arc  0x00000000080151ee       0xca ./Core/lvgl/src/extra/widgets/meter/lv_meter.o
 .text.inv_line
                0x00000000080152b8      0x180 ./Core/lvgl/src/extra/widgets/meter/lv_meter.o
 .text.lv_meter_event
                0x0000000008015438      0x97c ./Core/lvgl/src/extra/widgets/meter/lv_meter.o
 .text.lv_meter_create
                0x0000000008015db4       0x18 ./Core/lvgl/src/extra/widgets/meter/lv_meter.o
                0x0000000008015db4                lv_meter_create
 .text.lv_meter_add_scale
                0x0000000008015dcc       0x38 ./Core/lvgl/src/extra/widgets/meter/lv_meter.o
                0x0000000008015dcc                lv_meter_add_scale
 .text.lv_meter_set_scale_ticks
                0x0000000008015e04       0x1a ./Core/lvgl/src/extra/widgets/meter/lv_meter.o
                0x0000000008015e04                lv_meter_set_scale_ticks
 .text.lv_meter_set_scale_range
                0x0000000008015e1e       0x10 ./Core/lvgl/src/extra/widgets/meter/lv_meter.o
                0x0000000008015e1e                lv_meter_set_scale_range
 .text.lv_meter_add_needle_line
                0x0000000008015e2e       0x3e ./Core/lvgl/src/extra/widgets/meter/lv_meter.o
                0x0000000008015e2e                lv_meter_add_needle_line
 .text.lv_meter_add_arc
                0x0000000008015e6c       0x3e ./Core/lvgl/src/extra/widgets/meter/lv_meter.o
                0x0000000008015e6c                lv_meter_add_arc
 .text.lv_meter_add_scale_lines
                0x0000000008015eaa       0x4a ./Core/lvgl/src/extra/widgets/meter/lv_meter.o
                0x0000000008015eaa                lv_meter_add_scale_lines
 .text.lv_meter_set_indicator_value
                0x0000000008015ef4       0x5c ./Core/lvgl/src/extra/widgets/meter/lv_meter.o
                0x0000000008015ef4                lv_meter_set_indicator_value
 .text.lv_meter_set_indicator_start_value
                0x0000000008015f50       0x42 ./Core/lvgl/src/extra/widgets/meter/lv_meter.o
                0x0000000008015f50                lv_meter_set_indicator_start_value
 .text.lv_meter_set_indicator_end_value
                0x0000000008015f92       0x42 ./Core/lvgl/src/extra/widgets/meter/lv_meter.o
                0x0000000008015f92                lv_meter_set_indicator_end_value
 .text.lv_spinbox_updatevalue
                0x0000000008015fd4       0xec ./Core/lvgl/src/extra/widgets/spinbox/lv_spinbox.o
 .text.lv_spinbox_constructor
                0x00000000080160c0       0x54 ./Core/lvgl/src/extra/widgets/spinbox/lv_spinbox.o
 .text.lv_spinbox_step_next
                0x0000000008016114       0x14 ./Core/lvgl/src/extra/widgets/spinbox/lv_spinbox.o
                0x0000000008016114                lv_spinbox_step_next
 .text.lv_spinbox_step_prev
                0x0000000008016128       0x20 ./Core/lvgl/src/extra/widgets/spinbox/lv_spinbox.o
                0x0000000008016128                lv_spinbox_step_prev
 .text.lv_spinbox_increment
                0x0000000008016148       0x38 ./Core/lvgl/src/extra/widgets/spinbox/lv_spinbox.o
                0x0000000008016148                lv_spinbox_increment
 .text.lv_spinbox_decrement
                0x0000000008016180       0x38 ./Core/lvgl/src/extra/widgets/spinbox/lv_spinbox.o
                0x0000000008016180                lv_spinbox_decrement
 .text.lv_spinbox_event
                0x00000000080161b8      0x15c ./Core/lvgl/src/extra/widgets/spinbox/lv_spinbox.o
 .text.lv_spinner_constructor
                0x0000000008016314       0x84 ./Core/lvgl/src/extra/widgets/spinner/lv_spinner.o
 .text.arc_anim_start_angle
                0x0000000008016398        0x6 ./Core/lvgl/src/extra/widgets/spinner/lv_spinner.o
 .text.arc_anim_end_angle
                0x000000000801639e        0x6 ./Core/lvgl/src/extra/widgets/spinner/lv_spinner.o
 .text.lv_tabview_destructor
                0x00000000080163a4       0x62 ./Core/lvgl/src/extra/widgets/tabview/lv_tabview.o
 *fill*         0x0000000008016406        0x2 
 .text.lv_tabview_constructor
                0x0000000008016408      0x130 ./Core/lvgl/src/extra/widgets/tabview/lv_tabview.o
 .text.lv_tabview_get_content
                0x0000000008016538        0x6 ./Core/lvgl/src/extra/widgets/tabview/lv_tabview.o
                0x0000000008016538                lv_tabview_get_content
 .text.lv_tabview_get_tab_btns
                0x000000000801653e        0x6 ./Core/lvgl/src/extra/widgets/tabview/lv_tabview.o
                0x000000000801653e                lv_tabview_get_tab_btns
 .text.lv_tabview_set_act
                0x0000000008016544       0x7a ./Core/lvgl/src/extra/widgets/tabview/lv_tabview.o
                0x0000000008016544                lv_tabview_set_act
 *fill*         0x00000000080165be        0x2 
 .text.lv_tabview_event
                0x00000000080165c0       0x34 ./Core/lvgl/src/extra/widgets/tabview/lv_tabview.o
 .text.cont_scroll_end_event_cb
                0x00000000080165f4       0x92 ./Core/lvgl/src/extra/widgets/tabview/lv_tabview.o
 .text.btns_value_changed_event_cb
                0x0000000008016686       0x22 ./Core/lvgl/src/extra/widgets/tabview/lv_tabview.o
 .text.lv_tileview_constructor
                0x00000000080166a8       0x3c ./Core/lvgl/src/extra/widgets/tileview/lv_tileview.o
 .text.tileview_event_cb
                0x00000000080166e4       0xb2 ./Core/lvgl/src/extra/widgets/tileview/lv_tileview.o
 *fill*         0x0000000008016796        0x2 
 .text.lv_tileview_tile_constructor
                0x0000000008016798       0x74 ./Core/lvgl/src/extra/widgets/tileview/lv_tileview.o
 .text.lv_win_constructor
                0x000000000801680c       0x78 ./Core/lvgl/src/extra/widgets/win/lv_win.o
 .text.lv_font_get_glyph_bitmap
                0x0000000008016884        0x8 ./Core/lvgl/src/font/lv_font.o
                0x0000000008016884                lv_font_get_glyph_bitmap
 .text.lv_font_get_glyph_dsc
                0x000000000801688c       0x10 ./Core/lvgl/src/font/lv_font.o
                0x000000000801688c                lv_font_get_glyph_dsc
 .text.lv_font_get_glyph_width
                0x000000000801689c       0x1c ./Core/lvgl/src/font/lv_font.o
                0x000000000801689c                lv_font_get_glyph_width
 .text.kern_pair_8_compare
                0x00000000080168b8       0x12 ./Core/lvgl/src/font/lv_font_fmt_txt.o
 .text.kern_pair_16_compare
                0x00000000080168ca       0x12 ./Core/lvgl/src/font/lv_font_fmt_txt.o
 .text.unicode_list_compare
                0x00000000080168dc        0x8 ./Core/lvgl/src/font/lv_font_fmt_txt.o
 .text.get_glyph_dsc_id
                0x00000000080168e4       0xd8 ./Core/lvgl/src/font/lv_font_fmt_txt.o
 .text.lv_font_get_bitmap_fmt_txt
                0x00000000080169bc       0x2c ./Core/lvgl/src/font/lv_font_fmt_txt.o
                0x00000000080169bc                lv_font_get_bitmap_fmt_txt
 .text.lv_font_get_glyph_dsc_fmt_txt
                0x00000000080169e8      0x144 ./Core/lvgl/src/font/lv_font_fmt_txt.o
                0x00000000080169e8                lv_font_get_glyph_dsc_fmt_txt
 .text._lv_font_clean_up_fmt_txt
                0x0000000008016b2c        0x2 ./Core/lvgl/src/font/lv_font_fmt_txt.o
                0x0000000008016b2c                _lv_font_clean_up_fmt_txt
 *fill*         0x0000000008016b2e        0x2 
 .text.lv_disp_drv_init
                0x0000000008016b30       0x34 ./Core/lvgl/src/hal/lv_hal_disp.o
                0x0000000008016b30                lv_disp_drv_init
 .text.lv_disp_draw_buf_init