Archive member included to satisfy reference by file (symbol)

C:/ST/STM32CubeIDE_1.13.1/STM32CubeIDE/plugins/com.st.stm32cube.ide.mcu.externaltools.gnu-tools-for-stm32.12.3.rel1.win32_1.0.200.202406191623/tools/bin/../lib/gcc/arm-none-eabi/12.3.1/../../../../arm-none-eabi/lib/thumb/v7e-m+fp/hard\libc_nano.a(libc_a-assert.o)
                              ./Core/lvgl/src/extra/libs/qrcode/qrcodegen.o (__assert_func)
C:/ST/STM32CubeIDE_1.13.1/STM32CubeIDE/plugins/com.st.stm32cube.ide.mcu.externaltools.gnu-tools-for-stm32.12.3.rel1.win32_1.0.200.202406191623/tools/bin/../lib/gcc/arm-none-eabi/12.3.1/../../../../arm-none-eabi/lib/thumb/v7e-m+fp/hard\libc_nano.a(libc_a-exit.o)
                              C:/ST/STM32CubeIDE_1.13.1/STM32CubeIDE/plugins/com.st.stm32cube.ide.mcu.externaltools.gnu-tools-for-stm32.12.3.rel1.win32_1.0.200.202406191623/tools/bin/../lib/gcc/arm-none-eabi/12.3.1/../../../../arm-none-eabi/lib/thumb/v7e-m+fp/hard/crt0.o (exit)
C:/ST/STM32CubeIDE_1.13.1/STM32CubeIDE/plugins/com.st.stm32cube.ide.mcu.externaltools.gnu-tools-for-stm32.12.3.rel1.win32_1.0.200.202406191623/tools/bin/../lib/gcc/arm-none-eabi/12.3.1/../../../../arm-none-eabi/lib/thumb/v7e-m+fp/hard\libc_nano.a(libc_a-findfp.o)
                              C:/ST/STM32CubeIDE_1.13.1/STM32CubeIDE/plugins/com.st.stm32cube.ide.mcu.externaltools.gnu-tools-for-stm32.12.3.rel1.win32_1.0.200.202406191623/tools/bin/../lib/gcc/arm-none-eabi/12.3.1/../../../../arm-none-eabi/lib/thumb/v7e-m+fp/hard\libc_nano.a(libc_a-exit.o) (__stdio_exit_handler)
C:/ST/STM32CubeIDE_1.13.1/STM32CubeIDE/plugins/com.st.stm32cube.ide.mcu.externaltools.gnu-tools-for-stm32.12.3.rel1.win32_1.0.200.202406191623/tools/bin/../lib/gcc/arm-none-eabi/12.3.1/../../../../arm-none-eabi/lib/thumb/v7e-m+fp/hard\libc_nano.a(libc_a-fprintf.o)
                              C:/ST/STM32CubeIDE_1.13.1/STM32CubeIDE/plugins/com.st.stm32cube.ide.mcu.externaltools.gnu-tools-for-stm32.12.3.rel1.win32_1.0.200.202406191623/tools/bin/../lib/gcc/arm-none-eabi/12.3.1/../../../../arm-none-eabi/lib/thumb/v7e-m+fp/hard\libc_nano.a(libc_a-assert.o) (fiprintf)
C:/ST/STM32CubeIDE_1.13.1/STM32CubeIDE/plugins/com.st.stm32cube.ide.mcu.externaltools.gnu-tools-for-stm32.12.3.rel1.win32_1.0.200.202406191623/tools/bin/../lib/gcc/arm-none-eabi/12.3.1/../../../../arm-none-eabi/lib/thumb/v7e-m+fp/hard\libc_nano.a(libc_a-fwalk.o)
                              C:/ST/STM32CubeIDE_1.13.1/STM32CubeIDE/plugins/com.st.stm32cube.ide.mcu.externaltools.gnu-tools-for-stm32.12.3.rel1.win32_1.0.200.202406191623/tools/bin/../lib/gcc/arm-none-eabi/12.3.1/../../../../arm-none-eabi/lib/thumb/v7e-m+fp/hard\libc_nano.a(libc_a-findfp.o) (_fwalk_sglue)
C:/ST/STM32CubeIDE_1.13.1/STM32CubeIDE/plugins/com.st.stm32cube.ide.mcu.externaltools.gnu-tools-for-stm32.12.3.rel1.win32_1.0.200.202406191623/tools/bin/../lib/gcc/arm-none-eabi/12.3.1/../../../../arm-none-eabi/lib/thumb/v7e-m+fp/hard\libc_nano.a(libc_a-sprintf.o)
                              ./Core/menu/Scr/lvgl_menu.o (sprintf)
C:/ST/STM32CubeIDE_1.13.1/STM32CubeIDE/plugins/com.st.stm32cube.ide.mcu.externaltools.gnu-tools-for-stm32.12.3.rel1.win32_1.0.200.202406191623/tools/bin/../lib/gcc/arm-none-eabi/12.3.1/../../../../arm-none-eabi/lib/thumb/v7e-m+fp/hard\libc_nano.a(libc_a-stdio.o)
                              C:/ST/STM32CubeIDE_1.13.1/STM32CubeIDE/plugins/com.st.stm32cube.ide.mcu.externaltools.gnu-tools-for-stm32.12.3.rel1.win32_1.0.200.202406191623/tools/bin/../lib/gcc/arm-none-eabi/12.3.1/../../../../arm-none-eabi/lib/thumb/v7e-m+fp/hard\libc_nano.a(libc_a-findfp.o) (__sread)
C:/ST/STM32CubeIDE_1.13.1/STM32CubeIDE/plugins/com.st.stm32cube.ide.mcu.externaltools.gnu-tools-for-stm32.12.3.rel1.win32_1.0.200.202406191623/tools/bin/../lib/gcc/arm-none-eabi/12.3.1/../../../../arm-none-eabi/lib/thumb/v7e-m+fp/hard\libc_nano.a(libc_a-memcmp.o)
                              ./Core/lvgl/src/font/lv_font_loader.o (memcmp)
C:/ST/STM32CubeIDE_1.13.1/STM32CubeIDE/plugins/com.st.stm32cube.ide.mcu.externaltools.gnu-tools-for-stm32.12.3.rel1.win32_1.0.200.202406191623/tools/bin/../lib/gcc/arm-none-eabi/12.3.1/../../../../arm-none-eabi/lib/thumb/v7e-m+fp/hard\libc_nano.a(libc_a-memmove.o)
                              ./Core/lvgl/src/core/lv_event.o (memmove)
C:/ST/STM32CubeIDE_1.13.1/STM32CubeIDE/plugins/com.st.stm32cube.ide.mcu.externaltools.gnu-tools-for-stm32.12.3.rel1.win32_1.0.200.202406191623/tools/bin/../lib/gcc/arm-none-eabi/12.3.1/../../../../arm-none-eabi/lib/thumb/v7e-m+fp/hard\libc_nano.a(libc_a-memset.o)
                              C:/ST/STM32CubeIDE_1.13.1/STM32CubeIDE/plugins/com.st.stm32cube.ide.mcu.externaltools.gnu-tools-for-stm32.12.3.rel1.win32_1.0.200.202406191623/tools/bin/../lib/gcc/arm-none-eabi/12.3.1/../../../../arm-none-eabi/lib/thumb/v7e-m+fp/hard/crt0.o (memset)
[...]
Memory Configuration

Name             Origin             Length             Attributes
RAM              0x20000000         0x00020000         xrw
FLASH            0x08000000         0x00080000         xr
*default*        0x00000000         0xffffffff

Linker script and memory map

LOAD C:/ST/STM32CubeIDE_1.13.1/STM32CubeIDE/plugins/com.st.stm32cube.ide.mcu.externaltools.gnu-tools-for-stm32.12.3.rel1.win32_1.0.200.202406191623/tools/bin/../lib/gcc/arm-none-eabi/12.3.1/thumb/v7e-m+fp/hard/crti.o
LOAD C:/ST/STM32CubeIDE_1.13.1/STM32CubeIDE/plugins/com.st.stm32cube.ide.mcu.externaltools.gnu-tools-for-stm32.12.3.rel1.win32_1.0.200.202406191623/tools/bin/../lib/gcc/arm-none-eabi/12.3.1/thumb/v7e-m+fp/hard/crtbegin.o
LOAD C:/ST/STM32CubeIDE_1.13.1/STM32CubeIDE/plugins/com.st.stm32cube.ide.mcu.externaltools.gnu-tools-for-stm32.12.3.rel1.win32_1.0.200.202406191623/tools/bin/../lib/gcc/arm-none-eabi/12.3.1/../../../../arm-none-eabi/lib/thumb/v7e-m+fp/hard/crt0.o
LOAD ./Core/Src/main.o
LOAD ./Core/Src/stm32f4xx_hal_msp.o
LOAD ./Core/Src/stm32f4xx_it.o
LOAD ./Core/Src/syscalls.o
LOAD ./Core/Src/sysmem.o
LOAD ./Core/Src/system_stm32f4xx.o
LOAD ./Core/Startup/startup_stm32f446vetx.o
LOAD ./Core/lvgl/lv_port_indev.o
LOAD ./Core/lvgl/src/core/lv_disp.o
LOAD ./Core/lvgl/src/core/lv_event.o
LOAD ./Core/lvgl/src/core/lv_group.o
LOAD ./Core/lvgl/src/core/lv_indev.o
LOAD ./Core/lvgl/src/core/lv_indev_scroll.o
LOAD ./Core/lvgl/src/core/lv_obj.o
LOAD ./Core/lvgl/src/core/lv_obj_class.o
LOAD ./Core/lvgl/src/core/lv_obj_draw.o
LOAD ./Core/lvgl/src/core/lv_obj_pos.o
LOAD ./Core/lvgl/src/core/lv_obj_scroll.o
LOAD ./Core/lvgl/src/core/lv_obj_style.o
LOAD ./Core/lvgl/src/core/lv_obj_style_gen.o
LOAD ./Core/lvgl/src/core/lv_obj_tree.o
LOAD ./Core/lvgl/src/core/lv_refr.o
LOAD ./Core/lvgl/src/core/lv_theme.o
LOAD ./Core/lvgl/src/draw/lv_draw_arc.o
LOAD ./Core/lvgl/src/draw/lv_draw_blend.o
LOAD ./Core/lvgl/src/draw/lv_draw_img.o
LOAD ./Core/lvgl/src/draw/lv_draw_label.o
LOAD ./Core/lvgl/src/draw/lv_draw_line.o
LOAD ./Core/lvgl/src/draw/lv_draw_mask.o
LOAD ./Core/lvgl/src/draw/lv_draw_rect.o
LOAD ./Core/lvgl/src/draw/lv_draw_triangle.o
LOAD ./Core/lvgl/src/draw/lv_img_buf.o
LOAD ./Core/lvgl/src/draw/lv_img_cache.o
LOAD ./Core/lvgl/src/draw/lv_img_decoder.o
LOAD ./Core/lvgl/src/extra/layouts/flex/lv_flex.o
LOAD ./Core/lvgl/src/extra/layouts/grid/lv_grid.o
LOAD ./Core/lvgl/src/extra/libs/bmp/lv_bmp.o
LOAD ./Core/lvgl/src/extra/libs/freetype/lv_freetype.o
LOAD ./Core/lvgl/src/extra/libs/fsdrv/lv_fs_fatfs.o
LOAD ./Core/lvgl/src/extra/libs/fsdrv/lv_fs_posix.o
LOAD ./Core/lvgl/src/extra/libs/fsdrv/lv_fs_stdio.o
LOAD ./Core/lvgl/src/extra/libs/gif/gifdec.o
LOAD ./Core/lvgl/src/extra/libs/gif/lv_gif.o
LOAD ./Core/lvgl/src/extra/libs/png/lodepng.o
LOAD ./Core/lvgl/src/extra/libs/png/lv_png.o
LOAD ./Core/lvgl/src/extra/libs/qrcode/lv_qrcode.o
LOAD ./Core/lvgl/src/extra/libs/qrcode/qrcodegen.o
LOAD ./Core/lvgl/src/extra/libs/sjpg/lv_sjpg.o
LOAD ./Core/lvgl/src/extra/libs/sjpg/tjpgd.o
LOAD ./Core/lvgl/src/extra/lv_extra.o
LOAD ./Core/lvgl/src/extra/others/snapshot/lv_snapshot.o
LOAD ./Core/lvgl/src/extra/themes/basic/lv_theme_basic.o
LOAD ./Core/lvgl/src/extra/themes/default/lv_theme_default.o
LOAD ./Core/lvgl/src/extra/themes/mono/lv_theme_mono.o
LOAD ./Core/lvgl/src/extra/widgets/animimg/lv_animimg.o
LOAD ./Core/lvgl/src/extra/widgets/calendar/lv_calendar.o
LOAD ./Core/lvgl/src/extra/widgets/calendar/lv_calendar_header_arrow.o
LOAD ./Core/lvgl/src/extra/widgets/calendar/lv_calendar_header_dropdown.o
LOAD ./Core/lvgl/src/extra/widgets/chart/lv_chart.o
LOAD ./Core/lvgl/src/extra/widgets/colorwheel/lv_colorwheel.o
LOAD ./Core/lvgl/src/extra/widgets/imgbtn/lv_imgbtn.o
LOAD ./Core/lvgl/src/extra/widgets/keyboard/lv_keyboard.o
LOAD ./Core/lvgl/src/extra/widgets/led/lv_led.o
LOAD ./Core/lvgl/src/extra/widgets/list/lv_list.o
LOAD ./Core/lvgl/src/extra/widgets/meter/lv_meter.o
LOAD ./Core/lvgl/src/extra/widgets/msgbox/lv_msgbox.o
LOAD ./Core/lvgl/src/extra/widgets/span/lv_span.o
LOAD ./Core/lvgl/src/extra/widgets/spinbox/lv_spinbox.o
LOAD ./Core/lvgl/src/extra/widgets/spinner/lv_spinner.o
LOAD ./Core/lvgl/src/extra/widgets/tabview/lv_tabview.o
LOAD ./Core/lvgl/src/extra/widgets/tileview/lv_tileview.o
LOAD ./Core/lvgl/src/extra/widgets/win/lv_win.o
LOAD ./Core/lvgl/src/font/lv_font.o
LOAD ./Core/lvgl/src/font/lv_font_dejavu_16_persian_hebrew.o
LOAD ./Core/lvgl/src/font/lv_font_fmt_txt.o
LOAD ./Core/lvgl/src/font/lv_font_loader.o
LOAD ./Core/lvgl/src/font/lv_font_montserrat_10.o
LOAD ./Core/lvgl/src/font/lv_font_montserrat_12.o
LOAD ./Core/lvgl/src/font/lv_font_montserrat_12_subpx.o
LOAD ./Core/lvgl/src/font/lv_font_montserrat_14.o
LOAD ./Core/lvgl/src/font/lv_font_montserrat_16.o
LOAD ./Core/lvgl/src/font/lv_font_montserrat_18.o
LOAD ./Core/lvgl/src/font/lv_font_montserrat_20.o
LOAD ./Core/lvgl/src/font/lv_font_montserrat_22.o
LOAD ./Core/lvgl/src/font/lv_font_montserrat_24.o
LOAD ./Core/lvgl/src/font/lv_font_montserrat_26.o
LOAD ./Core/lvgl/src/font/lv_font_montserrat_28.o
LOAD ./Core/lvgl/src/font/lv_font_montserrat_28_compressed.o
LOAD ./Core/lvgl/src/font/lv_font_montserrat_30.o
LOAD ./Core/lvgl/src/font/lv_font_montserrat_32.o
LOAD ./Core/lvgl/src/font/lv_font_montserrat_34.o
LOAD ./Core/lvgl/src/font/lv_font_montserrat_36.o
LOAD ./Core/lvgl/src/font/lv_font_montserrat_38.o
LOAD ./Core/lvgl/src/font/lv_font_montserrat_40.o
LOAD ./Core/lvgl/src/font/lv_font_montserrat_42.o
LOAD ./Core/lvgl/src/font/lv_font_montserrat_44.o
LOAD ./Core/lvgl/src/font/lv_font_montserrat_46.o
LOAD ./Core/lvgl/src/font/lv_font_montserrat_48.o
LOAD ./Core/lvgl/src/font/lv_font_montserrat_8.o
LOAD ./Core/lvgl/src/font/lv_font_simsun_16_cjk.o
LOAD ./Core/lvgl/src/font/lv_font_unscii_16.o
LOAD ./Core/lvgl/src/font/lv_font_unscii_8.o
LOAD ./Core/lvgl/src/gpu/lv_gpu_nxp_pxp.o
LOAD ./Core/lvgl/src/gpu/lv_gpu_nxp_pxp_osa.o
LOAD ./Core/lvgl/src/gpu/lv_gpu_nxp_vglite.o
LOAD ./Core/lvgl/src/gpu/lv_gpu_sdl.o
LOAD ./Core/lvgl/src/gpu/lv_gpu_stm32_dma2d.o
LOAD ./Core/lvgl/src/gpu/sdl/lv_gpu_sdl_draw_arc.o
LOAD ./Core/lvgl/src/gpu/sdl/lv_gpu_sdl_draw_blend.o
LOAD ./Core/lvgl/src/gpu/sdl/lv_gpu_sdl_draw_img.o
LOAD ./Core/lvgl/src/gpu/sdl/lv_gpu_sdl_draw_label.o
LOAD ./Core/lvgl/src/gpu/sdl/lv_gpu_sdl_draw_line.o
LOAD ./Core/lvgl/src/gpu/sdl/lv_gpu_sdl_draw_rect.o
LOAD ./Core/lvgl/src/gpu/sdl/lv_gpu_sdl_lru.o
LOAD ./Core/lvgl/src/gpu/sdl/lv_gpu_sdl_mask.o
LOAD ./Core/lvgl/src/gpu/sdl/lv_gpu_sdl_stack_blur.o
LOAD ./Core/lvgl/src/gpu/sdl/lv_gpu_sdl_texture_cache.o
LOAD ./Core/lvgl/src/gpu/sdl/lv_gpu_sdl_utils.o
LOAD ./Core/lvgl/src/hal/lv_hal_disp.o
LOAD ./Core/lvgl/src/hal/lv_hal_indev.o
LOAD ./Core/lvgl/src/hal/lv_hal_tick.o
LOAD ./Core/lvgl/src/misc/lv_anim.o
LOAD ./Core/lvgl/src/misc/lv_anim_timeline.o
LOAD ./Core/lvgl/src/misc/lv_area.o
LOAD ./Core/lvgl/src/misc/lv_async.o
LOAD ./Core/lvgl/src/misc/lv_bidi.o
LOAD ./Core/lvgl/src/misc/lv_color.o
LOAD ./Core/lvgl/src/misc/lv_fs.o
LOAD ./Core/lvgl/src/misc/lv_gc.o
LOAD ./Core/lvgl/src/misc/lv_ll.o
LOAD ./Core/lvgl/src/misc/lv_log.o
LOAD ./Core/lvgl/src/misc/lv_math.o
LOAD ./Core/lvgl/src/misc/lv_mem.o
LOAD ./Core/lvgl/src/misc/lv_printf.o
LOAD ./Core/lvgl/src/misc/lv_style.o
LOAD ./Core/lvgl/src/misc/lv_style_gen.o
LOAD ./Core/lvgl/src/misc/lv_templ.o
LOAD ./Core/lvgl/src/misc/lv_timer.o
LOAD ./Core/lvgl/src/misc/lv_tlsf.o
LOAD ./Core/lvgl/src/misc/lv_txt.o
LOAD ./Core/lvgl/src/misc/lv_txt_ap.o
LOAD ./Core/lvgl/src/misc/lv_utils.o
LOAD ./Core/lvgl/src/widgets/lv_arc.o
LOAD ./Core/lvgl/src/widgets/lv_bar.o
LOAD ./Core/lvgl/src/widgets/lv_btn.o
LOAD ./Core/lvgl/src/widgets/lv_btnmatrix.o
LOAD ./Core/lvgl/src/widgets/lv_canvas.o
LOAD ./Core/lvgl/src/widgets/lv_checkbox.o
LOAD ./Core/lvgl/src/widgets/lv_dropdown.o
LOAD ./Core/lvgl/src/widgets/lv_img.o
LOAD ./Core/lvgl/src/widgets/lv_label.o
LOAD ./Core/lvgl/src/widgets/lv_line.o
LOAD ./Core/lvgl/src/widgets/lv_objx_templ.o
LOAD ./Core/lvgl/src/widgets/lv_roller.o
LOAD ./Core/lvgl/src/widgets/lv_slider.o
LOAD ./Core/lvgl/src/widgets/lv_switch.o
LOAD ./Core/lvgl/src/widgets/lv_table.o
LOAD ./Core/lvgl/src/widgets/lv_textarea.o
LOAD ./Core/menu/Scr/cloud.o
LOAD ./Core/menu/Scr/lvgl_menu.o
LOAD ./Core/menu/Scr/moon.o
LOAD ./Core/menu/Scr/rain.o
LOAD ./Core/menu/Scr/snow.o
LOAD ./Core/menu/Scr/sun.o
LOAD ./Core/menu/Scr/wind.o
LOAD ./Core/peripherals/Src/adc.o
LOAD ./Core/peripherals/Src/aht10.o
LOAD ./Core/peripherals/Src/brightness_control.o
LOAD ./Core/peripherals/Src/buzzer.o
LOAD ./Core/peripherals/Src/dfplayer_mini.o
LOAD ./Core/peripherals/Src/esp.o
LOAD ./Core/peripherals/Src/ili9486.o
LOAD ./Core/peripherals/Src/led.o
LOAD ./Core/peripherals/Src/lv53l0x.o
LOAD ./Core/peripherals/Src/median.o
LOAD ./Core/peripherals/Src/range.o
LOAD ./Core/peripherals/Src/sgp30.o
LOAD ./Drivers/STM32F4xx_HAL_Driver/Src/stm32f4xx_hal.o
LOAD ./Drivers/STM32F4xx_HAL_Driver/Src/stm32f4xx_hal_adc.o
LOAD ./Drivers/STM32F4xx_HAL_Driver/Src/stm32f4xx_hal_adc_ex.o
LOAD ./Drivers/STM32F4xx_HAL_Driver/Src/stm32f4xx_hal_cortex.o
LOAD ./Drivers/STM32F4xx_HAL_Driver/Src/stm32f4xx_hal_dma.o
LOAD ./Drivers/STM32F4xx_HAL_Driver/Src/stm32f4xx_hal_dma_ex.o
LOAD ./Drivers/STM32F4xx_HAL_Driver/Src/stm32f4xx_hal_exti.o
LOAD ./Drivers/STM32F4xx_HAL_Driver/Src/stm32f4xx_hal_flash.o
LOAD ./Drivers/STM32F4xx_HAL_Driver/Src/stm32f4xx_hal_flash_ex.o
LOAD ./Drivers/STM32F4xx_HAL_Driver/Src/stm32f4xx_hal_flash_ramfunc.o
LOAD ./Drivers/STM32F4xx_HAL_Driver/Src/stm32f4xx_hal_gpio.o
LOAD ./Drivers/STM32F4xx_HAL_Driver/Src/stm32f4xx_hal_i2c.o
LOAD ./Drivers/STM32F4xx_HAL_Driver/Src/stm32f4xx_hal_i2c_ex.o
LOAD ./Drivers/STM32F4xx_HAL_Driver/Src/stm32f4xx_hal_pwr.o
LOAD ./Drivers/STM32F4xx_HAL_Driver/Src/stm32f4xx_hal_pwr_ex.o
LOAD ./Drivers/STM32F4xx_HAL_Driver/Src/stm32f4xx_hal_rcc.o
LOAD ./Drivers/STM32F4xx_HAL_Driver/Src/stm32f4xx_hal_rcc_ex.o
LOAD ./Drivers/STM32F4xx_HAL_Driver/Src/stm32f4xx_hal_sram.o
LOAD ./Drivers/STM32F4xx_HAL_Driver/Src/stm32f4xx_hal_tim.o
LOAD ./Drivers/STM32F4xx_HAL_Driver/Src/stm32f4xx_hal_tim_ex.o
LOAD ./Drivers/STM32F4xx_HAL_Driver/Src/stm32f4xx_hal_uart.o
LOAD ./Drivers/STM32F4xx_HAL_Driver/Src/stm32f4xx_ll_adc.o
LOAD ./Drivers/STM32F4xx_HAL_Driver/Src/stm32f4xx_ll_fmc.o
START GROUP
LOAD C:/ST/STM32CubeIDE_1.13.1/STM32CubeIDE/plugins/com.st.stm32cube.ide.mcu.externaltools.gnu-tools-for-stm32.12.3.rel1.win32_1.0.200.202406191623/tools/bin/../lib/gcc/arm-none-eabi/12.3.1/../../../../arm-none-eabi/lib/thumb/v7e-m+fp/hard\libc_nano.a
LOAD C:/ST/STM32CubeIDE_1.13.1/STM32CubeIDE/plugins/com.st.stm32cube.ide.mcu.externaltools.gnu-tools-for-stm32.12.3.rel1.win32_1.0.200.202406191623/tools/bin/../lib/gcc/arm-none-eabi/12.3.1/../../../../arm-none-eabi/lib/thumb/v7e-m+fp/hard\libm.a
END GROUP
START GROUP
LOAD C:/ST/STM32CubeIDE_1.13.1/STM32CubeIDE/plugins/com.st.stm32cube.ide.mcu.externaltools.gnu-tools-for-stm32.12.3.rel1.win32_1.0.200.202406191623/tools/bin/../lib/gcc/arm-none-eabi/12.3.1/thumb/v7e-m+fp/hard\libgcc.a
LOAD C:/ST/STM32CubeIDE_1.13.1/STM32CubeIDE/plugins/com.st.stm32cube.ide.mcu.externaltools.gnu-tools-for-stm32.12.3.rel1.win32_1.0.200.202406191623/tools/bin/../lib/gcc/arm-none-eabi/12.3.1/../../../../arm-none-eabi/lib/thumb/v7e-m+fp/hard\libc_nano.a
END GROUP
START GROUP
LOAD C:/ST/STM32CubeIDE_1.13.1/STM32CubeIDE/plugins/com.st.stm32cube.ide.mcu.externaltools.gnu-tools-for-stm32.12.3.rel1.win32_1.0.200.202406191623/tools/bin/../lib/gcc/arm-none-eabi/12.3.1/thumb/v7e-m+fp/hard\libgcc.a
LOAD C:/ST/STM32CubeIDE_1.13.1/STM32CubeIDE/plugins/com.st.stm32cube.ide.mcu.externaltools.gnu-tools-for-stm32.12.3.rel1.win32_1.0.200.202406191623/tools/bin/../lib/gcc/arm-none-eabi/12.3.1/../../../../arm-none-eabi/lib/thumb/v7e-m+fp/hard\libc_nano.a
LOAD C:/ST/STM32CubeIDE_1.13.1/STM32CubeIDE/plugins/com.st.stm32cube.ide.mcu.externaltools.gnu-tools-for-stm32.12.3.rel1.win32_1.0.200.202406191623/tools/bin/../lib/gcc/arm-none-eabi/12.3.1/../../../../arm-none-eabi/lib/thumb/v7e-m+fp/hard\libnosys.a
END GROUP
START GROUP
LOAD C:/ST/STM32CubeIDE_1.13.1/STM32CubeIDE/plugins/com.st.stm32cube.ide.mcu.externaltools.gnu-tools-for-stm32.12.3.rel1.win32_1.0.200.202406191623/tools/bin/../lib/gcc/arm-none-eabi/12.3.1/thumb/v7e-m+fp/hard\libgcc.a
LOAD C:/ST/STM32CubeIDE_1.13.1/STM32CubeIDE/plugins/com.st.stm32cube.ide.mcu.externaltools.gnu-tools-for-stm32.12.3.rel1.win32_1.0.200.202406191623/tools/bin/../lib/gcc/arm-none-eabi/12.3.1/../../../../arm-none-eabi/lib/thumb/v7e-m+fp/hard\libc_nano.a
LOAD C:/ST/STM32CubeIDE_1.13.1/STM32CubeIDE/plugins/com.st.stm32cube.ide.mcu.externaltools.gnu-tools-for-stm32.12.3.rel1.win32_1.0.200.202406191623/tools/bin/../lib/gcc/arm-none-eabi/12.3.1/../../../../arm-none-eabi/lib/thumb/v7e-m+fp/hard\libnosys.a
END GROUP
LOAD C:/ST/STM32CubeIDE_1.13.1/STM32CubeIDE/plugins/com.st.stm32cube.ide.mcu.externaltools.gnu-tools-for-stm32.12.3.rel1.win32_1.0.200.202406191623/tools/bin/../lib/gcc/arm-none-eabi/12.3.1/thumb/v7e-m+fp/hard/crtend.o
LOAD C:/ST/STM32CubeIDE_1.13.1/STM32CubeIDE/plugins/com.st.stm32cube.ide.mcu.externaltools.gnu-tools-for-stm32.12.3.rel1.win32_1.0.200.202406191623/tools/bin/../lib/gcc/arm-none-eabi/12.3.1/thumb/v7e-m+fp/hard/crtn.o
                0x20020000                        _estack = (ORIGIN (RAM) + LENGTH (RAM))
                0x00000200                        _Min_Heap_Size = 0x200
                0x00000400                        _Min_Stack_Size = 0x400

.isr_vector     0x08000000      0x1c4
                0x08000000                        . = ALIGN (0x4)
 *(.isr_vector)
 .isr_vector    0x08000000      0x1c4 ./Core/Startup/startup_stm32f446vetx.o
                0x08000000                g_pfnVectors
                0x080001c4                        . = ALIGN (0x4)

.text           0x080001d0    0x27c24
                0x080001d0                        . = ALIGN (0x4)
 *(.text)
 .text          0x080001d0       0x40 C:/ST/STM32CubeIDE_1.13.1/STM32CubeIDE/plugins/com.st.stm32cube.ide.mcu.externaltools.gnu-tools-for-stm32.12.3.rel1.win32_1.0.200.202406191623/tools/bin/../lib/gcc/arm-none-eabi/12.3.1/thumb/v7e-m+fp/hard/crtbegin.o
 .text          0x08000210       0x14 C:/ST/STM32CubeIDE_1.13.1/STM32CubeIDE/plugins/com.st.stm32cube.ide.mcu.externaltools.gnu-tools-for-stm32.12.3.rel1.win32_1.0.200.202406191623/tools/bin/../lib/gcc/arm-none-eabi/12.3.1/../../../../arm-none-eabi/lib/thumb/v7e-m+fp/hard\libc_nano.a(libc_a-strcmp.o)
                0x08000210                strcmp
 .text          0x08000224       0x10 C:/ST/STM32CubeIDE_1.13.1/STM32CubeIDE/plugins/com.st.stm32cube.ide.mcu.externaltools.gnu-tools-for-stm32.12.3.rel1.win32_1.0.200.202406191623/tools/bin/../lib/gcc/arm-none-eabi/12.3.1/../../../../arm-none-eabi/lib/thumb/v7e-m+fp/hard\libc_nano.a(libc_a-strlen.o)
                0x08000224                strlen
 *fill*         0x08000234        0xc 
 .text          0x08000240       0xa0 C:/ST/STM32CubeIDE_1.13.1/STM32CubeIDE/plugins/com.st.stm32cube.ide.mcu.externaltools.gnu-tools-for-stm32.12.3.rel1.win32_1.0.200.202406191623/tools/bin/../lib/gcc/arm-none-eabi/12.3.1/../../../../arm-none-eabi/lib/thumb/v7e-m+fp/hard\libc_nano.a(libc_a-memchr.o)
                0x08000240                memchr
 .text          0x080002e0      0x378 C:/ST/STM32CubeIDE_1.13.1/STM32CubeIDE/plugins/com.st.stm32cube.ide.mcu.externaltools.gnu-tools-for-stm32.12.3.rel1.win32_1.0.200.202406191623/tools/bin/../lib/gcc/arm-none-eabi/12.3.1/thumb/v7e-m+fp/hard\libgcc.a(_arm_addsubdf3.o)
                0x080002e0                __aeabi_drsub
                0x080002e8                __aeabi_dsub
                0x080002e8                __subdf3
                0x080002ec                __aeabi_dadd
                0x080002ec                __adddf3
                0x08000564                __floatunsidf
                0x08000564                __aeabi_ui2d
                0x08000584                __floatsidf
                0x08000584                __aeabi_i2d
                0x080005a8                __aeabi_f2d
                0x080005a8                __extendsfdf2
                0x080005ec                __floatundidf
                0x080005ec                __aeabi_ul2d
                0x080005fc                __floatdidf
                0x080005fc                __aeabi_l2d
 .text          0x08000658      0x424 C:/ST/STM32CubeIDE_1.13.1/STM32CubeIDE/plugins/com.st.stm32cube.ide.mcu.externaltools.gnu-tools-for-stm32.12.3.rel1.win32_1.0.200.202406191623/tools/bin/../lib/gcc/arm-none-eabi/12.3.1/thumb/v7e-m+fp/hard\libgcc.a(_arm_muldivdf3.o)
                0x08000658                __aeabi_dmul
                0x08000658                __muldf3
                0x080008ac                __divdf3
                0x080008ac                __aeabi_ddiv
 .text          0x08000a7c      0x110 C:/ST/STM32CubeIDE_1.13.1/STM32CubeIDE/plugins/com.st.stm32cube.ide.mcu.externaltools.gnu-tools-for-stm32.12.3.rel1.win32_1.0.200.202406191623/tools/bin/../lib/gcc/arm-none-eabi/12.3.1/thumb/v7e-m+fp/hard\libgcc.a(_arm_cmpdf2.o)
                0x08000a7c                __gtdf2
                0x08000a7c                __gedf2
                0x08000a84                __ltdf2
                0x08000a84                __ledf2
                0x08000a8c                __nedf2
                0x08000a8c                __eqdf2
                0x08000a8c                __cmpdf2
                0x08000b08                __aeabi_cdrcmple
                0x08000b18                __aeabi_cdcmpeq
                0x08000b18                __aeabi_cdcmple
                0x08000b28                __aeabi_dcmpeq
                0x08000b3c                __aeabi_dcmplt
                0x08000b50                __aeabi_dcmple
                0x08000b64                __aeabi_dcmpge
                0x08000b78                __aeabi_dcmpgt
 .text          0x08000b8c       0x50 C:/ST/STM32CubeIDE_1.13.1/STM32CubeIDE/plugins/com.st.stm32cube.ide.mcu.externaltools.gnu-tools-for-stm32.12.3.rel1.win32_1.0.200.202406191623/tools/bin/../lib/gcc/arm-none-eabi/12.3.1/thumb/v7e-m+fp/hard\libgcc.a(_arm_fixdfsi.o)
                0x08000b8c                __aeabi_d2iz
                0x08000b8c                __fixdfsi
 .text          0x08000bdc       0x40 C:/ST/STM32CubeIDE_1.13.1/STM32CubeIDE/plugins/com.st.stm32cube.ide.mcu.externaltools.gnu-tools-for-stm32.12.3.rel1.win32_1.0.200.202406191623/tools/bin/../lib/gcc/arm-none-eabi/12.3.1/thumb/v7e-m+fp/hard\libgcc.a(_arm_fixunsdfsi.o)
                0x08000bdc                __aeabi_d2uiz
                0x08000bdc                __fixunsdfsi
 .text          0x08000c1c       0x30 C:/ST/STM32CubeIDE_1.13.1/STM32CubeIDE/plugins/com.st.stm32cube.ide.mcu.externaltools.gnu-tools-for-stm32.12.3.rel1.win32_1.0.200.202406191623/tools/bin/../lib/gcc/arm-none-eabi/12.3.1/thumb/v7e-m+fp/hard\libgcc.a(_aeabi_uldivmod.o)
                0x08000c1c                __aeabi_uldivmod
 .text          0x08000c4c      0x2bc C:/ST/STM32CubeIDE_1.13.1/STM32CubeIDE/plugins/com.st.stm32cube.ide.mcu.externaltools.gnu-tools-for-stm32.12.3.rel1.win32_1.0.200.202406191623/tools/bin/../lib/gcc/arm-none-eabi/12.3.1/thumb/v7e-m+fp/hard\libgcc.a(_udivmoddi4.o)
                0x08000c4c                __udivmoddi4
 .text          0x08000f08        0x4 C:/ST/STM32CubeIDE_1.13.1/STM32CubeIDE/plugins/com.st.stm32cube.ide.mcu.externaltools.gnu-tools-for-stm32.12.3.rel1.win32_1.0.200.202406191623/tools/bin/../lib/gcc/arm-none-eabi/12.3.1/thumb/v7e-m+fp/hard\libgcc.a(_dvmd_tls.o)
                0x08000f08                __aeabi_idiv0
                0x08000f08                __aeabi_ldiv0
 *(.text*)
 .text.tft_flush
                0x08000f0c       0x44 ./Core/Src/main.o
 .text.SystemClock_Config
                0x08000f50       0xac ./Core/Src/main.o
                0x08000f50                SystemClock_Config
 .text.startup.main
                0x08000ffc      0x520 ./Core/Src/main.o
                0x08000ffc                main
 .text.Error_Handler
                0x0800151c        0x4 ./Core/Src/main.o
                0x0800151c                Error_Handler
 .text.HAL_MspInit
                0x08001520       0x38 ./Core/Src/stm32f4xx_hal_msp.o
                0x08001520                HAL_MspInit
 .text.HAL_ADC_MspInit
                0x08001558       0xa4 ./Core/Src/stm32f4xx_hal_msp.o
                0x08001558                HAL_ADC_MspInit
 .text.HAL_I2C_MspInit
                0x080015fc      0x174 ./Core/Src/stm32f4xx_hal_msp.o
                0x080015fc                HAL_I2C_MspInit
 .text.HAL_TIM_PWM_MspInit
                0x08001770       0x54 ./Core/Src/stm32f4xx_hal_msp.o
                0x08001770                HAL_TIM_PWM_MspInit
 .text.HAL_TIM_Base_MspInit
                0x080017c4       0x30 ./Core/Src/stm32f4xx_hal_msp.o
                0x080017c4                HAL_TIM_Base_MspInit
 .text.HAL_TIM_MspPostInit
                0x080017f4       0x80 ./Core/Src/stm32f4xx_hal_msp.o
                0x080017f4                HAL_TIM_MspPostInit
 .text.HAL_UART_MspInit
                0x08001874      0x140 ./Core/Src/stm32f4xx_hal_msp.o
                0x08001874                HAL_UART_MspInit
 .text.HAL_SRAM_MspInit
                0x080019b4       0x6c ./Core/Src/stm32f4xx_hal_msp.o
                0x080019b4                HAL_SRAM_MspInit
 .text.NMI_Handler
                0x08001a20        0x2 ./Core/Src/stm32f4xx_it.o
                0x08001a20                NMI_Handler
 .text.HardFault_Handler
                0x08001a22        0x2 ./Core/Src/stm32f4xx_it.o
                0x08001a22                HardFault_Handler
 .text.MemManage_Handler
                0x08001a24        0x2 ./Core/Src/stm32f4xx_it.o
                0x08001a24                MemManage_Handler
 .text.BusFault_Handler
                0x08001a26        0x2 ./Core/Src/stm32f4xx_it.o
                0x08001a26                BusFault_Handler
 .text.UsageFault_Handler
                0x08001a28        0x2 ./Core/Src/stm32f4xx_it.o
                0x08001a28                UsageFault_Handler
 .text.SVC_Handler
                0x08001a2a        0x2 ./Core/Src/stm32f4xx_it.o
                0x08001a2a                SVC_Handler
 .text.DebugMon_Handler
                0x08001a2c        0x2 ./Core/Src/stm32f4xx_it.o
                0x08001a2c                DebugMon_Handler
 .text.PendSV_Handler
                0x08001a2e        0x2 ./Core/Src/stm32f4xx_it.o
                0x08001a2e                PendSV_Handler
 .text.SysTick_Handler
                0x08001a30       0x10 ./Core/Src/stm32f4xx_it.o
                0x08001a30                SysTick_Handler
 .text.DMA1_Stream5_IRQHandler
                0x08001a40        0xc ./Core/Src/stm32f4xx_it.o
                0x08001a40                DMA1_Stream5_IRQHandler
 .text.USART3_IRQHandler
                0x08001a4c        0xc ./Core/Src/stm32f4xx_it.o
                0x08001a4c                USART3_IRQHandler
 .text.DMA2_Stream0_IRQHandler
                0x08001a58        0xc ./Core/Src/stm32f4xx_it.o
                0x08001a58                DMA2_Stream0_IRQHandler
 .text._sbrk    0x08001a64       0x40 ./Core/Src/sysmem.o
                0x08001a64                _sbrk
 .text.SystemInit
                0x08001aa4       0x14 ./Core/Src/system_stm32f4xx.o
                0x08001aa4                SystemInit
 .text.Reset_Handler
                0x08001ab8       0x50 ./Core/Startup/startup_stm32f446vetx.o
                0x08001ab8                Reset_Handler
 .text.Default_Handler
                0x08001b08        0x2 ./Core/Startup/startup_stm32f446vetx.o
                0x08001b08                RTC_Alarm_IRQHandler
                0x08001b08                EXTI2_IRQHandler
                0x08001b08                TIM8_CC_IRQHandler
                0x08001b08                FMPI2C1_EV_IRQHandler
                0x08001b08                SPI4_IRQHandler
                0x08001b08                TIM1_CC_IRQHandler
                0x08001b08                DMA2_Stream5_IRQHandler
                0x08001b08                PVD_IRQHandler
                0x08001b08                SDIO_IRQHandler
                0x08001b08                TAMP_STAMP_IRQHandler
                0x08001b08                CAN2_RX1_IRQHandler
                0x08001b08                EXTI3_IRQHandler
                0x08001b08                TIM8_TRG_COM_TIM14_IRQHandler
                0x08001b08                TIM1_UP_TIM10_IRQHandler
                0x08001b08                TIM8_UP_TIM13_IRQHandler
                0x08001b08                I2C3_ER_IRQHandler
                0x08001b08                EXTI0_IRQHandler
                0x08001b08                I2C2_EV_IRQHandler
                0x08001b08                DMA1_Stream2_IRQHandler
                0x08001b08                CAN1_RX0_IRQHandler
                0x08001b08                FPU_IRQHandler
                0x08001b08                OTG_HS_WKUP_IRQHandler
                0x08001b08                CAN2_SCE_IRQHandler
                0x08001b08                DMA2_Stream2_IRQHandler
                0x08001b08                SPI1_IRQHandler
                0x08001b08                TIM6_DAC_IRQHandler
                0x08001b08                TIM1_BRK_TIM9_IRQHandler
                0x08001b08                DCMI_IRQHandler
                0x08001b08                CAN2_RX0_IRQHandler
                0x08001b08                DMA2_Stream3_IRQHandler
                0x08001b08                SAI2_IRQHandler
                0x08001b08                USART6_IRQHandler
                0x08001b08                CAN1_RX1_IRQHandler
                0x08001b08                UART5_IRQHandler
                0x08001b08                TIM4_IRQHandler
                0x08001b08                QUADSPI_IRQHandler
                0x08001b08                I2C1_EV_IRQHandler
                0x08001b08                DMA1_Stream6_IRQHandler
                0x08001b08                DMA1_Stream1_IRQHandler
                0x08001b08                UART4_IRQHandler
                0x08001b08                TIM3_IRQHandler
                0x08001b08                RCC_IRQHandler
                0x08001b08                TIM8_BRK_TIM12_IRQHandler
                0x08001b08                Default_Handler
                0x08001b08                CEC_IRQHandler
                0x08001b08                EXTI15_10_IRQHandler
                0x08001b08                ADC_IRQHandler
                0x08001b08                DMA1_Stream7_IRQHandler
                0x08001b08                TIM7_IRQHandler
                0x08001b08                CAN2_TX_IRQHandler
                0x08001b08                TIM5_IRQHandler
                0x08001b08                DMA2_Stream7_IRQHandler
                0x08001b08                I2C3_EV_IRQHandler
                0x08001b08                EXTI9_5_IRQHandler
                0x08001b08                RTC_WKUP_IRQHandler
                0x08001b08                SPDIF_RX_IRQHandler
                0x08001b08                SPI2_IRQHandler
                0x08001b08                OTG_HS_EP1_IN_IRQHandler
                0x08001b08                DMA1_Stream0_IRQHandler
                0x08001b08                CAN1_TX_IRQHandler
                0x08001b08                FMPI2C1_ER_IRQHandler
                0x08001b08                EXTI4_IRQHandler
                0x08001b08                OTG_HS_EP1_OUT_IRQHandler
                0x08001b08                WWDG_IRQHandler
                0x08001b08                TIM2_IRQHandler
                0x08001b08                OTG_FS_WKUP_IRQHandler
                0x08001b08                TIM1_TRG_COM_TIM11_IRQHandler
                0x08001b08                OTG_HS_IRQHandler
                0x08001b08                EXTI1_IRQHandler
                0x08001b08                USART2_IRQHandler
                0x08001b08                I2C2_ER_IRQHandler
                0x08001b08                DMA2_Stream1_IRQHandler
                0x08001b08                CAN1_SCE_IRQHandler
                0x08001b08                FLASH_IRQHandler
                0x08001b08                DMA2_Stream4_IRQHandler
                0x08001b08                USART1_IRQHandler
                0x08001b08                OTG_FS_IRQHandler
                0x08001b08                SPI3_IRQHandler
                0x08001b08                DMA1_Stream4_IRQHandler
                0x08001b08                I2C1_ER_IRQHandler
                0x08001b08                FMC_IRQHandler
                0x08001b08                DMA2_Stream6_IRQHandler
                0x08001b08                SAI1_IRQHandler
                0x08001b08                DMA1_Stream3_IRQHandler
 .text.lv_disp_get_scr_act
                0x08001b0a        0xe ./Core/lvgl/src/core/lv_disp.o
                0x08001b0a                lv_disp_get_scr_act
 .text.lv_disp_get_scr_prev
                0x08001b18        0xe ./Core/lvgl/src/core/lv_disp.o
                0x08001b18                lv_disp_get_scr_prev
 .text.lv_disp_load_scr
                0x08001b26       0x32 ./Core/lvgl/src/core/lv_disp.o
                0x08001b26                lv_disp_load_scr
 .text.lv_disp_get_layer_top
                0x08001b58        0xe ./Core/lvgl/src/core/lv_disp.o
                0x08001b58                lv_disp_get_layer_top
 .text.lv_disp_get_layer_sys
                0x08001b66        0xe ./Core/lvgl/src/core/lv_disp.o
                0x08001b66                lv_disp_get_layer_sys
 .text.lv_disp_get_theme
                0x08001b74        0xc ./Core/lvgl/src/core/lv_disp.o
                0x08001b74                lv_disp_get_theme
 .text.lv_obj_event_base
                0x08001b80       0x2a ./Core/lvgl/src/core/lv_event.o
                0x08001b80                lv_obj_event_base
 *fill*         0x08001baa        0x2 
 .text.event_send_core
                0x08001bac       0xc4 ./Core/lvgl/src/core/lv_event.o
 .text.lv_event_send
                0x08001c70       0x40 ./Core/lvgl/src/core/lv_event.o
                0x08001c70                lv_event_send
 .text.lv_event_get_target
                0x08001cb0        0x4 ./Core/lvgl/src/core/lv_event.o
                0x08001cb0                lv_event_get_target
 .text.lv_event_get_code
                0x08001cb4        0x4 ./Core/lvgl/src/core/lv_event.o
                0x08001cb4                lv_event_get_code
 .text.lv_event_get_param
                0x08001cb8        0x4 ./Core/lvgl/src/core/lv_event.o
                0x08001cb8                lv_event_get_param
 .text.lv_event_get_user_data
                0x08001cbc        0x4 ./Core/lvgl/src/core/lv_event.o
                0x08001cbc                lv_event_get_user_data
 .text._lv_event_mark_deleted
                0x08001cc0       0x24 ./Core/lvgl/src/core/lv_event.o
                0x08001cc0                _lv_event_mark_deleted
 .text.lv_obj_add_event_cb
                0x08001ce4       0x54 ./Core/lvgl/src/core/lv_event.o
                0x08001ce4                lv_obj_add_event_cb
 .text.lv_event_get_indev
                0x08001d38        0xe ./Core/lvgl/src/core/lv_event.o
                0x08001d38                lv_event_get_indev
 .text.lv_event_set_ext_draw_size
                0x08001d46       0x18 ./Core/lvgl/src/core/lv_event.o
                0x08001d46                lv_event_set_ext_draw_size
 .text.get_indev
                0x08001d5e       0x4c ./Core/lvgl/src/core/lv_group.o
 .text.focus_next_core
                0x08001daa       0xe4 ./Core/lvgl/src/core/lv_group.o
 *fill*         0x08001e8e        0x2 
 .text._lv_group_init
                0x08001e90        0xc ./Core/lvgl/src/core/lv_group.o
                0x08001e90                _lv_group_init
 .text.lv_group_get_default
                0x08001e9c        0xc ./Core/lvgl/src/core/lv_group.o
                0x08001e9c                lv_group_get_default
 .text.lv_group_focus_next
                0x08001ea8       0x10 ./Core/lvgl/src/core/lv_group.o
                0x08001ea8                lv_group_focus_next
 .text.lv_group_focus_prev
                0x08001eb8       0x10 ./Core/lvgl/src/core/lv_group.o
                0x08001eb8                lv_group_focus_prev
 .text.lv_group_refocus
                0x08001ec8       0x28 ./Core/lvgl/src/core/lv_group.o
 .text.lv_group_add_obj
                0x08001ef0       0x6a ./Core/lvgl/src/core/lv_group.o
                0x08001ef0                lv_group_add_obj
 .text.lv_group_remove_obj
                0x08001f5a       0x90 ./Core/lvgl/src/core/lv_group.o
                0x08001f5a                lv_group_remove_obj
 .text.lv_group_get_focused
                0x08001fea        0xa ./Core/lvgl/src/core/lv_group.o
                0x08001fea                lv_group_get_focused
 .text.lv_group_set_editing
                0x08001ff4       0x42 ./Core/lvgl/src/core/lv_group.o
                0x08001ff4                lv_group_set_editing
 .text.lv_group_get_editing
                0x08002036        0xa ./Core/lvgl/src/core/lv_group.o
                0x08002036                lv_group_get_editing
 .text.lv_indev_get_act
                0x08002040        0xc ./Core/lvgl/src/core/lv_indev.o
                0x08002040                lv_indev_get_act
 .text.lv_indev_get_type
                0x0800204c        0x8 ./Core/lvgl/src/core/lv_indev.o
                0x0800204c                lv_indev_get_type
 .text.lv_indev_reset
                0x08002054       0x98 ./Core/lvgl/src/core/lv_indev.o
                0x08002054                lv_indev_reset
 .text.lv_indev_reset_long_press
                0x080020ec       0x1a ./Core/lvgl/src/core/lv_indev.o
                0x080020ec                lv_indev_reset_long_press
 .text.lv_indev_get_point
                0x08002106       0x2c ./Core/lvgl/src/core/lv_indev.o
                0x08002106                lv_indev_get_point
 .text.lv_indev_get_scroll_dir
                0x08002132       0x1c ./Core/lvgl/src/core/lv_indev.o
                0x08002132                lv_indev_get_scroll_dir
 .text.lv_indev_get_scroll_obj
                0x0800214e       0x16 ./Core/lvgl/src/core/lv_indev.o
                0x0800214e                lv_indev_get_scroll_obj
 .text.lv_indev_get_vect
                0x08002164       0x22 ./Core/lvgl/src/core/lv_indev.o
                0x08002164                lv_indev_get_vect
 .text.lv_indev_wait_release
                0x08002186        0xc ./Core/lvgl/src/core/lv_indev.o
                0x08002186                lv_indev_wait_release
 *fill*         0x08002192        0x2 
 .text.lv_indev_get_obj_act
                0x08002194        0xc ./Core/lvgl/src/core/lv_indev.o
                0x08002194                lv_indev_get_obj_act
 .text.lv_indev_scroll_throw_predict
                0x080021a0       0x36 ./Core/lvgl/src/core/lv_indev_scroll.o
                0x080021a0                lv_indev_scroll_throw_predict
 .text.lv_obj_constructor
                0x080021d6       0x60 ./Core/lvgl/src/core/lv_obj.o
 .text.lv_obj_set_state
                0x08002236      0x1e0 ./Core/lvgl/src/core/lv_obj.o
 *fill*         0x08002416        0x2 
 .text.lv_obj_draw
                0x08002418      0x464 ./Core/lvgl/src/core/lv_obj.o
 .text.lv_init  0x0800287c       0x50 ./Core/lvgl/src/core/lv_obj.o
                0x0800287c                lv_init
 .text.lv_obj_create
                0x080028cc       0x18 ./Core/lvgl/src/core/lv_obj.o
                0x080028cc                lv_obj_create
 .text.lv_obj_add_flag
                0x080028e4       0x64 ./Core/lvgl/src/core/lv_obj.o
                0x080028e4                lv_obj_add_flag
 .text.lv_obj_clear_flag
                0x08002948       0x72 ./Core/lvgl/src/core/lv_obj.o
                0x08002948                lv_obj_clear_flag
 .text.lv_obj_add_state
                0x080029ba       0x14 ./Core/lvgl/src/core/lv_obj.o
                0x080029ba                lv_obj_add_state
 .text.lv_obj_clear_state
                0x080029ce       0x12 ./Core/lvgl/src/core/lv_obj.o
                0x080029ce                lv_obj_clear_state
 .text.lv_obj_has_flag
                0x080029e0        0xc ./Core/lvgl/src/core/lv_obj.o
                0x080029e0                lv_obj_has_flag
 .text.lv_obj_has_flag_any
                0x080029ec        0xc ./Core/lvgl/src/core/lv_obj.o
                0x080029ec                lv_obj_has_flag_any
 .text.lv_obj_get_state
                0x080029f8        0x4 ./Core/lvgl/src/core/lv_obj.o
                0x080029f8                lv_obj_get_state
 .text.lv_obj_get_group
                0x080029fc        0x8 ./Core/lvgl/src/core/lv_obj.o
                0x080029fc                lv_obj_get_group
 .text.lv_obj_event
                0x08002a04      0x344 ./Core/lvgl/src/core/lv_obj.o
 .text.lv_obj_destructor
                0x08002d48       0x68 ./Core/lvgl/src/core/lv_obj.o
 .text.lv_obj_allocate_spec_attr
                0x08002db0       0x38 ./Core/lvgl/src/core/lv_obj.o
                0x08002db0                lv_obj_allocate_spec_attr
 .text.lv_obj_check_type
                0x08002de8        0xc ./Core/lvgl/src/core/lv_obj.o
                0x08002de8                lv_obj_check_type
 .text.lv_obj_construct
                0x08002df4       0x22 ./Core/lvgl/src/core/lv_obj_class.o
 *fill*         0x08002e16        0x2 
 .text.lv_obj_class_create_obj
                0x08002e18       0xd4 ./Core/lvgl/src/core/lv_obj_class.o
                0x08002e18                lv_obj_class_create_obj
 .text._lv_obj_destruct
                0x08002eec       0x1a ./Core/lvgl/src/core/lv_obj_class.o
                0x08002eec                _lv_obj_destruct
 .text.lv_obj_is_editable
                0x08002f06       0x14 ./Core/lvgl/src/core/lv_obj_class.o
                0x08002f06                lv_obj_is_editable
 .text.lv_obj_is_group_def
                0x08002f1a       0x14 ./Core/lvgl/src/core/lv_obj_class.o
                0x08002f1a                lv_obj_is_group_def
 .text.lv_obj_class_init_obj
                0x08002f2e       0x74 ./Core/lvgl/src/core/lv_obj_class.o
                0x08002f2e                lv_obj_class_init_obj
 .text.lv_obj_get_style_opa
                0x08002fa2        0xe ./Core/lvgl/src/core/lv_obj_draw.o
 .text.lv_obj_get_style_blend_mode
                0x08002fb0        0xc ./Core/lvgl/src/core/lv_obj_draw.o
 .text.lv_obj_init_draw_rect_dsc
                0x08002fbc      0x278 ./Core/lvgl/src/core/lv_obj_draw.o
                0x08002fbc                lv_obj_init_draw_rect_dsc
 .text.lv_obj_init_draw_label_dsc
                0x08003234       0xa2 ./Core/lvgl/src/core/lv_obj_draw.o
                0x08003234                lv_obj_init_draw_label_dsc
 .text.lv_obj_init_draw_img_dsc
                0x080032d6       0x92 ./Core/lvgl/src/core/lv_obj_draw.o
                0x080032d6                lv_obj_init_draw_img_dsc
 .text.lv_obj_init_draw_line_dsc
                0x08003368       0xa0 ./Core/lvgl/src/core/lv_obj_draw.o
                0x08003368                lv_obj_init_draw_line_dsc
 .text.lv_obj_init_draw_arc_dsc
                0x08003408       0x8c ./Core/lvgl/src/core/lv_obj_draw.o
                0x08003408                lv_obj_init_draw_arc_dsc
 .text.lv_obj_calculate_ext_draw_size
                0x08003494       0xe2 ./Core/lvgl/src/core/lv_obj_draw.o
                0x08003494                lv_obj_calculate_ext_draw_size
 .text.lv_obj_draw_dsc_init
                0x08003576       0x10 ./Core/lvgl/src/core/lv_obj_draw.o
                0x08003576                lv_obj_draw_dsc_init
 .text._lv_obj_get_ext_draw_size
                0x08003586        0xa ./Core/lvgl/src/core/lv_obj_draw.o
                0x08003586                _lv_obj_get_ext_draw_size
 .text.lv_obj_refresh_ext_draw_size
                0x08003590       0x5a ./Core/lvgl/src/core/lv_obj_draw.o
                0x08003590                lv_obj_refresh_ext_draw_size
 .text.lv_obj_get_style_border_width.constprop.0
                0x080035ea       0x10 ./Core/lvgl/src/core/lv_obj_pos.o
 .text.lv_obj_get_style_base_dir.constprop.0
                0x080035fa       0x10 ./Core/lvgl/src/core/lv_obj_pos.o
 .text.lv_obj_get_style_pad_right.constprop.0
                0x0800360a       0x10 ./Core/lvgl/src/core/lv_obj_pos.o
 .text.lv_obj_get_style_pad_left.constprop.0
                0x0800361a       0x10 ./Core/lvgl/src/core/lv_obj_pos.o
 .text.lv_obj_get_style_pad_bottom.constprop.0
                0x0800362a       0x10 ./Core/lvgl/src/core/lv_obj_pos.o
 .text.lv_obj_get_style_pad_top.constprop.0
                0x0800363a       0x10 ./Core/lvgl/src/core/lv_obj_pos.o
 .text.lv_obj_set_width
                0x0800364a       0x30 ./Core/lvgl/src/core/lv_obj_pos.o
                0x0800364a                lv_obj_set_width
 .text.lv_obj_set_height
                0x0800367a       0x30 ./Core/lvgl/src/core/lv_obj_pos.o
                0x0800367a                lv_obj_set_height
 .text.lv_obj_set_size
                0x080036aa       0x16 ./Core/lvgl/src/core/lv_obj_pos.o
                0x080036aa                lv_obj_set_size
 .text.lv_obj_is_layout_positioned
                0x080036c0       0x34 ./Core/lvgl/src/core/lv_obj_pos.o
                0x080036c0                lv_obj_is_layout_positioned
 .text.lv_obj_set_x
                0x080036f4       0x38 ./Core/lvgl/src/core/lv_obj_pos.o
                0x080036f4                lv_obj_set_x
 .text.lv_obj_set_y
                0x0800372c       0x38 ./Core/lvgl/src/core/lv_obj_pos.o
                0x0800372c                lv_obj_set_y
 .text.lv_obj_set_pos
                0x08003764       0x16 ./Core/lvgl/src/core/lv_obj_pos.o
                0x08003764                lv_obj_set_pos
 .text.lv_obj_mark_layout_as_dirty
                0x0800377a       0x2c ./Core/lvgl/src/core/lv_obj_pos.o
                0x0800377a                lv_obj_mark_layout_as_dirty
 *fill*         0x080037a6        0x2 
 .text.lv_layout_register
                0x080037a8       0x3c ./Core/lvgl/src/core/lv_obj_pos.o
                0x080037a8                lv_layout_register
 .text.lv_obj_align
                0x080037e4       0x1c ./Core/lvgl/src/core/lv_obj_pos.o
                0x080037e4                lv_obj_align
 .text.lv_obj_get_coords
                0x08003800       0x1a ./Core/lvgl/src/core/lv_obj_pos.o
                0x08003800                lv_obj_get_coords
 .text.lv_obj_get_x
                0x0800381a       0x38 ./Core/lvgl/src/core/lv_obj_pos.o
                0x0800381a                lv_obj_get_x
 .text.lv_obj_get_y
                0x08003852       0x38 ./Core/lvgl/src/core/lv_obj_pos.o
                0x08003852                lv_obj_get_y
 .text.lv_obj_get_y2
                0x0800388a       0x16 ./Core/lvgl/src/core/lv_obj_pos.o
                0x0800388a                lv_obj_get_y2
 .text.lv_obj_get_width
                0x080038a0        0xc ./Core/lvgl/src/core/lv_obj_pos.o
                0x080038a0                lv_obj_get_width
 .text.lv_obj_get_height
                0x080038ac        0xc ./Core/lvgl/src/core/lv_obj_pos.o
                0x080038ac                lv_obj_get_height
 .text.lv_obj_get_content_width
                0x080038b8       0x2c ./Core/lvgl/src/core/lv_obj_pos.o
                0x080038b8                lv_obj_get_content_width
 .text.lv_obj_get_content_height
                0x080038e4       0x2c ./Core/lvgl/src/core/lv_obj_pos.o
                0x080038e4                lv_obj_get_content_height
 .text.lv_obj_get_content_coords
                0x08003910       0x60 ./Core/lvgl/src/core/lv_obj_pos.o
                0x08003910                lv_obj_get_content_coords
 .text.lv_obj_get_self_width
                0x08003970       0x1a ./Core/lvgl/src/core/lv_obj_pos.o
                0x08003970                lv_obj_get_self_width
 .text.lv_obj_get_self_height
                0x0800398a       0x1a ./Core/lvgl/src/core/lv_obj_pos.o
                0x0800398a                lv_obj_get_self_height
 .text.lv_obj_refresh_self_size
                0x080039a4       0x38 ./Core/lvgl/src/core/lv_obj_pos.o
                0x080039a4                lv_obj_refresh_self_size
 .text.lv_obj_move_children_by
                0x080039dc       0x6c ./Core/lvgl/src/core/lv_obj_pos.o
                0x080039dc                lv_obj_move_children_by
 .text.lv_obj_area_is_visible
                0x08003a48       0xb4 ./Core/lvgl/src/core/lv_obj_pos.o
                0x08003a48                lv_obj_area_is_visible
 .text.lv_obj_invalidate_area
                0x08003afc       0x34 ./Core/lvgl/src/core/lv_obj_pos.o
                0x08003afc                lv_obj_invalidate_area
 .text.lv_obj_invalidate
                0x08003b30       0x3c ./Core/lvgl/src/core/lv_obj_pos.o
                0x08003b30                lv_obj_invalidate
 .text.lv_obj_move_to
                0x08003b6c      0x130 ./Core/lvgl/src/core/lv_obj_pos.o
                0x08003b6c                lv_obj_move_to
 .text.lv_obj_refr_pos
                0x08003c9c      0x264 ./Core/lvgl/src/core/lv_obj_pos.o
                0x08003c9c                lv_obj_refr_pos
 .text.lv_obj_is_visible
                0x08003f00       0x3c ./Core/lvgl/src/core/lv_obj_pos.o
                0x08003f00                lv_obj_is_visible
 .text.lv_obj_set_ext_click_area
                0x08003f3c       0x10 ./Core/lvgl/src/core/lv_obj_pos.o
                0x08003f3c                lv_obj_set_ext_click_area
 .text.lv_obj_get_click_area
                0x08003f4c       0x32 ./Core/lvgl/src/core/lv_obj_pos.o
                0x08003f4c                lv_obj_get_click_area
 .text.lv_clamp_width
                0x08003f7e       0x66 ./Core/lvgl/src/core/lv_obj_pos.o
                0x08003f7e                lv_clamp_width
 .text.lv_obj_refr_size
                0x08003fe4      0x4b0 ./Core/lvgl/src/core/lv_obj_pos.o
                0x08003fe4                lv_obj_refr_size
 .text.layout_update_core
                0x08004494       0x7c ./Core/lvgl/src/core/lv_obj_pos.o
 .text.lv_obj_update_layout
                0x08004510       0x34 ./Core/lvgl/src/core/lv_obj_pos.o
                0x08004510                lv_obj_update_layout
 .text.lv_obj_align_to
                0x08004544      0x3c4 ./Core/lvgl/src/core/lv_obj_pos.o
                0x08004544                lv_obj_align_to
 .text.lv_obj_get_style_base_dir
                0x08004908        0xe ./Core/lvgl/src/core/lv_obj_scroll.o
 .text.scroll_by_raw
                0x08004916       0x46 ./Core/lvgl/src/core/lv_obj_scroll.o
 .text.scroll_anim_ready_cb
                0x0800495c        0xa ./Core/lvgl/src/core/lv_obj_scroll.o
 .text.lv_obj_set_scrollbar_mode
                0x08004966       0x28 ./Core/lvgl/src/core/lv_obj_scroll.o
                0x08004966                lv_obj_set_scrollbar_mode
 .text.lv_obj_set_scroll_dir
                0x0800498e       0x1e ./Core/lvgl/src/core/lv_obj_scroll.o
                0x0800498e                lv_obj_set_scroll_dir
 .text.lv_obj_set_scroll_snap_x
                0x080049ac       0x16 ./Core/lvgl/src/core/lv_obj_scroll.o
                0x080049ac                lv_obj_set_scroll_snap_x
 .text.lv_obj_set_scroll_snap_y
                0x080049c2       0x16 ./Core/lvgl/src/core/lv_obj_scroll.o
                0x080049c2                lv_obj_set_scroll_snap_y
 .text.lv_obj_get_scrollbar_mode
                0x080049d8       0x10 ./Core/lvgl/src/core/lv_obj_scroll.o
                0x080049d8                lv_obj_get_scrollbar_mode
 .text.lv_obj_get_scroll_dir
                0x080049e8       0x10 ./Core/lvgl/src/core/lv_obj_scroll.o
                0x080049e8                lv_obj_get_scroll_dir
 .text.lv_obj_get_scroll_snap_x
                0x080049f8        0xc ./Core/lvgl/src/core/lv_obj_scroll.o
                0x080049f8                lv_obj_get_scroll_snap_x
 .text.lv_obj_get_scroll_snap_y
                0x08004a04        0xc ./Core/lvgl/src/core/lv_obj_scroll.o
                0x08004a04                lv_obj_get_scroll_snap_y
 .text.lv_obj_get_scroll_x
                0x08004a10        0xc ./Core/lvgl/src/core/lv_obj_scroll.o
                0x08004a10                lv_obj_get_scroll_x
 .text.scroll_x_anim
                0x08004a1c       0x18 ./Core/lvgl/src/core/lv_obj_scroll.o
 .text.lv_obj_get_scroll_y
                0x08004a34        0xc ./Core/lvgl/src/core/lv_obj_scroll.o
                0x08004a34                lv_obj_get_scroll_y
 .text.scroll_y_anim
                0x08004a40       0x18 ./Core/lvgl/src/core/lv_obj_scroll.o
 .text.lv_obj_get_scroll_top
                0x08004a58        0x4 ./Core/lvgl/src/core/lv_obj_scroll.o
                0x08004a58                lv_obj_get_scroll_top
 .text.lv_obj_get_scroll_bottom
                0x08004a5c       0xa4 ./Core/lvgl/src/core/lv_obj_scroll.o
                0x08004a5c                lv_obj_get_scroll_bottom
 .text.lv_obj_get_scroll_left
                0x08004b00       0xd0 ./Core/lvgl/src/core/lv_obj_scroll.o
                0x08004b00                lv_obj_get_scroll_left
 .text.lv_obj_get_scroll_right
                0x08004bd0       0xb8 ./Core/lvgl/src/core/lv_obj_scroll.o
                0x08004bd0                lv_obj_get_scroll_right
 .text.lv_obj_get_scroll_end
                0x08004c88       0x44 ./Core/lvgl/src/core/lv_obj_scroll.o
                0x08004c88                lv_obj_get_scroll_end
 .text.lv_obj_scroll_by
                0x08004ccc      0x11c ./Core/lvgl/src/core/lv_obj_scroll.o
                0x08004ccc                lv_obj_scroll_by
 .text.scroll_area_into_view
                0x08004de8      0x2f0 ./Core/lvgl/src/core/lv_obj_scroll.o
 .text.lv_obj_scroll_to_x
                0x080050d8       0x80 ./Core/lvgl/src/core/lv_obj_scroll.o
                0x080050d8                lv_obj_scroll_to_x
 .text.lv_obj_scroll_to_y
                0x08005158       0x50 ./Core/lvgl/src/core/lv_obj_scroll.o
                0x08005158                lv_obj_scroll_to_y
 .text.lv_obj_scroll_to
                0x080051a8       0x1c ./Core/lvgl/src/core/lv_obj_scroll.o
                0x080051a8                lv_obj_scroll_to
 .text.lv_obj_scroll_to_view_recursive
                0x080051c4       0x36 ./Core/lvgl/src/core/lv_obj_scroll.o
                0x080051c4                lv_obj_scroll_to_view_recursive
 .text.lv_obj_get_scrollbar_area
                0x080051fa      0x6b6 ./Core/lvgl/src/core/lv_obj_scroll.o
                0x080051fa                lv_obj_get_scrollbar_area
 .text.lv_obj_scrollbar_invalidate
                0x080058b0       0x40 ./Core/lvgl/src/core/lv_obj_scroll.o
                0x080058b0                lv_obj_scrollbar_invalidate
 .text.lv_obj_readjust_scroll
                0x080058f0       0x94 ./Core/lvgl/src/core/lv_obj_scroll.o
                0x080058f0                lv_obj_readjust_scroll
 .text.refresh_children_style
                0x08005984       0x3a ./Core/lvgl/src/core/lv_obj_style.o
 .text.get_trans_style
                0x080059be       0x8a ./Core/lvgl/src/core/lv_obj_style.o
 .text.trans_del.isra.0
                0x08005a48       0xac ./Core/lvgl/src/core/lv_obj_style.o
 .text._lv_obj_style_init
                0x08005af4        0xc ./Core/lvgl/src/core/lv_obj_style.o
                0x08005af4                _lv_obj_style_init
 .text.lv_obj_enable_style_refresh
                0x08005b00        0xc ./Core/lvgl/src/core/lv_obj_style.o
                0x08005b00                lv_obj_enable_style_refresh
 .text.lv_obj_get_style_prop
                0x08005b0c      0x1a2 ./Core/lvgl/src/core/lv_obj_style.o
                0x08005b0c                lv_obj_get_style_prop
 .text.trans_anim_start_cb
                0x08005cae       0x40 ./Core/lvgl/src/core/lv_obj_style.o
 *fill*         0x08005cee        0x2 
 .text.lv_obj_refresh_style
                0x08005cf0       0xc4 ./Core/lvgl/src/core/lv_obj_style.o
                0x08005cf0                lv_obj_refresh_style
 .text.lv_obj_add_style
                0x08005db4       0xb6 ./Core/lvgl/src/core/lv_obj_style.o
                0x08005db4                lv_obj_add_style
 .text.report_style_change_core
                0x08005e6a       0x52 ./Core/lvgl/src/core/lv_obj_style.o
 .text.lv_obj_report_style_change
                0x08005ebc       0x38 ./Core/lvgl/src/core/lv_obj_style.o
                0x08005ebc                lv_obj_report_style_change
 .text.trans_anim_cb
                0x08005ef4      0x194 ./Core/lvgl/src/core/lv_obj_style.o
 .text.lv_obj_remove_style
                0x08006088      0x10a ./Core/lvgl/src/core/lv_obj_style.o
                0x08006088                lv_obj_remove_style
 *fill*         0x08006192        0x2 
 .text.trans_anim_ready_cb
                0x08006194       0xa8 ./Core/lvgl/src/core/lv_obj_style.o
 .text.lv_obj_set_local_style_prop
                0x0800623c       0xe2 ./Core/lvgl/src/core/lv_obj_style.o
                0x0800623c                lv_obj_set_local_style_prop
 .text.lv_obj_get_local_style_prop
                0x0800631e       0x40 ./Core/lvgl/src/core/lv_obj_style.o
                0x0800631e                lv_obj_get_local_style_prop
 .text.lv_obj_remove_local_style_prop
                0x0800635e       0x3c ./Core/lvgl/src/core/lv_obj_style.o
                0x0800635e                lv_obj_remove_local_style_prop
 *fill*         0x0800639a        0x2 
 .text._lv_obj_style_create_transition
                0x0800639c      0x144 ./Core/lvgl/src/core/lv_obj_style.o
                0x0800639c                _lv_obj_style_create_transition
 .text._lv_obj_style_state_compare
                0x080064e0      0x248 ./Core/lvgl/src/core/lv_obj_style.o
                0x080064e0                _lv_obj_style_state_compare
 .text.lv_obj_style_get_selector_state
                0x08006728        0x4 ./Core/lvgl/src/core/lv_obj_style.o
                0x08006728                lv_obj_style_get_selector_state
 .text.lv_obj_style_get_selector_part
                0x0800672c        0x6 ./Core/lvgl/src/core/lv_obj_style.o
                0x0800672c                lv_obj_style_get_selector_part
 .text.lv_obj_calculate_style_text_align
                0x08006732       0x26 ./Core/lvgl/src/core/lv_obj_style.o
                0x08006732                lv_obj_calculate_style_text_align
 .text.lv_obj_set_style_width
                0x08006758        0xc ./Core/lvgl/src/core/lv_obj_style_gen.o
                0x08006758                lv_obj_set_style_width
 .text.lv_obj_set_style_min_width
                0x08006764        0xc ./Core/lvgl/src/core/lv_obj_style_gen.o
                0x08006764                lv_obj_set_style_min_width
 .text.lv_obj_set_style_height
                0x08006770        0xc ./Core/lvgl/src/core/lv_obj_style_gen.o
                0x08006770                lv_obj_set_style_height
 .text.lv_obj_set_style_x
                0x0800677c        0xc ./Core/lvgl/src/core/lv_obj_style_gen.o
                0x0800677c                lv_obj_set_style_x
 .text.lv_obj_set_style_y
                0x08006788        0xc ./Core/lvgl/src/core/lv_obj_style_gen.o
                0x08006788                lv_obj_set_style_y
 .text.lv_obj_set_style_align
                0x08006794        0xc ./Core/lvgl/src/core/lv_obj_style_gen.o
                0x08006794                lv_obj_set_style_align
 .text.lv_obj_set_style_pad_top
                0x080067a0        0xc ./Core/lvgl/src/core/lv_obj_style_gen.o
                0x080067a0                lv_obj_set_style_pad_top
 .text.lv_obj_set_style_pad_bottom
                0x080067ac        0xc ./Core/lvgl/src/core/lv_obj_style_gen.o
                0x080067ac                lv_obj_set_style_pad_bottom
 .text.lv_obj_set_style_pad_left
                0x080067b8        0xc ./Core/lvgl/src/core/lv_obj_style_gen.o
                0x080067b8                lv_obj_set_style_pad_left
 .text.lv_obj_set_style_pad_right
                0x080067c4        0xc ./Core/lvgl/src/core/lv_obj_style_gen.o
                0x080067c4                lv_obj_set_style_pad_right
 .text.lv_obj_set_style_pad_column
                0x080067d0        0xc ./Core/lvgl/src/core/lv_obj_style_gen.o
                0x080067d0                lv_obj_set_style_pad_column
 .text.lv_obj_set_style_radius
                0x080067dc        0xa ./Core/lvgl/src/core/lv_obj_style_gen.o
                0x080067dc                lv_obj_set_style_radius
 .text.lv_obj_set_style_layout
                0x080067e6        0xc ./Core/lvgl/src/core/lv_obj_style_gen.o
                0x080067e6                lv_obj_set_style_layout
 .text.lv_obj_set_style_base_dir
                0x080067f2        0xc ./Core/lvgl/src/core/lv_obj_style_gen.o
                0x080067f2                lv_obj_set_style_base_dir
 .text.lv_obj_set_style_bg_img_src
                0x080067fe        0xc ./Core/lvgl/src/core/lv_obj_style_gen.o
                0x080067fe                lv_obj_set_style_bg_img_src
 .text.lv_obj_set_style_text_align
                0x0800680a        0xc ./Core/lvgl/src/core/lv_obj_style_gen.o
                0x0800680a                lv_obj_set_style_text_align
 .text.lv_obj_get_screen
                0x08006816       0x10 ./Core/lvgl/src/core/lv_obj_tree.o
                0x08006816                lv_obj_get_screen
 *fill*         0x08006826        0x2 
 .text.lv_obj_get_disp
                0x08006828       0x3c ./Core/lvgl/src/core/lv_obj_tree.o
                0x08006828                lv_obj_get_disp
 .text.lv_obj_get_parent
                0x08006864        0x6 ./Core/lvgl/src/core/lv_obj_tree.o
                0x08006864                lv_obj_get_parent
 .text.lv_obj_get_child
                0x0800686a       0x1e ./Core/lvgl/src/core/lv_obj_tree.o
                0x0800686a                lv_obj_get_child
 .text.lv_obj_get_child_cnt
                0x08006888        0x8 ./Core/lvgl/src/core/lv_obj_tree.o
                0x08006888                lv_obj_get_child_cnt
 .text.lv_obj_get_index
                0x08006890       0x38 ./Core/lvgl/src/core/lv_obj_tree.o
                0x08006890                lv_obj_get_index
 .text.obj_del_core
                0x080068c8       0xfa ./Core/lvgl/src/core/lv_obj_tree.o
 .text.lv_obj_del
                0x080069c2       0x62 ./Core/lvgl/src/core/lv_obj_tree.o
                0x080069c2                lv_obj_del
 .text.call_flush_cb
                0x08006a24       0x30 ./Core/lvgl/src/core/lv_refr.o
 .text.lv_refr_get_top_obj
                0x08006a54       0x6c ./Core/lvgl/src/core/lv_refr.o
 .text.lv_refr_obj
                0x08006ac0      0x114 ./Core/lvgl/src/core/lv_refr.o
 .text.lv_refr_obj_and_children
                0x08006bd4       0x8c ./Core/lvgl/src/core/lv_refr.o
 .text.draw_buf_flush
                0x08006c60      0x3e0 ./Core/lvgl/src/core/lv_refr.o
 .text.lv_refr_area_part
                0x08007040      0x130 ./Core/lvgl/src/core/lv_refr.o
 .text._lv_refr_init
                0x08007170        0x2 ./Core/lvgl/src/core/lv_refr.o
                0x08007170                _lv_refr_init
 .text._lv_inv_area
                0x08007172       0xcc ./Core/lvgl/src/core/lv_refr.o
                0x08007172                _lv_inv_area
 *fill*         0x0800723e        0x2 
 .text._lv_refr_get_disp_refreshing
                0x08007240        0xc ./Core/lvgl/src/core/lv_refr.o
                0x08007240                _lv_refr_get_disp_refreshing
 .text._lv_disp_refr_timer
                0x0800724c      0x38c ./Core/lvgl/src/core/lv_refr.o
                0x0800724c                _lv_disp_refr_timer
 .text.apply_theme
                0x080075d8       0x1e ./Core/lvgl/src/core/lv_theme.o
 .text.lv_theme_get_from_obj
                0x080075f6       0x16 ./Core/lvgl/src/core/lv_theme.o
                0x080075f6                lv_theme_get_from_obj
 .text.lv_theme_apply
                0x0800760c       0x28 ./Core/lvgl/src/core/lv_theme.o
                0x0800760c                lv_theme_apply
 .text.lv_theme_get_color_primary
                0x08007634       0x16 ./Core/lvgl/src/core/lv_theme.o
                0x08007634                lv_theme_get_color_primary
 .text.get_rounded_area
                0x0800764a       0x86 ./Core/lvgl/src/draw/lv_draw_arc.o
 .text.lv_draw_arc_dsc_init
                0x080076d0       0x16 ./Core/lvgl/src/draw/lv_draw_arc.o
                0x080076d0                lv_draw_arc_dsc_init
 .text.lv_draw_arc
                0x080076e6      0x87a ./Core/lvgl/src/draw/lv_draw_arc.o
                0x080076e6                lv_draw_arc
 .text.lv_draw_arc_get_area
                0x08007f60      0x444 ./Core/lvgl/src/draw/lv_draw_arc.o
                0x08007f60                lv_draw_arc_get_area
 .text.lv_color_mix
                0x080083a4       0x6c ./Core/lvgl/src/draw/lv_draw_blend.o
 .text.color_blend_true_color_additive
                0x08008410       0x94 ./Core/lvgl/src/draw/lv_draw_blend.o
 .text.color_blend_true_color_subtractive
                0x080084a4       0x8c ./Core/lvgl/src/draw/lv_draw_blend.o
 .text._lv_blend_fill
                0x08008530      0x584 ./Core/lvgl/src/draw/lv_draw_blend.o
                0x08008530                _lv_blend_fill
 .text._lv_blend_map
                0x08008ab4      0x538 ./Core/lvgl/src/draw/lv_draw_blend.o
                0x08008ab4                _lv_blend_map
 .text.show_error
                0x08008fec       0x3c ./Core/lvgl/src/draw/lv_draw_img.o
 .text.lv_draw_map
                0x08009028      0x5ac ./Core/lvgl/src/draw/lv_draw_img.o
 .text.lv_draw_img_dsc_init
                0x080095d4       0x22 ./Core/lvgl/src/draw/lv_draw_img.o
                0x080095d4                lv_draw_img_dsc_init
 *fill*         0x080095f6        0x2 
 .text.lv_img_cf_get_px_size
                0x080095f8       0x14 ./Core/lvgl/src/draw/lv_draw_img.o
                0x080095f8                lv_img_cf_get_px_size
 .text.lv_img_cf_is_chroma_keyed
                0x0800960c       0x14 ./Core/lvgl/src/draw/lv_draw_img.o
                0x0800960c                lv_img_cf_is_chroma_keyed
 .text.lv_img_cf_has_alpha
                0x08009620       0x14 ./Core/lvgl/src/draw/lv_draw_img.o
                0x08009620                lv_img_cf_has_alpha
 .text.lv_draw_img
                0x08009634      0x1d8 ./Core/lvgl/src/draw/lv_draw_img.o
                0x08009634                lv_draw_img
 .text.lv_img_src_get_type
                0x0800980c       0x1a ./Core/lvgl/src/draw/lv_draw_img.o
                0x0800980c                lv_img_src_get_type
 .text.hex_char_to_num
                0x08009826       0x24 ./Core/lvgl/src/draw/lv_draw_label.o
 *fill*         0x0800984a        0x2 
 .text.lv_draw_label_dsc_init
                0x0800984c       0x30 ./Core/lvgl/src/draw/lv_draw_label.o
                0x0800984c                lv_draw_label_dsc_init
 .text.lv_draw_letter
                0x0800987c      0x378 ./Core/lvgl/src/draw/lv_draw_label.o
                0x0800987c                lv_draw_letter
 .text.lv_draw_label
                0x08009bf4      0x528 ./Core/lvgl/src/draw/lv_draw_label.o
                0x08009bf4                lv_draw_label
 .text.lv_draw_line_dsc_init
                0x0800a11c       0x18 ./Core/lvgl/src/draw/lv_draw_line.o
                0x0800a11c                lv_draw_line_dsc_init
 .text.lv_draw_line
                0x0800a134      0x814 ./Core/lvgl/src/draw/lv_draw_line.o
                0x0800a134                lv_draw_line
 .text.mask_mix
                0x0800a948       0x1c ./Core/lvgl/src/draw/lv_draw_mask.o
 .text.lv_draw_mask_line
                0x0800a964      0x3c6 ./Core/lvgl/src/draw/lv_draw_mask.o
 .text.lv_draw_mask_angle
                0x0800ad2a      0x256 ./Core/lvgl/src/draw/lv_draw_mask.o
 .text.lv_draw_mask_radius
                0x0800af80      0x248 ./Core/lvgl/src/draw/lv_draw_mask.o
 .text.lv_draw_mask_add
                0x0800b1c8       0x2c ./Core/lvgl/src/draw/lv_draw_mask.o
                0x0800b1c8                lv_draw_mask_add
 .text.lv_draw_mask_apply
                0x0800b1f4       0x40 ./Core/lvgl/src/draw/lv_draw_mask.o
                0x0800b1f4                lv_draw_mask_apply
 .text.lv_draw_mask_remove_id
                0x0800b234       0x28 ./Core/lvgl/src/draw/lv_draw_mask.o
                0x0800b234                lv_draw_mask_remove_id
 .text.lv_draw_mask_remove_custom
                0x0800b25c       0x2c ./Core/lvgl/src/draw/lv_draw_mask.o
                0x0800b25c                lv_draw_mask_remove_custom
 .text.lv_draw_mask_free_param
                0x0800b288       0x2c ./Core/lvgl/src/draw/lv_draw_mask.o
                0x0800b288                lv_draw_mask_free_param
 .text._lv_draw_mask_cleanup
                0x0800b2b4       0x28 ./Core/lvgl/src/draw/lv_draw_mask.o
                0x0800b2b4                _lv_draw_mask_cleanup
 .text.lv_draw_mask_is_any
                0x0800b2dc       0x54 ./Core/lvgl/src/draw/lv_draw_mask.o
                0x0800b2dc                lv_draw_mask_is_any
 .text.lv_draw_mask_line_points_init
                0x0800b330      0x114 ./Core/lvgl/src/draw/lv_draw_mask.o
                0x0800b330                lv_draw_mask_line_points_init
 .text.lv_draw_mask_line_angle_init
                0x0800b444       0x4c ./Core/lvgl/src/draw/lv_draw_mask.o
                0x0800b444                lv_draw_mask_line_angle_init
 .text.lv_draw_mask_angle_init
                0x0800b490       0xa0 ./Core/lvgl/src/draw/lv_draw_mask.o
                0x0800b490                lv_draw_mask_angle_init
 .text.lv_draw_mask_radius_init
                0x0800b530      0x408 ./Core/lvgl/src/draw/lv_draw_mask.o
                0x0800b530                lv_draw_mask_radius_init
 .text.grad_get
                0x0800b938       0xa8 ./Core/lvgl/src/draw/lv_draw_rect.o
 .text.shadow_blur_corner
                0x0800b9e0      0x17a ./Core/lvgl/src/draw/lv_draw_rect.o
 *fill*         0x0800bb5a        0x2 
 .text.lv_draw_rect_dsc_init
                0x0800bb5c       0x44 ./Core/lvgl/src/draw/lv_draw_rect.o
                0x0800bb5c                lv_draw_rect_dsc_init
 .text.draw_border_generic
                0x0800bba0      0x62e ./Core/lvgl/src/draw/lv_draw_rect.o
                0x0800bba0                draw_border_generic
 .text.lv_draw_rect
                0x0800c1ce     0x1460 ./Core/lvgl/src/draw/lv_draw_rect.o
                0x0800c1ce                lv_draw_rect
 .text.lv_color_mix
                0x0800d62e       0x6c ./Core/lvgl/src/draw/lv_img_buf.o
 .text.lv_memcpy_small.isra.0
                0x0800d69a       0x14 ./Core/lvgl/src/draw/lv_img_buf.o
 .text.lv_img_buf_get_px_color
                0x0800d6ae       0xe0 ./Core/lvgl/src/draw/lv_img_buf.o
                0x0800d6ae                lv_img_buf_get_px_color
 *fill*         0x0800d78e        0x2 
 .text.lv_img_buf_get_px_alpha
                0x0800d790       0xec ./Core/lvgl/src/draw/lv_img_buf.o
                0x0800d790                lv_img_buf_get_px_alpha
 .text._lv_img_buf_transform_init
                0x0800d87c       0xfa ./Core/lvgl/src/draw/lv_img_buf.o
                0x0800d87c                _lv_img_buf_transform_init
 .text._lv_img_buf_get_transformed_area
                0x0800d976      0x1b8 ./Core/lvgl/src/draw/lv_img_buf.o
                0x0800d976                _lv_img_buf_get_transformed_area
 .text._lv_img_buf_transform_anti_alias
                0x0800db2e      0x2b8 ./Core/lvgl/src/draw/lv_img_buf.o
                0x0800db2e                _lv_img_buf_transform_anti_alias
 .text._lv_img_buf_transform
                0x0800dde6      0x142 ./Core/lvgl/src/draw/lv_img_buf.o
                0x0800dde6                _lv_img_buf_transform
 .text._lv_img_cache_open
                0x0800df28       0x58 ./Core/lvgl/src/draw/lv_img_cache.o
                0x0800df28                _lv_img_cache_open
 .text.lv_img_decoder_built_in_info
                0x0800df80       0xac ./Core/lvgl/src/draw/lv_img_decoder.o
                0x0800df80                lv_img_decoder_built_in_info
 .text.lv_img_decoder_built_in_close
                0x0800e02c       0x30 ./Core/lvgl/src/draw/lv_img_decoder.o
                0x0800e02c                lv_img_decoder_built_in_close
 .text.lv_img_decoder_built_in_read_line
                0x0800e05c      0x334 ./Core/lvgl/src/draw/lv_img_decoder.o
                0x0800e05c                lv_img_decoder_built_in_read_line
 .text.lv_img_decoder_built_in_open
                0x0800e390      0x17c ./Core/lvgl/src/draw/lv_img_decoder.o
                0x0800e390                lv_img_decoder_built_in_open
 .text.lv_img_decoder_get_info
                0x0800e50c       0x5c ./Core/lvgl/src/draw/lv_img_decoder.o
                0x0800e50c                lv_img_decoder_get_info
 .text.lv_img_decoder_open
                0x0800e568       0xbc ./Core/lvgl/src/draw/lv_img_decoder.o
                0x0800e568                lv_img_decoder_open
 .text.lv_img_decoder_read_line
                0x0800e624       0x20 ./Core/lvgl/src/draw/lv_img_decoder.o
                0x0800e624                lv_img_decoder_read_line
 .text.lv_img_decoder_close
                0x0800e644       0x22 ./Core/lvgl/src/draw/lv_img_decoder.o
                0x0800e644                lv_img_decoder_close
 *fill*         0x0800e666        0x2 
 .text.lv_img_decoder_create
                0x0800e668       0x1c ./Core/lvgl/src/draw/lv_img_decoder.o
                0x0800e668                lv_img_decoder_create
 .text._lv_img_decoder_init
                0x0800e684       0x38 ./Core/lvgl/src/draw/lv_img_decoder.o
                0x0800e684                _lv_img_decoder_init
 .text.lv_area_get_width
                0x0800e6bc        0xc ./Core/lvgl/src/extra/layouts/flex/lv_flex.o
 .text.lv_area_get_height
                0x0800e6c8        0xc ./Core/lvgl/src/extra/layouts/flex/lv_flex.o
 .text.place_content
                0x0800e6d4       0x8c ./Core/lvgl/src/extra/layouts/flex/lv_flex.o
 .text.get_next_item
                0x0800e760       0x28 ./Core/lvgl/src/extra/layouts/flex/lv_flex.o
 .text.find_track_end
                0x0800e788      0x260 ./Core/lvgl/src/extra/layouts/flex/lv_flex.o
 .text.flex_update
                0x0800e9e8      0x6ec ./Core/lvgl/src/extra/layouts/flex/lv_flex.o
 .text.lv_flex_init
                0x0800f0d4       0x54 ./Core/lvgl/src/extra/layouts/flex/lv_flex.o
                0x0800f0d4                lv_flex_init
 .text.lv_obj_set_style_flex_flow
                0x0800f128       0x10 ./Core/lvgl/src/extra/layouts/flex/lv_flex.o
                0x0800f128                lv_obj_set_style_flex_flow
 .text.lv_obj_set_flex_flow
                0x0800f138       0x20 ./Core/lvgl/src/extra/layouts/flex/lv_flex.o
                0x0800f138                lv_obj_set_flex_flow
 .text.lv_obj_set_style_flex_main_place
                0x0800f158       0x10 ./Core/lvgl/src/extra/layouts/flex/lv_flex.o
                0x0800f158                lv_obj_set_style_flex_main_place
 .text.lv_obj_set_style_flex_cross_place
                0x0800f168       0x10 ./Core/lvgl/src/extra/layouts/flex/lv_flex.o
                0x0800f168                lv_obj_set_style_flex_cross_place
 .text.lv_obj_set_style_flex_track_place
                0x0800f178       0x10 ./Core/lvgl/src/extra/layouts/flex/lv_flex.o
                0x0800f178                lv_obj_set_style_flex_track_place
 .text.lv_obj_set_flex_align
                0x0800f188       0x38 ./Core/lvgl/src/extra/layouts/flex/lv_flex.o
                0x0800f188                lv_obj_set_flex_align
 .text.lv_obj_set_style_flex_grow
                0x0800f1c0       0x10 ./Core/lvgl/src/extra/layouts/flex/lv_flex.o
                0x0800f1c0                lv_obj_set_style_flex_grow
 .text.lv_obj_set_flex_grow
                0x0800f1d0       0x18 ./Core/lvgl/src/extra/layouts/flex/lv_flex.o
                0x0800f1d0                lv_obj_set_flex_grow
 .text.grid_align
                0x0800f1e8      0x130 ./Core/lvgl/src/extra/layouts/grid/lv_grid.o
 .text.grid_update
                0x0800f318      0x7e4 ./Core/lvgl/src/extra/layouts/grid/lv_grid.o
 .text.lv_grid_init
                0x0800fafc       0xb8 ./Core/lvgl/src/extra/layouts/grid/lv_grid.o
                0x0800fafc                lv_grid_init
 .text.lv_extra_init
                0x0800fbb4        0xe ./Core/lvgl/src/extra/lv_extra.o
                0x0800fbb4                lv_extra_init
 .text.lv_color_mix
                0x0800fbc2       0x6c ./Core/lvgl/src/extra/themes/default/lv_theme_default.o
 .text.lv_color_hex
                0x0800fc2e       0x1e ./Core/lvgl/src/extra/themes/default/lv_theme_default.o
 .text.lv_color_white
                0x0800fc4c        0x6 ./Core/lvgl/src/extra/themes/default/lv_theme_default.o
 *fill*         0x0800fc52        0x2 
 .text.theme_apply
                0x0800fc54      0xce0 ./Core/lvgl/src/extra/themes/default/lv_theme_default.o
 .text.grey_filter_cb
                0x08010934       0x30 ./Core/lvgl/src/extra/themes/default/lv_theme_default.o
 .text.dark_color_filter_cb
                0x08010964        0x8 ./Core/lvgl/src/extra/themes/default/lv_theme_default.o
 .text.lv_style_set_size
                0x0801096c       0x16 ./Core/lvgl/src/extra/themes/default/lv_theme_default.o
 .text.lv_style_set_pad_all
                0x08010982       0x26 ./Core/lvgl/src/extra/themes/default/lv_theme_default.o
 .text.style_init_reset
                0x080109a8       0x14 ./Core/lvgl/src/extra/themes/default/lv_theme_default.o
 .text.lv_disp_dpx.part.0
                0x080109bc       0x2a ./Core/lvgl/src/extra/themes/default/lv_theme_default.o
 *fill*         0x080109e6        0x2 
 .text.lv_theme_default_init
                0x080109e8     0x1218 ./Core/lvgl/src/extra/themes/default/lv_theme_default.o
                0x080109e8                lv_theme_default_init
 .text.lv_theme_default_get
                0x08011c00       0x18 ./Core/lvgl/src/extra/themes/default/lv_theme_default.o
                0x08011c00                lv_theme_default_get
 .text.lv_theme_default_is_inited
                0x08011c18        0xc ./Core/lvgl/src/extra/themes/default/lv_theme_default.o
                0x08011c18                lv_theme_default_is_inited
 .text.get_month_length
                0x08011c24       0x62 ./Core/lvgl/src/extra/widgets/calendar/lv_calendar.o
 .text.draw_part_begin_event_cb
                0x08011c86       0x9e ./Core/lvgl/src/extra/widgets/calendar/lv_calendar.o
 .text.get_day_of_week.constprop.0
                0x08011d24       0x50 ./Core/lvgl/src/extra/widgets/calendar/lv_calendar.o
 .text.highlight_update
                0x08011d74       0x86 ./Core/lvgl/src/extra/widgets/calendar/lv_calendar.o
 *fill*         0x08011dfa        0x2 
 .text.lv_calendar_set_showed_date
                0x08011dfc      0x130 ./Core/lvgl/src/extra/widgets/calendar/lv_calendar.o
                0x08011dfc                lv_calendar_set_showed_date
 .text.lv_calendar_constructor
                0x08011f2c       0xb0 ./Core/lvgl/src/extra/widgets/calendar/lv_calendar.o
 .text.lv_calendar_get_showed_date
                0x08011fdc        0x4 ./Core/lvgl/src/extra/widgets/calendar/lv_calendar.o
                0x08011fdc                lv_calendar_get_showed_date
 .text.month_event_cb
                0x08011fe0       0x80 ./Core/lvgl/src/extra/widgets/calendar/lv_calendar_header_arrow.o
 .text.my_constructor
                0x08012060      0x18c ./Core/lvgl/src/extra/widgets/calendar/lv_calendar_header_arrow.o
 .text.month_event_cb
                0x080121ec       0x30 ./Core/lvgl/src/extra/widgets/calendar/lv_calendar_header_dropdown.o
 .text.year_event_cb
                0x0801221c       0x36 ./Core/lvgl/src/extra/widgets/calendar/lv_calendar_header_dropdown.o
 *fill*         0x08012252        0x2 
 .text.my_constructor
                0x08012254      0x144 ./Core/lvgl/src/extra/widgets/calendar/lv_calendar_header_dropdown.o
 .text.lv_obj_get_style_pad_left
                0x08012398        0xe ./Core/lvgl/src/extra/widgets/chart/lv_chart.o
 .text.lv_obj_get_style_width
                0x080123a6        0xe ./Core/lvgl/src/extra/widgets/chart/lv_chart.o
 .text.lv_obj_get_style_pad_column
                0x080123b4        0xe ./Core/lvgl/src/extra/widgets/chart/lv_chart.o
 .text.lv_obj_get_style_pad_top
                0x080123c2        0xe ./Core/lvgl/src/extra/widgets/chart/lv_chart.o
 .text.lv_chart_destructor
                0x080123d0       0x38 ./Core/lvgl/src/extra/widgets/chart/lv_chart.o
 .text.lv_chart_constructor
                0x08012408       0x50 ./Core/lvgl/src/extra/widgets/chart/lv_chart.o
 .text.lv_obj_get_style_border_width.constprop.0
                0x08012458       0x10 ./Core/lvgl/src/extra/widgets/chart/lv_chart.o
 .text.invalidate_point
                0x08012468      0x16a ./Core/lvgl/src/extra/widgets/chart/lv_chart.o
 *fill*         0x080125d2        0x2 
 .text.lv_chart_create
                0x080125d4       0x18 ./Core/lvgl/src/extra/widgets/chart/lv_chart.o
                0x080125d4                lv_chart_create
 .text.lv_chart_set_range
                0x080125ec       0x4e ./Core/lvgl/src/extra/widgets/chart/lv_chart.o
                0x080125ec                lv_chart_set_range
 .text.lv_chart_set_div_line_count
                0x0801263a       0x1e ./Core/lvgl/src/extra/widgets/chart/lv_chart.o
                0x0801263a                lv_chart_set_div_line_count
 .text.lv_chart_get_point_pos_by_id
                0x08012658      0x186 ./Core/lvgl/src/extra/widgets/chart/lv_chart.o
                0x08012658                lv_chart_get_point_pos_by_id
 .text.lv_chart_add_series
                0x080127de       0x94 ./Core/lvgl/src/extra/widgets/chart/lv_chart.o
                0x080127de                lv_chart_add_series
 .text.lv_chart_set_next_value
                0x08012872       0x36 ./Core/lvgl/src/extra/widgets/chart/lv_chart.o
                0x08012872                lv_chart_set_next_value
 .text.get_tick_gsc
                0x080128a8       0x22 ./Core/lvgl/src/extra/widgets/chart/lv_chart.o
                0x080128a8                get_tick_gsc
 *fill*         0x080128ca        0x2 
 .text.draw_y_ticks
                0x080128cc      0x2e0 ./Core/lvgl/src/extra/widgets/chart/lv_chart.o
 .text.draw_x_ticks
                0x08012bac      0x360 ./Core/lvgl/src/extra/widgets/chart/lv_chart.o
 .text.lv_chart_event
                0x08012f0c     0x1070 ./Core/lvgl/src/extra/widgets/chart/lv_chart.o
 .text.fast_hsv2rgb.constprop.0
                0x08013f7c       0x6a ./Core/lvgl/src/extra/widgets/colorwheel/lv_colorwheel.o
 .text.get_knob_area
                0x08013fe6       0x90 ./Core/lvgl/src/extra/widgets/colorwheel/lv_colorwheel.o
 .text.refr_knob_pos
                0x08014076       0x9e ./Core/lvgl/src/extra/widgets/colorwheel/lv_colorwheel.o
 .text.lv_colorwheel_constructor
                0x08014114       0x50 ./Core/lvgl/src/extra/widgets/colorwheel/lv_colorwheel.o
 .text.lv_colorwheel_set_hsv
                0x08014164       0x70 ./Core/lvgl/src/extra/widgets/colorwheel/lv_colorwheel.o
                0x08014164                lv_colorwheel_set_hsv
 .text.lv_colorwheel_get_rgb
                0x080141d4        0xe ./Core/lvgl/src/extra/widgets/colorwheel/lv_colorwheel.o
                0x080141d4                lv_colorwheel_get_rgb
 *fill*         0x080141e2        0x2 
 .text.lv_colorwheel_event
                0x080141e4      0x784 ./Core/lvgl/src/extra/widgets/colorwheel/lv_colorwheel.o
 .text.lv_keyboard_def_event_cb
                0x08014968      0x210 ./Core/lvgl/src/extra/widgets/keyboard/lv_keyboard.o
                0x08014968                lv_keyboard_def_event_cb
 .text.lv_keyboard_update_ctrl_map
                0x08014b78       0x6c ./Core/lvgl/src/extra/widgets/keyboard/lv_keyboard.o
 .text.lv_keyboard_update_map
                0x08014be4       0x20 ./Core/lvgl/src/extra/widgets/keyboard/lv_keyboard.o
 .text.lv_keyboard_constructor
                0x08014c04       0x4c ./Core/lvgl/src/extra/widgets/keyboard/lv_keyboard.o
 .text.lv_color_to32
                0x08014c50       0x44 ./Core/lvgl/src/extra/widgets/led/lv_led.o
 .text.lv_color_mix
                0x08014c94       0x6c ./Core/lvgl/src/extra/widgets/led/lv_led.o
 .text.lv_color_black
                0x08014d00        0x6 ./Core/lvgl/src/extra/widgets/led/lv_led.o
 *fill*         0x08014d06        0x2 
 .text.lv_led_event
                0x08014d08      0x200 ./Core/lvgl/src/extra/widgets/led/lv_led.o
 .text.lv_led_constructor
                0x08014f08       0x14 ./Core/lvgl/src/extra/widgets/led/lv_led.o
 .text.lv_meter_destructor
                0x08014f1c       0x18 ./Core/lvgl/src/extra/widgets/meter/lv_meter.o
 .text.lv_meter_constructor
                0x08014f34       0x1a ./Core/lvgl/src/extra/widgets/meter/lv_meter.o
 .text.inv_arc  0x08014f4e       0xbe ./Core/lvgl/src/extra/widgets/meter/lv_meter.o
 .text.inv_line
                0x0801500c      0x182 ./Core/lvgl/src/extra/widgets/meter/lv_meter.o
 *fill*         0x0801518e        0x2 
 .text.lv_meter_event
                0x08015190      0x93c ./Core/lvgl/src/extra/widgets/meter/lv_meter.o
 .text.lv_meter_create
                0x08015acc       0x18 ./Core/lvgl/src/extra/widgets/meter/lv_meter.o
                0x08015acc                lv_meter_create
 .text.lv_meter_add_scale
                0x08015ae4       0x38 ./Core/lvgl/src/extra/widgets/meter/lv_meter.o
                0x08015ae4                lv_meter_add_scale
 .text.lv_meter_set_scale_ticks
                0x08015b1c       0x1a ./Core/lvgl/src/extra/widgets/meter/lv_meter.o
                0x08015b1c                lv_meter_set_scale_ticks
 .text.lv_meter_set_scale_range
                0x08015b36       0x10 ./Core/lvgl/src/extra/widgets/meter/lv_meter.o
                0x08015b36                lv_meter_set_scale_range
 .text.lv_meter_add_needle_line
                0x08015b46       0x3e ./Core/lvgl/src/extra/widgets/meter/lv_meter.o
                0x08015b46                lv_meter_add_needle_line
 .text.lv_meter_add_arc
                0x08015b84       0x3e ./Core/lvgl/src/extra/widgets/meter/lv_meter.o
                0x08015b84                lv_meter_add_arc
 .text.lv_meter_add_scale_lines
                0x08015bc2       0x4a ./Core/lvgl/src/extra/widgets/meter/lv_meter.o
                0x08015bc2                lv_meter_add_scale_lines
 .text.lv_meter_set_indicator_value
                0x08015c0c       0x56 ./Core/lvgl/src/extra/widgets/meter/lv_meter.o
                0x08015c0c                lv_meter_set_indicator_value
 .text.lv_meter_set_indicator_start_value
                0x08015c62       0x3a ./Core/lvgl/src/extra/widgets/meter/lv_meter.o
                0x08015c62                lv_meter_set_indicator_start_value
 .text.lv_meter_set_indicator_end_value
                0x08015c9c       0x3a ./Core/lvgl/src/extra/widgets/meter/lv_meter.o
                0x08015c9c                lv_meter_set_indicator_end_value
 *fill*         0x08015cd6        0x2 
 .text.lv_spinbox_updatevalue
                0x08015cd8       0xec ./Core/lvgl/src/extra/widgets/spinbox/lv_spinbox.o
 .text.lv_spinbox_constructor
                0x08015dc4       0x58 ./Core/lvgl/src/extra/widgets/spinbox/lv_spinbox.o
 .text.lv_spinbox_step_next
                0x08015e1c       0x14 ./Core/lvgl/src/extra/widgets/spinbox/lv_spinbox.o
                0x08015e1c                lv_spinbox_step_next
 .text.lv_spinbox_step_prev
                0x08015e30       0x20 ./Core/lvgl/src/extra/widgets/spinbox/lv_spinbox.o
                0x08015e30                lv_spinbox_step_prev
 .text.lv_spinbox_increment
                0x08015e50       0x38 ./Core/lvgl/src/extra/widgets/spinbox/lv_spinbox.o
                0x08015e50                lv_spinbox_increment
 .text.lv_spinbox_decrement
                0x08015e88       0x38 ./Core/lvgl/src/extra/widgets/spinbox/lv_spinbox.o
                0x08015e88                lv_spinbox_decrement
 .text.lv_spinbox_event
                0x08015ec0      0x158 ./Core/lvgl/src/extra/widgets/spinbox/lv_spinbox.o
 .text.lv_spinner_constructor
                0x08016018       0x84 ./Core/lvgl/src/extra/widgets/spinner/lv_spinner.o
 .text.arc_anim_start_angle
                0x0801609c        0x6 ./Core/lvgl/src/extra/widgets/spinner/lv_spinner.o
 .text.arc_anim_end_angle
                0x080160a2        0x6 ./Core/lvgl/src/extra/widgets/spinner/lv_spinner.o
 .text.lv_tabview_destructor
                0x080160a8       0x62 ./Core/lvgl/src/extra/widgets/tabview/lv_tabview.o
 *fill*         0x0801610a        0x2 
 .text.lv_tabview_constructor
                0x0801610c      0x130 ./Core/lvgl/src/extra/widgets/tabview/lv_tabview.o
 .text.lv_tabview_get_content
                0x0801623c        0x6 ./Core/lvgl/src/extra/widgets/tabview/lv_tabview.o
                0x0801623c                lv_tabview_get_content
 .text.lv_tabview_get_tab_btns
                0x08016242        0x6 ./Core/lvgl/src/extra/widgets/tabview/lv_tabview.o
                0x08016242                lv_tabview_get_tab_btns
 .text.lv_tabview_set_act
                0x08016248       0x7a ./Core/lvgl/src/extra/widgets/tabview/lv_tabview.o
                0x08016248                lv_tabview_set_act
 *fill*         0x080162c2        0x2 
 .text.lv_tabview_event
                0x080162c4       0x34 ./Core/lvgl/src/extra/widgets/tabview/lv_tabview.o
 .text.cont_scroll_end_event_cb
                0x080162f8       0x92 ./Core/lvgl/src/extra/widgets/tabview/lv_tabview.o
 .text.btns_value_changed_event_cb
                0x0801638a       0x22 ./Core/lvgl/src/extra/widgets/tabview/lv_tabview.o
 .text.lv_tileview_constructor
                0x080163ac       0x3c ./Core/lvgl/src/extra/widgets/tileview/lv_tileview.o
 .text.tileview_event_cb
                0x080163e8       0xb2 ./Core/lvgl/src/extra/widgets/tileview/lv_tileview.o
 *fill*         0x0801649a        0x2 
 .text.lv_tileview_tile_constructor
                0x0801649c       0x78 ./Core/lvgl/src/extra/widgets/tileview/lv_tileview.o
 .text.lv_win_constructor
                0x08016514       0x74 ./Core/lvgl/src/extra/widgets/win/lv_win.o
 .text.lv_font_get_glyph_bitmap
                0x08016588        0x8 ./Core/lvgl/src/font/lv_font.o
                0x08016588                lv_font_get_glyph_bitmap
 .text.lv_font_get_glyph_dsc
                0x08016590       0x10 ./Core/lvgl/src/font/lv_font.o
                0x08016590                lv_font_get_glyph_dsc
 .text.lv_font_get_glyph_width
                0x080165a0       0x1c ./Core/lvgl/src/font/lv_font.o
                0x080165a0                lv_font_get_glyph_width
 .text.kern_pair_8_compare
                0x080165bc       0x12 ./Core/lvgl/src/font/lv_font_fmt_txt.o
 .text.kern_pair_16_compare
                0x080165ce       0x12 ./Core/lvgl/src/font/lv_font_fmt_txt.o
 .text.unicode_list_compare
                0x080165e0        0x8 ./Core/lvgl/src/font/lv_font_fmt_txt.o
 .text.get_glyph_dsc_id
                0x080165e8       0xd4 ./Core/lvgl/src/font/lv_font_fmt_txt.o
 .text.lv_font_get_bitmap_fmt_txt
                0x080166bc       0x2a ./Core/lvgl/src/font/lv_font_fmt_txt.o
                0x080166bc                lv_font_get_bitmap_fmt_txt
 *fill*         0x080166e6        0x2 
 .text.lv_font_get_glyph_dsc_fmt_txt
                0x080166e8      0x13c ./Core/lvgl/src/font/lv_font_fmt_txt.o
                0x080166e8                lv_font_get_glyph_dsc_fmt_txt
 .text._lv_font_clean_up_fmt_txt
                0x08016824        0x2 ./Core/lvgl/src/font/lv_font_fmt_txt.o
                0x08016824                _lv_font_clean_up_fmt_txt
 *fill*         0x08016826        0x2 
 .text.lv_disp_drv_init
                0x08016828       0x34 ./Core/lvgl/src/hal/lv_hal_disp.o
                0x08016828                lv_disp_drv_init
 .text.lv_disp_draw_buf_init
                0x0801685c       0x1a ./Core/lvgl/src/hal/lv_hal_disp.o
                0x0801685c                lv_disp_draw_buf_init
 *fill*         0x08016876        0x2 
 .text.lv_disp_drv_register
                0x08016878      0x108 ./Core/lvgl/src/hal/lv_hal_disp.o
                0x08016878                lv_disp_drv_register
 .text.lv_disp_get_default
                0x08016980        0xc ./Core/lvgl/src/hal/lv_hal_disp.o
                0x08016980                lv_disp_get_default
 .text.lv_disp_get_hor_res
                0x0801698c       0x20 ./Core/lvgl/src/hal/lv_hal_disp.o
                0x0801698c                lv_disp_get_hor_res
 .text.lv_disp_get_ver_res
                0x080169ac       0x20 ./Core/lvgl/src/hal/lv_hal_disp.o
                0x080169ac                lv_disp_get_ver_res
 .text.lv_disp_get_dpi
                0x080169cc       0x1c ./Core/lvgl/src/hal/lv_hal_disp.o
                0x080169cc                lv_disp_get_dpi
 .text.lv_disp_flush_ready
                0x080169e8        0xa ./Core/lvgl/src/hal/lv_hal_disp.o
                0x080169e8                lv_disp_flush_ready
 *fill*         0x080169f2        0x2 
 .text.lv_disp_get_next
                0x080169f4       0x14 ./Core/lvgl/src/hal/lv_hal_disp.o
                0x080169f4                lv_disp_get_next
 .text.lv_disp_get_draw_buf
                0x08016a08        0x6 ./Core/lvgl/src/hal/lv_hal_disp.o
                0x08016a08                lv_disp_get_draw_buf
 *fill*         0x08016a0e        0x2 
 .text.lv_indev_get_next
                0x08016a10       0x14 ./Core/lvgl/src/hal/lv_hal_indev.o
                0x08016a10                lv_indev_get_next
 .text.lv_tick_inc
                0x08016a24       0x18 ./Core/lvgl/src/hal/lv_hal_tick.o
                0x08016a24                lv_tick_inc
 .text.lv_tick_get
                0x08016a3c       0x1c ./Core/lvgl/src/hal/lv_hal_tick.o
                0x08016a3c                lv_tick_get
 .text.lv_tick_elaps
                0x08016a58        0xc ./Core/lvgl/src/hal/lv_hal_tick.o
                0x08016a58                lv_tick_elaps
 .text.lv_anim_path_linear
                0x08016a64       0x26 ./Core/lvgl/src/misc/lv_anim.o
                0x08016a64                lv_anim_path_linear
 *fill*         0x08016a8a        0x2 
 .text.anim_mark_list_change
                0x08016a8c       0x34 ./Core/lvgl/src/misc/lv_anim.o
 .text.anim_timer
                0x08016ac0      0x178 ./Core/lvgl/src/misc/lv_anim.o
 .text._lv_anim_core_init
                0x08016c38       0x34 ./Core/lvgl/src/misc/lv_anim.o
                0x08016c38                _lv_anim_core_init
 .text.lv_anim_init
                0x08016c6c       0x34 ./Core/lvgl/src/misc/lv_anim.o
                0x08016c6c                lv_anim_init
 .text.lv_anim_del
                0x08016ca0       0x58 ./Core/lvgl/src/misc/lv_anim.o
                0x08016ca0                lv_anim_del
 .text.lv_anim_start
                0x08016cf8       0x88 ./Core/lvgl/src/misc/lv_anim.o
                0x08016cf8                lv_anim_start
 .text.lv_anim_get
                0x08016d80       0x30 ./Core/lvgl/src/misc/lv_anim.o
                0x08016d80                lv_anim_get
 .text.lv_anim_speed_to_time
                0x08016db0       0x1c ./Core/lvgl/src/misc/lv_anim.o
                0x08016db0                lv_anim_speed_to_time
 .text.lv_anim_path_ease_out
                0x08016dcc       0x36 ./Core/lvgl/src/misc/lv_anim.o
                0x08016dcc                lv_anim_path_ease_out
 .text.lv_anim_path_ease_in_out
                0x08016e02       0x34 ./Core/lvgl/src/misc/lv_anim.o
                0x08016e02                lv_anim_path_ease_in_out
 .text.lv_anim_path_step
                0x08016e36        0xe ./Core/lvgl/src/misc/lv_anim.o
                0x08016e36                lv_anim_path_step
 .text.lv_point_within_circle.isra.0
                0x08016e44       0x34 ./Core/lvgl/src/misc/lv_area.o
 .text.lv_area_set
                0x08016e78        0xe ./Core/lvgl/src/misc/lv_area.o
                0x08016e78                lv_area_set
 .text.lv_area_set_width
                0x08016e86        0xa ./Core/lvgl/src/misc/lv_area.o
                0x08016e86                lv_area_set_width
 .text.lv_area_set_height
                0x08016e90        0xa ./Core/lvgl/src/misc/lv_area.o
                0x08016e90                lv_area_set_height
 .text.lv_area_get_size
                0x08016e9a       0x1c ./Core/lvgl/src/misc/lv_area.o
                0x08016e9a                lv_area_get_size
 .text.lv_area_increase
                0x08016eb6       0x1e ./Core/lvgl/src/misc/lv_area.o
                0x08016eb6                lv_area_increase
 .text.lv_area_move
                0x08016ed4       0x22 ./Core/lvgl/src/misc/lv_area.o
                0x08016ed4                lv_area_move
 .text._lv_area_intersect
                0x08016ef6       0x56 ./Core/lvgl/src/misc/lv_area.o
                0x08016ef6                _lv_area_intersect
 .text._lv_area_join
                0x08016f4c       0x44 ./Core/lvgl/src/misc/lv_area.o
                0x08016f4c                _lv_area_join
 .text._lv_area_is_point_on
                0x08016f90      0x12a ./Core/lvgl/src/misc/lv_area.o
                0x08016f90                _lv_area_is_point_on
 .text._lv_area_is_on
                0x080170ba       0x3a ./Core/lvgl/src/misc/lv_area.o
                0x080170ba                _lv_area_is_on
 .text._lv_area_is_in
                0x080170f4       0x92 ./Core/lvgl/src/misc/lv_area.o
                0x080170f4                _lv_area_is_in
 .text._lv_area_is_out
                0x08017186       0x96 ./Core/lvgl/src/misc/lv_area.o
                0x08017186                _lv_area_is_out
 .text.lv_color_mix
                0x0801721c       0x6c ./Core/lvgl/src/misc/lv_color.o
 .text.lv_color_black
                0x08017288        0x6 ./Core/lvgl/src/misc/lv_color.o
 .text.lv_color_fill
                0x0801728e       0x42 ./Core/lvgl/src/misc/lv_color.o
                0x0801728e                lv_color_fill
 .text.lv_color_darken
                0x080172d0       0x14 ./Core/lvgl/src/misc/lv_color.o
                0x080172d0                lv_color_darken
 .text.lv_color_hsv_to_rgb
                0x080172e4       0xd0 ./Core/lvgl/src/misc/lv_color.o
                0x080172e4                lv_color_hsv_to_rgb
 .text.lv_palette_main
                0x080173b4       0x14 ./Core/lvgl/src/misc/lv_color.o
                0x080173b4                lv_palette_main
 .text.lv_palette_lighten
                0x080173c8       0x24 ./Core/lvgl/src/misc/lv_color.o
                0x080173c8                lv_palette_lighten
 .text.lv_palette_darken
                0x080173ec       0x20 ./Core/lvgl/src/misc/lv_color.o