../Core/peripherals/Src/dfplayer_mini.c:48:6:Send_cmd	32	static
../Core/peripherals/Src/dfplayer_mini.c:61:6:DF_Standby	4	static
../Core/peripherals/Src/dfplayer_mini.c:65:6:DF_PlayFromStart	8	static
../Core/peripherals/Src/dfplayer_mini.c:70:6:DF_PlayStartSound	8	static
../Core/peripherals/Src/dfplayer_mini.c:75:6:DF_Init	16	static
../Core/peripherals/Src/dfplayer_mini.c:83:6:DF_Next	8	static
../Core/peripherals/Src/dfplayer_mini.c:87:6:DF_Pause	8	static
../Core/peripherals/Src/dfplayer_mini.c:91:6:DF_Previous	8	static
../Core/peripherals/Src/dfplayer_mini.c:95:6:DF_Playback	8	static
../Core/peripherals/Src/dfplayer_mini.c:113:6:DFPlayer_playFolder_	16	static
../Core/peripherals/Src/dfplayer_mini.c:116:6:DFPlayer_playFolder	16	static
../Core/peripherals/Src/dfplayer_mini.c:122:6:say_time_now	24	static
../Core/peripherals/Src/dfplayer_mini.c:171:6:DFPlayer_setVolume	16	static
../Core/peripherals/Src/dfplayer_mini.c:177:6:DFPlayer_volumeUp	8	static
../Core/peripherals/Src/dfplayer_mini.c:190:6:DFPlayer_volumeDown	8	static
../Core/peripherals/Src/dfplayer_mini.c:194:6:DFPlayer_reset	8	static
