../Core/peripherals/Src/../Inc/i2cDev.h:36:8:readBit	32	static
../Core/peripherals/Src/../Inc/i2cDev.h:43:8:readBits	32	static
../Core/peripherals/Src/../Inc/i2cDev.h:59:8:readByte	32	static
../Core/peripherals/Src/../Inc/i2cDev.h:63:8:readBytes	40	static
../Core/peripherals/Src/../Inc/i2cDev.h:69:8:readWord	40	static
../Core/peripherals/Src/../Inc/i2cDev.h:77:8:read32Bits	48	static
../Core/peripherals/Src/../Inc/i2cDev.h:88:6:writeBit	32	static
../Core/peripherals/Src/../Inc/i2cDev.h:95:6:writeBits	32	static
../Core/peripherals/Src/../Inc/i2cDev.h:116:6:writeByte	24	static
../Core/peripherals/Src/../Inc/i2cDev.h:120:6:writeBytes	40	static
../Core/peripherals/Src/../Inc/i2cDev.h:125:6:writeWord	32	static
../Core/peripherals/Src/../Inc/i2cDev.h:132:6:write32Bits	40	static
../Core/peripherals/Src/lv53l0x.c:20:10:vl53_read_cm	8	static
../Core/peripherals/Src/lv53l0x.c:23:6:InitVL53	8	static
../Core/peripherals/Src/lv53l0x.c:45:6:setup_VL53L0X	16	static
../Core/peripherals/Src/lv53l0x.c:51:6:setAddress	16	static
../Core/peripherals/Src/lv53l0x.c:57:9:getAddress	16	static
../Core/peripherals/Src/lv53l0x.c:62:9:getWhoAmI	16	static
../Core/peripherals/Src/lv53l0x.c:75:6:init	40	static
../Core/peripherals/Src/lv53l0x.c:300:6:writeReg	16	static
../Core/peripherals/Src/lv53l0x.c:307:6:writeReg16Bit	16	static
../Core/peripherals/Src/lv53l0x.c:314:6:writeReg32Bit	24	static
../Core/peripherals/Src/lv53l0x.c:321:9:readReg	32	static
../Core/peripherals/Src/lv53l0x.c:331:10:readReg16Bit	32	static
../Core/peripherals/Src/lv53l0x.c:341:10:readReg32Bit	32	static
../Core/peripherals/Src/lv53l0x.c:351:6:writeMulti	32	static
../Core/peripherals/Src/lv53l0x.c:359:6:readMulti	32	static
../Core/peripherals/Src/lv53l0x.c:373:6:setSignalRateLimit	16	static
../Core/peripherals/Src/lv53l0x.c:383:7:getSignalRateLimit	16	static
../Core/peripherals/Src/lv53l0x.c:395:6:setMeasurementTimingBudget	80	static
../Core/peripherals/Src/lv53l0x.c:484:10:getMeasurementTimingBudget	64	static
../Core/peripherals/Src/lv53l0x.c:538:6:setVcselPulsePeriod	56	static
../Core/peripherals/Src/lv53l0x.c:715:9:getVcselPulsePeriod	16	static
../Core/peripherals/Src/lv53l0x.c:734:6:startContinuous	24	static
../Core/peripherals/Src/lv53l0x.c:773:6:stopContinuous	16	static
../Core/peripherals/Src/lv53l0x.c:787:10:readRangeContinuousMillimeters	24	static
../Core/peripherals/Src/lv53l0x.c:811:10:readRangeSingleMillimeters	16	static
../Core/peripherals/Src/lv53l0x.c:837:6:setTimeout	16	static
../Core/peripherals/Src/lv53l0x.c:842:10:getTimeout	16	static
../Core/peripherals/Src/lv53l0x.c:849:6:timeoutOccurred	24	static
../Core/peripherals/Src/lv53l0x.c:861:6:getSpadInfo	32	static
../Core/peripherals/Src/lv53l0x.c:903:6:getSequenceStepEnables	24	static
../Core/peripherals/Src/lv53l0x.c:918:6:getSequenceStepTimeouts	24	static
../Core/peripherals/Src/lv53l0x.c:952:10:decodeTimeout	16	static
../Core/peripherals/Src/lv53l0x.c:963:10:encodeTimeout	24	static
../Core/peripherals/Src/lv53l0x.c:987:10:timeoutMclksToMicroseconds	24	static
../Core/peripherals/Src/lv53l0x.c:996:10:timeoutMicrosecondsToMclks	24	static
../Core/peripherals/Src/lv53l0x.c:1005:6:performSingleRefCalibration	16	static
../Core/peripherals/Src/lv53l0x.c:1025:6:startTimeout	16	static
../Core/peripherals/Src/lv53l0x.c:1031:6:checkTimeoutExpired	16	static
../Core/peripherals/Src/lv53l0x.c:1046:9:decodeVcselPeriod	16	static
../Core/peripherals/Src/lv53l0x.c:1053:9:encodeVcselPeriod	16	static
../Core/peripherals/Src/lv53l0x.c:1061:10:calcMacroPeriod	16	static
