../Core/lvgl/src/widgets/lv_btnmatrix.c:375:13:lv_btnmatrix_destructor	8	static
../Core/lvgl/src/widgets/../core/lv_obj_style_gen.h:121:26:lv_obj_get_style_pad_column.constprop	8	static
../Core/lvgl/src/widgets/lv_btnmatrix.c:94:6:lv_btnmatrix_set_map.part.0	112	static
../Core/lvgl/src/widgets/lv_btnmatrix.c:357:13:lv_btnmatrix_constructor	0	static
../Core/lvgl/src/widgets/lv_btnmatrix.c:653:13:draw_main	344	static
../Core/lvgl/src/widgets/lv_btnmatrix.c:922:17:get_button_from_point	88	static
../Core/lvgl/src/widgets/lv_btnmatrix.c:975:13:invalidate_button_area	40	static
../Core/lvgl/src/widgets/lv_btnmatrix.c:82:12:lv_btnmatrix_create	8	static
../Core/lvgl/src/widgets/lv_btnmatrix.c:94:6:lv_btnmatrix_set_map	0	static
../Core/lvgl/src/widgets/lv_btnmatrix.c:185:6:lv_btnmatrix_set_ctrl_map	8	static
../Core/lvgl/src/widgets/lv_btnmatrix.c:195:6:lv_btnmatrix_set_selected_btn	16	static
../Core/lvgl/src/widgets/lv_btnmatrix.c:228:6:lv_btnmatrix_clear_btn_ctrl	16	static
../Core/lvgl/src/widgets/lv_btnmatrix.c:255:6:lv_btnmatrix_clear_btn_ctrl_all	16	static
../Core/lvgl/src/widgets/lv_btnmatrix.c:208:6:lv_btnmatrix_set_btn_ctrl	16	static
../Core/lvgl/src/widgets/lv_btnmatrix.c:244:6:lv_btnmatrix_set_btn_ctrl_all	16	static
../Core/lvgl/src/widgets/lv_btnmatrix.c:266:6:lv_btnmatrix_set_btn_width	8	static
../Core/lvgl/src/widgets/lv_btnmatrix.c:293:15:lv_btnmatrix_get_map	0	static
../Core/lvgl/src/widgets/lv_btnmatrix.c:301:10:lv_btnmatrix_get_selected_btn	0	static
../Core/lvgl/src/widgets/lv_btnmatrix.c:309:14:lv_btnmatrix_get_btn_text	32	static
../Core/lvgl/src/widgets/lv_btnmatrix.c:334:6:lv_btnmatrix_has_btn_ctrl	0	static
../Core/lvgl/src/widgets/lv_btnmatrix.c:1016:13:make_one_button_checked	16	static
../Core/lvgl/src/widgets/lv_btnmatrix.c:387:13:lv_btnmatrix_event	40	static
../Core/lvgl/src/widgets/lv_btnmatrix.c:278:6:lv_btnmatrix_set_one_checked	0	static
../Core/lvgl/src/widgets/lv_btnmatrix.c:344:6:lv_btnmatrix_get_one_checked	0	static
