../Core/lvgl/src/widgets/../core/../misc/lv_color.h:461:48:lv_color_mix	20	static
../Core/lvgl/src/widgets/lv_canvas.c:916:13:lv_canvas_destructor	0	static
../Core/lvgl/src/widgets/lv_canvas.c:897:13:lv_canvas_constructor	0	static
../Core/lvgl/src/widgets/../core/lv_obj_style_gen.h:368:26:lv_obj_get_style_img_recolor.constprop	8	static
../Core/lvgl/src/widgets/../core/../misc/lv_color.h:618:26:lv_color_hex.constprop	0	static
../Core/lvgl/src/widgets/lv_canvas.c:50:12:lv_canvas_create	8	static
../Core/lvgl/src/widgets/lv_canvas.c:62:6:lv_canvas_set_buffer	8	static
../Core/lvgl/src/widgets/lv_canvas.c:77:6:lv_canvas_set_px	8	static
../Core/lvgl/src/widgets/lv_canvas.c:87:6:lv_canvas_set_palette	8	static
../Core/lvgl/src/widgets/lv_canvas.c:101:12:lv_canvas_get_px	16	static
../Core/lvgl/src/widgets/lv_canvas.c:111:16:lv_canvas_get_img	0	static
../Core/lvgl/src/widgets/lv_canvas.c:123:6:lv_canvas_copy_buf	32	static
../Core/lvgl/src/widgets/lv_canvas.c:146:6:lv_canvas_transform	152	static
../Core/lvgl/src/widgets/lv_canvas.c:249:6:lv_canvas_blur_hor	144	static
../Core/lvgl/src/widgets/lv_canvas.c:377:6:lv_canvas_blur_ver	144	static
../Core/lvgl/src/widgets/lv_canvas.c:510:6:lv_canvas_fill_bg	40	static
../Core/lvgl/src/widgets/lv_canvas.c:539:6:lv_canvas_draw_rect	488	static
../Core/lvgl/src/widgets/lv_canvas.c:600:6:lv_canvas_draw_text	488	static
../Core/lvgl/src/widgets/lv_canvas.c:654:6:lv_canvas_draw_img	496	static
../Core/lvgl/src/widgets/lv_canvas.c:715:6:lv_canvas_draw_line	488	static
../Core/lvgl/src/widgets/lv_canvas.c:772:6:lv_canvas_draw_polygon	488	static
../Core/lvgl/src/widgets/lv_canvas.c:827:6:lv_canvas_draw_arc	512	static
