../Core/lvgl/src/widgets/lv_dropdown.c:597:13:lv_dropdownlist_destructor	0	static
../Core/lvgl/src/widgets/lv_dropdown.c:1095:19:get_label	0	static
../Core/lvgl/src/widgets/lv_dropdown.c:1075:13:position_to_selected	16	static
../Core/lvgl/src/widgets/lv_dropdown.c:586:13:lv_dropdownlist_constructor	16	static
../Core/lvgl/src/widgets/lv_dropdown.c:570:13:lv_dropdown_destructor	16	static
../Core/lvgl/src/widgets/lv_dropdown.c:920:13:draw_box_label	80	static
../Core/lvgl/src/widgets/lv_dropdown.c:882:13:draw_box	104	static
../Core/lvgl/src/widgets/lv_dropdown.c:1051:17:get_id_on_point	24	static
../Core/lvgl/src/widgets/lv_dropdown.c:91:12:lv_dropdown_create	8	static
../Core/lvgl/src/widgets/lv_dropdown.c:103:6:lv_dropdown_set_text	0	static
../Core/lvgl/src/widgets/lv_dropdown.c:114:6:lv_dropdown_set_options	24	static
../Core/lvgl/src/widgets/lv_dropdown.c:161:6:lv_dropdown_set_options_static	16	static
../Core/lvgl/src/widgets/lv_dropdown.c:544:13:lv_dropdown_constructor	8	static
../Core/lvgl/src/widgets/lv_dropdown.c:190:6:lv_dropdown_add_option	40	static
../Core/lvgl/src/widgets/lv_dropdown.c:261:6:lv_dropdown_clear_options	8	static
../Core/lvgl/src/widgets/lv_dropdown.c:278:6:lv_dropdown_set_selected	0	static
../Core/lvgl/src/widgets/lv_dropdown.c:291:6:lv_dropdown_set_dir	4	static
../Core/lvgl/src/widgets/lv_dropdown.c:303:6:lv_dropdown_set_symbol	0	static
../Core/lvgl/src/widgets/lv_dropdown.c:312:6:lv_dropdown_set_selected_highlight	0	static
../Core/lvgl/src/widgets/lv_dropdown.c:325:12:lv_dropdown_get_list	0	static
../Core/lvgl/src/widgets/lv_dropdown.c:334:14:lv_dropdown_get_text	0	static
../Core/lvgl/src/widgets/lv_dropdown.c:342:14:lv_dropdown_get_options	0	static
../Core/lvgl/src/widgets/lv_dropdown.c:350:10:lv_dropdown_get_selected	0	static
../Core/lvgl/src/widgets/lv_dropdown.c:359:10:lv_dropdown_get_option_cnt	0	static
../Core/lvgl/src/widgets/lv_dropdown.c:368:6:lv_dropdown_get_selected_str	24	static
../Core/lvgl/src/widgets/lv_dropdown.c:394:14:lv_dropdown_get_symbol	0	static
../Core/lvgl/src/widgets/lv_dropdown.c:401:6:lv_dropdown_get_selected_highlight	0	static
../Core/lvgl/src/widgets/lv_dropdown.c:408:10:lv_dropdown_get_dir	0	static
../Core/lvgl/src/widgets/lv_dropdown.c:419:6:lv_dropdown_open	32	static
../Core/lvgl/src/widgets/lv_dropdown.c:521:6:lv_dropdown_close	8	static
../Core/lvgl/src/widgets/lv_dropdown.c:696:13:lv_dropdown_list_event	32	static
../Core/lvgl/src/widgets/lv_dropdown.c:964:17:btn_release_handler.isra	24	static
../Core/lvgl/src/widgets/lv_dropdown.c:606:13:lv_dropdown_event	152	static
