../Core/lvgl/src/widgets/lv_roller.c:759:13:set_y_anim	0	static
../Core/lvgl/src/widgets/../core/lv_obj_style_gen.h:332:33:lv_obj_get_style_text_font	8	static
../Core/lvgl/src/widgets/lv_roller.c:733:19:get_label	0	static
../Core/lvgl/src/widgets/../core/lv_obj_style_gen.h:344:26:lv_obj_get_style_text_line_space.constprop	8	static
../Core/lvgl/src/widgets/lv_roller.c:549:13:get_sel_area	32	static
../Core/lvgl/src/widgets/lv_roller.c:705:13:inf_normalize	24	static
../Core/lvgl/src/widgets/lv_roller.c:752:13:scroll_anim_ready_cb	8	static
../Core/lvgl/src/widgets/lv_roller.c:96:6:lv_roller_set_options.part.0	40	static
../Core/lvgl/src/widgets/lv_roller.c:291:13:lv_roller_constructor	16	static
../Core/lvgl/src/widgets/lv_roller.c:739:19:get_selected_label_width	48	static
../Core/lvgl/src/widgets/lv_roller.c:573:13:refr_position	112	static
../Core/lvgl/src/widgets/lv_roller.c:415:13:lv_roller_label_event	72	static
../Core/lvgl/src/widgets/lv_roller.c:78:12:lv_roller_create	8	static
../Core/lvgl/src/widgets/lv_roller.c:96:6:lv_roller_set_options	0	static
../Core/lvgl/src/widgets/lv_roller.c:152:6:lv_roller_set_selected	8	static
../Core/lvgl/src/widgets/lv_roller.c:312:13:lv_roller_event	144	static
../Core/lvgl/src/widgets/lv_roller.c:188:6:lv_roller_set_visible_row_count	24	static
../Core/lvgl/src/widgets/lv_roller.c:207:10:lv_roller_get_selected	0	static
../Core/lvgl/src/widgets/lv_roller.c:227:6:lv_roller_get_selected_str	24	static
../Core/lvgl/src/widgets/lv_roller.c:260:14:lv_roller_get_options	8	static
../Core/lvgl/src/widgets/lv_roller.c:273:10:lv_roller_get_option_cnt	0	static
