../Core/peripherals/Src/esp.c:11:6:HAL_UART_RxCpltCallback	8	static
../Core/peripherals/Src/esp.c:22:9:get_time_second	0	static
../Core/peripherals/Src/esp.c:30:9:get_time_minute	0	static
../Core/peripherals/Src/esp.c:39:9:get_time_hour	0	static
../Core/peripherals/Src/esp.c:48:9:get_time_mday	0	static
../Core/peripherals/Src/esp.c:56:9:get_time_month	0	static
../Core/peripherals/Src/esp.c:64:9:get_time_wday	0	static
../Core/peripherals/Src/esp.c:73:9:get_start_day	0	static
../Core/peripherals/Src/esp.c:81:9:get_end_day	0	static
../Core/peripherals/Src/esp.c:90:7:get_weather_temperature	0	static
../Core/peripherals/Src/esp.c:99:9:get_weather_humidity	0	static
../Core/peripherals/Src/esp.c:107:7:get_weather_wind	0	static
../Core/peripherals/Src/esp.c:115:9:get_weather_clouds	0	static
../Core/peripherals/Src/esp.c:123:7:get_weather_rain	0	static
../Core/peripherals/Src/esp.c:131:7:get_weather_snow	0	static
../Core/peripherals/Src/esp.c:139:10:get_weather_press	0	static
../Core/peripherals/Src/esp.c:147:9:get_wifi	0	static
