../Core/peripherals/Src/esp.c:34:6:init_filter_esp	24	static
../Core/peripherals/Src/esp.c:47:9:convertBytesToInt16	0	static
../Core/peripherals/Src/esp.c:50:9:constrain_values	8	static
../Core/peripherals/Src/esp.c:56:6:check_valid	0	static
../Core/peripherals/Src/esp.c:63:6:esp_read	8	static
../Core/peripherals/Src/esp.c:185:9:read_time_hour	0	static
../Core/peripherals/Src/esp.c:191:9:read_time_minute	0	static
../Core/peripherals/Src/esp.c:194:9:read_time_mday	0	static
../Core/peripherals/Src/esp.c:197:9:read_time_month	0	static
../Core/peripherals/Src/esp.c:200:9:read_time_wday	0	static
../Core/peripherals/Src/esp.c:203:7:map_esp	0	static
../Core/peripherals/Src/esp.c:206:7:read_weather_temperature	0	static
../Core/peripherals/Src/esp.c:213:9:read_weather_humidity	0	static
../Core/peripherals/Src/esp.c:217:9:read_weather_wind	0	static
../Core/peripherals/Src/esp.c:226:9:read_weather_clouds	8	static
../Core/peripherals/Src/esp.c:234:9:read_weather_rain	8	static
../Core/peripherals/Src/esp.c:242:9:read_weather_snow	8	static
../Core/peripherals/Src/esp.c:250:10:read_weather_press	0	static
../Core/peripherals/Src/esp.c:253:9:read_wifi	0	static
