../Core/peripherals/Src/lv53l0x.c:45:6:setup_VL53L0X	0	static
../Core/peripherals/Src/lv53l0x.c:57:9:getAddress	0	static
../Core/peripherals/Src/lv53l0x.c:300:6:writeReg	32	static
../Core/peripherals/Src/lv53l0x.c:51:6:setAddress	16	static
../Core/peripherals/Src/lv53l0x.c:307:6:writeReg16Bit	40	static
../Core/peripherals/Src/lv53l0x.c:314:6:writeReg32Bit	40	static
../Core/peripherals/Src/lv53l0x.c:321:9:readReg	32	static
../Core/peripherals/Src/lv53l0x.c:62:9:getWhoAmI	0	static
../Core/peripherals/Src/lv53l0x.c:331:10:readReg16Bit	32	static
../Core/peripherals/Src/lv53l0x.c:341:10:readReg32Bit	32	static
../Core/peripherals/Src/lv53l0x.c:351:6:writeMulti	32	static
../Core/peripherals/Src/lv53l0x.c:359:6:readMulti	32	static
../Core/peripherals/Src/lv53l0x.c:373:6:setSignalRateLimit	16	static
../Core/peripherals/Src/lv53l0x.c:383:7:getSignalRateLimit	8	static
../Core/peripherals/Src/lv53l0x.c:715:9:getVcselPulsePeriod	8	static
../Core/peripherals/Src/lv53l0x.c:734:6:startContinuous	16	static
../Core/peripherals/Src/lv53l0x.c:773:6:stopContinuous	8	static
../Core/peripherals/Src/lv53l0x.c:837:6:setTimeout	0	static
../Core/peripherals/Src/lv53l0x.c:842:10:getTimeout	0	static
../Core/peripherals/Src/lv53l0x.c:849:6:timeoutOccurred	0	static
../Core/peripherals/Src/lv53l0x.c:903:6:getSequenceStepEnables	8	static
../Core/peripherals/Src/lv53l0x.c:952:10:decodeTimeout	0	static
../Core/peripherals/Src/lv53l0x.c:963:10:encodeTimeout	0	static
../Core/peripherals/Src/lv53l0x.c:987:10:timeoutMclksToMicroseconds	8	static
../Core/peripherals/Src/lv53l0x.c:918:6:getSequenceStepTimeouts	16	static
../Core/peripherals/Src/lv53l0x.c:484:10:getMeasurementTimingBudget	40	static
../Core/peripherals/Src/lv53l0x.c:996:10:timeoutMicrosecondsToMclks	0	static
../Core/peripherals/Src/lv53l0x.c:395:6:setMeasurementTimingBudget	56	static
../Core/peripherals/Src/lv53l0x.c:1025:6:startTimeout	8	static
../Core/peripherals/Src/lv53l0x.c:1031:6:checkTimeoutExpired	8	static
../Core/peripherals/Src/lv53l0x.c:787:10:readRangeContinuousMillimeters	16	static
../Core/peripherals/Src/lv53l0x.c:20:10:vl53_read_cm	8	static
../Core/peripherals/Src/lv53l0x.c:811:10:readRangeSingleMillimeters	8	static
../Core/peripherals/Src/lv53l0x.c:861:6:getSpadInfo	24	static
../Core/peripherals/Src/lv53l0x.c:1005:6:performSingleRefCalibration	16	static
../Core/peripherals/Src/lv53l0x.c:75:6:init	40	static
../Core/peripherals/Src/lv53l0x.c:538:6:setVcselPulsePeriod	56	static
../Core/peripherals/Src/lv53l0x.c:23:6:InitVL53	8	static
../Core/peripherals/Src/lv53l0x.c:1046:9:decodeVcselPeriod	0	static
../Core/peripherals/Src/lv53l0x.c:1053:9:encodeVcselPeriod	0	static
../Core/peripherals/Src/lv53l0x.c:1061:10:calcMacroPeriod	0	static
